
 Start Length Name Class
 0001:00401000 0000B0FE8H _TEXT                  CODE
 0002:004B2000 000005B68H _DATA                  DATA
 0003:004B7B68 000004654H _BSS                   BSS
 0004:00000000 0000000B4H _TLS                   TLS


Detailed map of segments
 0001:00000464 0000014F C=CODE    S=_TEXT    G=(none)   M=C:\ARCHIVOS DE PROGRAMA\BORLAND\CBUILDER6\LIB\C0W32.OBJ ACBP=A9
 0001:000005B3 00000135 C=CODE    S=_TEXT    G=(none)   M=C:\ARCHIVOS DE PROGRAMA\BORLAND\CBUILDER6\LIB\OBJ\SYSINIT.OBJ ACBP=A9
 0001:000006E8 00000390 C=CODE    S=_TEXT    G=(none)   M=C:\DOCUMENTS AND SETTINGS\PAKETE\MIS DOCUMENTOS\RESUL\C\ENT-GRENT-NENT\GRENT\GRENT.OBJ ACBP=A9
 0001:00000A78 00001088 C=CODE    S=_TEXT    G=(none)   M=C:\DOCUMENTS AND SETTINGS\PAKETE\MIS DOCUMENTOS\RESUL\C\ENT-GRENT-NENT\GRENT\MAIN.OBJ ACBP=A9
 0001:00001B00 00000978 C=CODE    S=_TEXT    G=(none)   M=C:\DOCUMENTS AND SETTINGS\PAKETE\MIS DOCUMENTOS\RESUL\C\ENT-GRENT-NENT\GRENT\TWORKTHREAD.OBJ ACBP=A9
 0001:00002478 00000340 C=CODE    S=_TEXT    G=(none)   M=C:\DOCUMENTS AND SETTINGS\PAKETE\MIS DOCUMENTOS\RESUL\C\ENT-GRENT-NENT\GRENT\TPROGRESSDLG.OBJ ACBP=A9
 0001:000027B8 00000040 C=CODE    S=_TEXT    G=(none)   M=C:\ARCHIVOS DE PROGRAMA\BORLAND\CBUILDER6\LIB\RELEASE\VCLDB.LIB|VDBConsts ACBP=A9
 0001:000027F8 00000706 C=CODE    S=_TEXT    G=(none)   M=C:\ARCHIVOS DE PROGRAMA\BORLAND\CBUILDER6\LIB\RELEASE\VCLDB.LIB|DBLogDlg ACBP=A9
 0001:00002F00 00000E0F C=CODE    S=_TEXT    G=(none)   M=C:\ARCHIVOS DE PROGRAMA\BORLAND\CBUILDER6\LIB\RELEASE\DBRTL.LIB|SqlTimSt ACBP=A9
 0001:00003D10 000035B7 C=CODE    S=_TEXT    G=(none)   M=C:\ARCHIVOS DE PROGRAMA\BORLAND\CBUILDER6\LIB\RELEASE\DBRTL.LIB|FMTBcd ACBP=A9
 0001:000072C7 00000509 C=CODE    S=_TEXT    G=(none)   M=C:\ARCHIVOS DE PROGRAMA\BORLAND\CBUILDER6\LIB\RELEASE\DBRTL.LIB|DB ACBP=A9
 0001:000077D0 00000058 C=CODE    S=_TEXT    G=(none)   M=C:\ARCHIVOS DE PROGRAMA\BORLAND\CBUILDER6\LIB\RELEASE\DBRTL.LIB|DBConsts ACBP=A9
 0001:00007828 00008D59 C=CODE    S=_TEXT    G=(none)   M=C:\ARCHIVOS DE PROGRAMA\BORLAND\CBUILDER6\LIB\TEE.LIB|Series ACBP=A9
 0001:00010581 00000C37 C=CODE    S=_TEXT    G=(none)   M=C:\ARCHIVOS DE PROGRAMA\BORLAND\CBUILDER6\LIB\TEE.LIB|TeeFunci ACBP=A9
 0001:000111B8 00005A70 C=CODE    S=_TEXT    G=(none)   M=C:\ARCHIVOS DE PROGRAMA\BORLAND\CBUILDER6\LIB\TEE.LIB|Chart ACBP=A9
 0001:00016C28 0000C18C C=CODE    S=_TEXT    G=(none)   M=C:\ARCHIVOS DE PROGRAMA\BORLAND\CBUILDER6\LIB\TEE.LIB|TeEngine ACBP=A9
 0001:00022DB4 00002810 C=CODE    S=_TEXT    G=(none)   M=C:\ARCHIVOS DE PROGRAMA\BORLAND\CBUILDER6\LIB\TEE.LIB|TeeProcs ACBP=A9
 0001:000255C4 00004AD0 C=CODE    S=_TEXT    G=(none)   M=C:\ARCHIVOS DE PROGRAMA\BORLAND\CBUILDER6\LIB\TEE.LIB|TeCanvas ACBP=A9
 0001:0002A094 00000210 C=CODE    S=_TEXT    G=(none)   M=C:\ARCHIVOS DE PROGRAMA\BORLAND\CBUILDER6\LIB\TEE.LIB|TeeConst ACBP=A9
 0001:0002A2A4 00000038 C=CODE    S=_TEXT    G=(none)   M=C:\ARCHIVOS DE PROGRAMA\BORLAND\CBUILDER6\LIB\RELEASE\RTL.LIB|WinSpool ACBP=A9
 0001:0002A2DC 00000038 C=CODE    S=_TEXT    G=(none)   M=C:\ARCHIVOS DE PROGRAMA\BORLAND\CBUILDER6\LIB\RELEASE\RTL.LIB|WinInet ACBP=A9
 0001:0002A314 00000228 C=CODE    S=_TEXT    G=(none)   M=C:\ARCHIVOS DE PROGRAMA\BORLAND\CBUILDER6\LIB\RELEASE\RTL.LIB|Windows ACBP=A9
 0001:0002A53C 00000068 C=CODE    S=_TEXT    G=(none)   M=C:\ARCHIVOS DE PROGRAMA\BORLAND\CBUILDER6\LIB\RELEASE\RTL.LIB|UrlMon ACBP=A9
 0001:0002A5A4 00000038 C=CODE    S=_TEXT    G=(none)   M=C:\ARCHIVOS DE PROGRAMA\BORLAND\CBUILDER6\LIB\RELEASE\RTL.LIB|ShlObj ACBP=A9
 0001:0002A5DC 00000038 C=CODE    S=_TEXT    G=(none)   M=C:\ARCHIVOS DE PROGRAMA\BORLAND\CBUILDER6\LIB\RELEASE\RTL.LIB|ShellAPI ACBP=A9
 0001:0002A614 00000038 C=CODE    S=_TEXT    G=(none)   M=C:\ARCHIVOS DE PROGRAMA\BORLAND\CBUILDER6\LIB\RELEASE\RTL.LIB|RichEdit ACBP=A9
 0001:0002A64C 00000038 C=CODE    S=_TEXT    G=(none)   M=C:\ARCHIVOS DE PROGRAMA\BORLAND\CBUILDER6\LIB\RELEASE\RTL.LIB|RegStr ACBP=A9
 0001:0002A684 00000787 C=CODE    S=_TEXT    G=(none)   M=C:\ARCHIVOS DE PROGRAMA\BORLAND\CBUILDER6\LIB\RELEASE\RTL.LIB|MultiMon ACBP=A9
 0001:0002AE0B 00000039 C=CODE    S=_TEXT    G=(none)   M=C:\ARCHIVOS DE PROGRAMA\BORLAND\CBUILDER6\LIB\RELEASE\RTL.LIB|Messages ACBP=A9
 0001:0002AE44 0000006C C=CODE    S=_TEXT    G=(none)   M=C:\ARCHIVOS DE PROGRAMA\BORLAND\CBUILDER6\LIB\RELEASE\RTL.LIB|Mapi ACBP=A9
 0001:0002AEB0 00000038 C=CODE    S=_TEXT    G=(none)   M=C:\ARCHIVOS DE PROGRAMA\BORLAND\CBUILDER6\LIB\RELEASE\RTL.LIB|Imm ACBP=A9
 0001:0002AEE8 0000031F C=CODE    S=_TEXT    G=(none)   M=C:\ARCHIVOS DE PROGRAMA\BORLAND\CBUILDER6\LIB\RELEASE\RTL.LIB|FlatSB ACBP=A9
 0001:0002B207 00000039 C=CODE    S=_TEXT    G=(none)   M=C:\ARCHIVOS DE PROGRAMA\BORLAND\CBUILDER6\LIB\RELEASE\RTL.LIB|Dlgs ACBP=A9
 0001:0002B240 00000038 C=CODE    S=_TEXT    G=(none)   M=C:\ARCHIVOS DE PROGRAMA\BORLAND\CBUILDER6\LIB\RELEASE\RTL.LIB|CommDlg ACBP=A9
 0001:0002B278 0000060C C=CODE    S=_TEXT    G=(none)   M=C:\ARCHIVOS DE PROGRAMA\BORLAND\CBUILDER6\LIB\RELEASE\RTL.LIB|CommCtrl ACBP=A9
 0001:0002B884 00000970 C=CODE    S=_TEXT    G=(none)   M=C:\ARCHIVOS DE PROGRAMA\BORLAND\CBUILDER6\LIB\RELEASE\RTL.LIB|ActiveX ACBP=A9
 0001:0002C1F4 00001098 C=CODE    S=_TEXT    G=(none)   M=C:\ARCHIVOS DE PROGRAMA\BORLAND\CBUILDER6\LIB\RELEASE\RTL.LIB|HelpIntfs ACBP=A9
 0001:0002D28C 00000038 C=CODE    S=_TEXT    G=(none)   M=C:\ARCHIVOS DE PROGRAMA\BORLAND\CBUILDER6\LIB\RELEASE\RTL.LIB|MaskUtils ACBP=A9
 0001:0002D2C4 0000C69E C=CODE    S=_TEXT    G=(none)   M=C:\ARCHIVOS DE PROGRAMA\BORLAND\CBUILDER6\LIB\RELEASE\RTL.LIB|Classes ACBP=A9
 0001:00039962 00001946 C=CODE    S=_TEXT    G=(none)   M=C:\ARCHIVOS DE PROGRAMA\BORLAND\CBUILDER6\LIB\RELEASE\RTL.LIB|TypInfo ACBP=A9
 0001:0003B2A8 00000038 C=CODE    S=_TEXT    G=(none)   M=C:\ARCHIVOS DE PROGRAMA\BORLAND\CBUILDER6\LIB\RELEASE\RTL.LIB|StrUtils ACBP=A9
 0001:0003B2E0 00000068 C=CODE    S=_TEXT    G=(none)   M=C:\ARCHIVOS DE PROGRAMA\BORLAND\CBUILDER6\LIB\RELEASE\RTL.LIB|Registry ACBP=A9
 0001:0003B348 00000048 C=CODE    S=_TEXT    G=(none)   M=C:\ARCHIVOS DE PROGRAMA\BORLAND\CBUILDER6\LIB\RELEASE\RTL.LIB|Math ACBP=A9
 0001:0003B390 00000068 C=CODE    S=_TEXT    G=(none)   M=C:\ARCHIVOS DE PROGRAMA\BORLAND\CBUILDER6\LIB\RELEASE\RTL.LIB|IniFiles ACBP=A9
 0001:0003B3F8 00000070 C=CODE    S=_TEXT    G=(none)   M=C:\ARCHIVOS DE PROGRAMA\BORLAND\CBUILDER6\LIB\RELEASE\RTL.LIB|DateUtils ACBP=A9
 0001:0003B468 000002B8 C=CODE    S=_TEXT    G=(none)   M=C:\ARCHIVOS DE PROGRAMA\BORLAND\CBUILDER6\LIB\RELEASE\RTL.LIB|Contnrs ACBP=A9
 0001:0003B720 00000148 C=CODE    S=_TEXT    G=(none)   M=C:\ARCHIVOS DE PROGRAMA\BORLAND\CBUILDER6\LIB\RELEASE\RTL.LIB|RTLConsts ACBP=A9
 0001:0003B868 00000E65 C=CODE    S=_TEXT    G=(none)   M=C:\ARCHIVOS DE PROGRAMA\BORLAND\CBUILDER6\LIB\RELEASE\RTL.LIB|ComObj ACBP=A9
 0001:0003C6CD 0000005B C=CODE    S=_TEXT    G=(none)   M=C:\ARCHIVOS DE PROGRAMA\BORLAND\CBUILDER6\LIB\RELEASE\RTL.LIB|ComConst ACBP=A9
 0001:0003C728 000000BC C=CODE    S=_TEXT    G=(none)   M=C:\ARCHIVOS DE PROGRAMA\BORLAND\CBUILDER6\LIB\RELEASE\RTL.LIB|Types ACBP=A9
 0001:0003C7E4 00006F70 C=CODE    S=_TEXT    G=(none)   M=C:\ARCHIVOS DE PROGRAMA\BORLAND\CBUILDER6\LIB\RELEASE\RTL.LIB|SysUtils ACBP=A9
 0001:00043754 00000360 C=CODE    S=_TEXT    G=(none)   M=C:\ARCHIVOS DE PROGRAMA\BORLAND\CBUILDER6\LIB\RELEASE\RTL.LIB|SysConst ACBP=A9
 0001:00043AB4 000000D4 C=CODE    S=_TEXT    G=(none)   M=C:\ARCHIVOS DE PROGRAMA\BORLAND\CBUILDER6\LIB\RELEASE\RTL.LIB|VarUtils ACBP=A9
 0001:00043B88 000093A0 C=CODE    S=_TEXT    G=(none)   M=C:\ARCHIVOS DE PROGRAMA\BORLAND\CBUILDER6\LIB\RELEASE\RTL.LIB|Variants ACBP=A9
 0001:0004CF28 00005A93 C=CODE    S=_TEXT    G=(none)   M=C:\ARCHIVOS DE PROGRAMA\BORLAND\CBUILDER6\LIB\RELEASE\RTL.LIB|System ACBP=A9
 0001:000529BB 00000CC5 C=CODE    S=_TEXT    G=(none)   M=C:\ARCHIVOS DE PROGRAMA\BORLAND\CBUILDER6\LIB\RELEASE\VCL.LIB|WinHelpViewer ACBP=A9
 0001:00053680 00000058 C=CODE    S=_TEXT    G=(none)   M=C:\ARCHIVOS DE PROGRAMA\BORLAND\CBUILDER6\LIB\RELEASE\VCL.LIB|ExtActns ACBP=A9
 0001:000536D8 00000168 C=CODE    S=_TEXT    G=(none)   M=C:\ARCHIVOS DE PROGRAMA\BORLAND\CBUILDER6\LIB\RELEASE\VCL.LIB|StdActns ACBP=A9
 0001:00053840 00001AC0 C=CODE    S=_TEXT    G=(none)   M=C:\ARCHIVOS DE PROGRAMA\BORLAND\CBUILDER6\LIB\RELEASE\VCL.LIB|ImgList ACBP=A9
 0001:00055300 00001336 C=CODE    S=_TEXT    G=(none)   M=C:\ARCHIVOS DE PROGRAMA\BORLAND\CBUILDER6\LIB\RELEASE\VCL.LIB|ActnList ACBP=A9
 0001:00056636 0000003A C=CODE    S=_TEXT    G=(none)   M=C:\ARCHIVOS DE PROGRAMA\BORLAND\CBUILDER6\LIB\RELEASE\VCL.LIB|ExtDlgs ACBP=A9
 0001:00056670 00000ACC C=CODE    S=_TEXT    G=(none)   M=C:\ARCHIVOS DE PROGRAMA\BORLAND\CBUILDER6\LIB\RELEASE\VCL.LIB|ToolWin ACBP=A9
 0001:0005713C 00006200 C=CODE    S=_TEXT    G=(none)   M=C:\ARCHIVOS DE PROGRAMA\BORLAND\CBUILDER6\LIB\RELEASE\VCL.LIB|StdCtrls ACBP=A9
 0001:0005D33C 00000044 C=CODE    S=_TEXT    G=(none)   M=C:\ARCHIVOS DE PROGRAMA\BORLAND\CBUILDER6\LIB\RELEASE\VCL.LIB|Printers ACBP=A9
 0001:0005D380 000064CD C=CODE    S=_TEXT    G=(none)   M=C:\ARCHIVOS DE PROGRAMA\BORLAND\CBUILDER6\LIB\RELEASE\VCL.LIB|Menus ACBP=A9
 0001:00063850 00001AF8 C=CODE    S=_TEXT    G=(none)   M=C:\ARCHIVOS DE PROGRAMA\BORLAND\CBUILDER6\LIB\RELEASE\VCL.LIB|ListActns ACBP=A9
 0001:00065348 00008E4F C=CODE    S=_TEXT    G=(none)   M=C:\ARCHIVOS DE PROGRAMA\BORLAND\CBUILDER6\LIB\RELEASE\VCL.LIB|Graphics ACBP=A9
 0001:0006E198 0000D958 C=CODE    S=_TEXT    G=(none)   M=C:\ARCHIVOS DE PROGRAMA\BORLAND\CBUILDER6\LIB\RELEASE\VCL.LIB|Forms ACBP=A9
 0001:0007BAF0 00001C20 C=CODE    S=_TEXT    G=(none)   M=C:\ARCHIVOS DE PROGRAMA\BORLAND\CBUILDER6\LIB\RELEASE\VCL.LIB|ExtCtrls ACBP=A9
 0001:0007D710 00001669 C=CODE    S=_TEXT    G=(none)   M=C:\ARCHIVOS DE PROGRAMA\BORLAND\CBUILDER6\LIB\RELEASE\VCL.LIB|Dialogs ACBP=A9
 0001:0007ED7C 00010F8B C=CODE    S=_TEXT    G=(none)   M=C:\ARCHIVOS DE PROGRAMA\BORLAND\CBUILDER6\LIB\RELEASE\VCL.LIB|Controls ACBP=A9
 0001:0008FD07 00000051 C=CODE    S=_TEXT    G=(none)   M=C:\ARCHIVOS DE PROGRAMA\BORLAND\CBUILDER6\LIB\RELEASE\VCL.LIB|ComStrs ACBP=A9
 0001:0008FD58 00013114 C=CODE    S=_TEXT    G=(none)   M=C:\ARCHIVOS DE PROGRAMA\BORLAND\CBUILDER6\LIB\RELEASE\VCL.LIB|ComCtrls ACBP=A9
 0001:000A2E6C 00000094 C=CODE    S=_TEXT    G=(none)   M=C:\ARCHIVOS DE PROGRAMA\BORLAND\CBUILDER6\LIB\RELEASE\VCL.LIB|ClipBrd ACBP=A9
 0001:000A2F00 000020CD C=CODE    S=_TEXT    G=(none)   M=C:\ARCHIVOS DE PROGRAMA\BORLAND\CBUILDER6\LIB\RELEASE\VCL.LIB|Buttons ACBP=A9
 0001:000A4FCD 000002EB C=CODE    S=_TEXT    G=(none)   M=C:\ARCHIVOS DE PROGRAMA\BORLAND\CBUILDER6\LIB\RELEASE\VCL.LIB|Consts ACBP=A9
 0001:000A52B8 0000002B C=CODE    S=_TEXT    G=(none)   M=C:\ARCHIVOS DE PROGRAMA\BORLAND\CBUILDER6\LIB\CP32MT.LIB|calloc ACBP=A9
 0001:000A52E4 0000000F C=CODE    S=_TEXT    G=(none)   M=C:\ARCHIVOS DE PROGRAMA\BORLAND\CBUILDER6\LIB\CP32MT.LIB|del ACBP=A9
 0001:000A52F4 0000000F C=CODE    S=_TEXT    G=(none)   M=C:\ARCHIVOS DE PROGRAMA\BORLAND\CBUILDER6\LIB\CP32MT.LIB|delarray ACBP=A9
 0001:000A5304 000001B6 C=CODE    S=_TEXT    G=(none)   M=C:\ARCHIVOS DE PROGRAMA\BORLAND\CBUILDER6\LIB\CP32MT.LIB|new ACBP=A9
 0001:000A54BC 0000000F C=CODE    S=_TEXT    G=(none)   M=C:\ARCHIVOS DE PROGRAMA\BORLAND\CBUILDER6\LIB\CP32MT.LIB|newarray ACBP=A9
 0001:000A54CC 000000DB C=CODE    S=_TEXT    G=(none)   M=C:\ARCHIVOS DE PROGRAMA\BORLAND\CBUILDER6\LIB\CP32MT.LIB|setnew ACBP=A9
 0001:000A55A0 000001CD C=CODE    S=_TEXT    G=(none)   M=C:\ARCHIVOS DE PROGRAMA\BORLAND\CBUILDER6\LIB\CP32MT.LIB|hrdir_b ACBP=A9
 0001:000A5770 0000006F C=CODE    S=_TEXT    G=(none)   M=C:\ARCHIVOS DE PROGRAMA\BORLAND\CBUILDER6\LIB\CP32MT.LIB|hrdir_bh ACBP=A9
 0001:000A57E0 00000020 C=CODE    S=_TEXT    G=(none)   M=C:\ARCHIVOS DE PROGRAMA\BORLAND\CBUILDER6\LIB\CP32MT.LIB|hrdir_mf ACBP=A9
 0001:000A5800 00000016 C=CODE    S=_TEXT    G=(none)   M=C:\ARCHIVOS DE PROGRAMA\BORLAND\CBUILDER6\LIB\CP32MT.LIB|hrdir_r ACBP=A9
 0001:000A5818 000000B8 C=CODE    S=_TEXT    G=(none)   M=C:\ARCHIVOS DE PROGRAMA\BORLAND\CBUILDER6\LIB\CP32MT.LIB|hrdir_s ACBP=A9
 0001:000A58D0 00000001 C=CODE    S=_TEXT    G=(none)   M=C:\ARCHIVOS DE PROGRAMA\BORLAND\CBUILDER6\LIB\CP32MT.LIB|hrdir_us ACBP=A9
 0001:000A58D4 00000095 C=CODE    S=_TEXT    G=(none)   M=C:\ARCHIVOS DE PROGRAMA\BORLAND\CBUILDER6\LIB\CP32MT.LIB|pheap ACBP=A9
 0001:000A5969 00000042 C=CODE    S=_TEXT    G=(none)   M=C:\ARCHIVOS DE PROGRAMA\BORLAND\CBUILDER6\LIB\CP32MT.LIB|crtlvcl ACBP=A9
 0001:000A59AC 00000001 C=CODE    S=_TEXT    G=(none)   M=C:\ARCHIVOS DE PROGRAMA\BORLAND\CBUILDER6\LIB\CP32MT.LIB|vlibstub ACBP=A9
 0001:000A59AD 00000030 C=CODE    S=_TEXT    G=(none)   M=C:\ARCHIVOS DE PROGRAMA\BORLAND\CBUILDER6\LIB\CP32MT.LIB|syshook ACBP=A9
 0001:000A59E0 000002C0 C=CODE    S=_TEXT    G=(none)   M=C:\ARCHIVOS DE PROGRAMA\BORLAND\CBUILDER6\LIB\CP32MT.LIB|predecl ACBP=A9
 0001:000A5C98 00000178 C=CODE    S=_TEXT    G=(none)   M=C:\ARCHIVOS DE PROGRAMA\BORLAND\CBUILDER6\LIB\CP32MT.LIB|stdexcpt ACBP=A9
 0001:000A5D8C 00000024 C=CODE    S=_TEXT    G=(none)   M=C:\ARCHIVOS DE PROGRAMA\BORLAND\CBUILDER6\LIB\CP32MT.LIB|memcpy ACBP=A9
 0001:000A5DB0 0000004A C=CODE    S=_TEXT    G=(none)   M=C:\ARCHIVOS DE PROGRAMA\BORLAND\CBUILDER6\LIB\CP32MT.LIB|memmove ACBP=A9
 0001:000A5DFC 0000008A C=CODE    S=_TEXT    G=(none)   M=C:\ARCHIVOS DE PROGRAMA\BORLAND\CBUILDER6\LIB\CP32MT.LIB|memset ACBP=A9
 0001:000A5E88 00000018 C=CODE    S=_TEXT    G=(none)   M=C:\ARCHIVOS DE PROGRAMA\BORLAND\CBUILDER6\LIB\CP32MT.LIB|wmemset ACBP=A9
 0001:000A5EA0 0000003C C=CODE    S=_TEXT    G=(none)   M=C:\ARCHIVOS DE PROGRAMA\BORLAND\CBUILDER6\LIB\CP32MT.LIB|strcat ACBP=A9
 0001:000A5EDC 0000005A C=CODE    S=_TEXT    G=(none)   M=C:\ARCHIVOS DE PROGRAMA\BORLAND\CBUILDER6\LIB\CP32MT.LIB|strlen ACBP=A9
 0001:000A5F38 0000006E C=CODE    S=_TEXT    G=(none)   M=C:\ARCHIVOS DE PROGRAMA\BORLAND\CBUILDER6\LIB\CP32MT.LIB|strncat ACBP=A9
 0001:000A5FA8 00000027 C=CODE    S=_TEXT    G=(none)   M=C:\ARCHIVOS DE PROGRAMA\BORLAND\CBUILDER6\LIB\CP32MT.LIB|strncmp ACBP=A9
 0001:000A5FD0 0000006C C=CODE    S=_TEXT    G=(none)   M=C:\ARCHIVOS DE PROGRAMA\BORLAND\CBUILDER6\LIB\CP32MT.LIB|memcmp ACBP=A9
 0001:000A603C 00000032 C=CODE    S=_TEXT    G=(none)   M=C:\ARCHIVOS DE PROGRAMA\BORLAND\CBUILDER6\LIB\CP32MT.LIB|strdup ACBP=A9
 0001:000A6070 0000004F C=CODE    S=_TEXT    G=(none)   M=C:\ARCHIVOS DE PROGRAMA\BORLAND\CBUILDER6\LIB\CP32MT.LIB|strncpy ACBP=A9
 0001:000A60C0 00000018 C=CODE    S=_TEXT    G=(none)   M=C:\ARCHIVOS DE PROGRAMA\BORLAND\CBUILDER6\LIB\CP32MT.LIB|wcslen ACBP=A9
 0001:000A60D8 0000003F C=CODE    S=_TEXT    G=(none)   M=C:\ARCHIVOS DE PROGRAMA\BORLAND\CBUILDER6\LIB\CP32MT.LIB|wcscpy ACBP=A9
 0001:000A6118 00000070 C=CODE    S=_TEXT    G=(none)   M=C:\ARCHIVOS DE PROGRAMA\BORLAND\CBUILDER6\LIB\CP32MT.LIB|xxa ACBP=A9
 0001:000A6188 00000AB6 C=CODE    S=_TEXT    G=(none)   M=C:\ARCHIVOS DE PROGRAMA\BORLAND\CBUILDER6\LIB\CP32MT.LIB|xxtype ACBP=A9
 0001:000A6C3E 000000B6 C=CODE    S=_TEXT    G=(none)   M=C:\ARCHIVOS DE PROGRAMA\BORLAND\CBUILDER6\LIB\CP32MT.LIB|xxut ACBP=A9
 0001:000A6CE0 0000014B C=CODE    S=_TEXT    G=(none)   M=C:\ARCHIVOS DE PROGRAMA\BORLAND\CBUILDER6\LIB\CP32MT.LIB|xxv ACBP=A9
 0001:000A6E2C 0000000A C=CODE    S=_TEXT    G=(none)   M=C:\ARCHIVOS DE PROGRAMA\BORLAND\CBUILDER6\LIB\CP32MT.LIB|defhandl ACBP=A9
 0001:000A6E38 00000179 C=CODE    S=_TEXT    G=(none)   M=C:\ARCHIVOS DE PROGRAMA\BORLAND\CBUILDER6\LIB\CP32MT.LIB|except ACBP=A9
 0001:000A6FB4 00000046 C=CODE    S=_TEXT    G=(none)   M=C:\ARCHIVOS DE PROGRAMA\BORLAND\CBUILDER6\LIB\CP32MT.LIB|setexc ACBP=A9
 0001:000A6FFC 00000022 C=CODE    S=_TEXT    G=(none)   M=C:\ARCHIVOS DE PROGRAMA\BORLAND\CBUILDER6\LIB\CP32MT.LIB|ta ACBP=A9
 0001:000A7020 00000047 C=CODE    S=_TEXT    G=(none)   M=C:\ARCHIVOS DE PROGRAMA\BORLAND\CBUILDER6\LIB\CP32MT.LIB|__isatty ACBP=A9
 0001:000A7068 00000084 C=CODE    S=_TEXT    G=(none)   M=C:\ARCHIVOS DE PROGRAMA\BORLAND\CBUILDER6\LIB\CP32MT.LIB|__lseek ACBP=A9
 0001:000A70EC 00000132 C=CODE    S=_TEXT    G=(none)   M=C:\ARCHIVOS DE PROGRAMA\BORLAND\CBUILDER6\LIB\CP32MT.LIB|__write ACBP=A9
 0001:000A7220 00000011 C=CODE    S=_TEXT    G=(none)   M=C:\ARCHIVOS DE PROGRAMA\BORLAND\CBUILDER6\LIB\CP32MT.LIB|_cfinfo ACBP=A9
 0001:000A7234 00000042 C=CODE    S=_TEXT    G=(none)   M=C:\ARCHIVOS DE PROGRAMA\BORLAND\CBUILDER6\LIB\CP32MT.LIB|_flshall ACBP=A9
 0001:000A7278 00000061 C=CODE    S=_TEXT    G=(none)   M=C:\ARCHIVOS DE PROGRAMA\BORLAND\CBUILDER6\LIB\CP32MT.LIB|_write ACBP=A9
 0001:000A72DC 0000007D C=CODE    S=_TEXT    G=(none)   M=C:\ARCHIVOS DE PROGRAMA\BORLAND\CBUILDER6\LIB\CP32MT.LIB|allocbuf ACBP=A9
 0001:000A735C 0000008F C=CODE    S=_TEXT    G=(none)   M=C:\ARCHIVOS DE PROGRAMA\BORLAND\CBUILDER6\LIB\CP32MT.LIB|fflush ACBP=A9
 0001:000A73EC 00000064 C=CODE    S=_TEXT    G=(none)   M=C:\ARCHIVOS DE PROGRAMA\BORLAND\CBUILDER6\LIB\CP32MT.LIB|flushout ACBP=A9
 0001:000A7450 00000023 C=CODE    S=_TEXT    G=(none)   M=C:\ARCHIVOS DE PROGRAMA\BORLAND\CBUILDER6\LIB\CP32MT.LIB|fmodeptr ACBP=A9
 0001:000A7474 000003EB C=CODE    S=_TEXT    G=(none)   M=C:\ARCHIVOS DE PROGRAMA\BORLAND\CBUILDER6\LIB\CP32MT.LIB|handles ACBP=A9
 0001:000A7860 0000008A C=CODE    S=_TEXT    G=(none)   M=C:\ARCHIVOS DE PROGRAMA\BORLAND\CBUILDER6\LIB\CP32MT.LIB|ioerror ACBP=A9
 0001:000A78EA 00000083 C=CODE    S=_TEXT    G=(none)   M=C:\ARCHIVOS DE PROGRAMA\BORLAND\CBUILDER6\LIB\CP32MT.LIB|perror ACBP=A9
 0001:000A78EC 00000100 C=CODE    S=_TEXT    G=(none)   M=C:\ARCHIVOS DE PROGRAMA\BORLAND\CBUILDER6\LIB\CP32MT.LIB|snprntf ACBP=A9
 0001:000A79EC 00000270 C=CODE    S=_TEXT    G=(none)   M=C:\ARCHIVOS DE PROGRAMA\BORLAND\CBUILDER6\LIB\CP32MT.LIB|streams ACBP=A9
 0001:000A7C5C 000009EC C=CODE    S=_TEXT    G=(none)   M=C:\ARCHIVOS DE PROGRAMA\BORLAND\CBUILDER6\LIB\CP32MT.LIB|vprinter ACBP=A9
 0001:000A8648 00000031 C=CODE    S=_TEXT    G=(none)   M=C:\ARCHIVOS DE PROGRAMA\BORLAND\CBUILDER6\LIB\CP32MT.LIB|xfflush ACBP=A9
 0001:000A867C 00000051 C=CODE    S=_TEXT    G=(none)   M=C:\ARCHIVOS DE PROGRAMA\BORLAND\CBUILDER6\LIB\CP32MT.LIB|getinfo ACBP=A9
 0001:000A86D0 00000102 C=CODE    S=_TEXT    G=(none)   M=C:\ARCHIVOS DE PROGRAMA\BORLAND\CBUILDER6\LIB\CP32MT.LIB|is ACBP=A9
 0001:000A87D4 00000103 C=CODE    S=_TEXT    G=(none)   M=C:\ARCHIVOS DE PROGRAMA\BORLAND\CBUILDER6\LIB\CP32MT.LIB|wis ACBP=A9
 0001:000A88D8 00000043 C=CODE    S=_TEXT    G=(none)   M=C:\ARCHIVOS DE PROGRAMA\BORLAND\CBUILDER6\LIB\CP32MT.LIB|isctype ACBP=A9
 0001:000A891C 00000055 C=CODE    S=_TEXT    G=(none)   M=C:\ARCHIVOS DE PROGRAMA\BORLAND\CBUILDER6\LIB\CP32MT.LIB|iswctype ACBP=A9
 0001:000A8974 000004D0 C=CODE    S=_TEXT    G=(none)   M=C:\ARCHIVOS DE PROGRAMA\BORLAND\CBUILDER6\LIB\CP32MT.LIB|mbyte1 ACBP=A9
 0001:000A8E44 00000200 C=CODE    S=_TEXT    G=(none)   M=C:\ARCHIVOS DE PROGRAMA\BORLAND\CBUILDER6\LIB\CP32MT.LIB|_ll ACBP=A9
 0001:000A9044 000000B0 C=CODE    S=_TEXT    G=(none)   M=C:\ARCHIVOS DE PROGRAMA\BORLAND\CBUILDER6\LIB\CP32MT.LIB|_matherr ACBP=A9
 0001:000A90F4 00000188 C=CODE    S=_TEXT    G=(none)   M=C:\ARCHIVOS DE PROGRAMA\BORLAND\CBUILDER6\LIB\CP32MT.LIB|_pow10 ACBP=A9
 0001:000A927C 00000013 C=CODE    S=_TEXT    G=(none)   M=C:\ARCHIVOS DE PROGRAMA\BORLAND\CBUILDER6\LIB\CP32MT.LIB|clear87 ACBP=A9
 0001:000A9290 0000002F C=CODE    S=_TEXT    G=(none)   M=C:\ARCHIVOS DE PROGRAMA\BORLAND\CBUILDER6\LIB\CP32MT.LIB|ctrl87 ACBP=A9
 0001:000A92C0 00000018 C=CODE    S=_TEXT    G=(none)   M=C:\ARCHIVOS DE PROGRAMA\BORLAND\CBUILDER6\LIB\CP32MT.LIB|cvtentry ACBP=A9
 0001:000A92D8 00000018 C=CODE    S=_TEXT    G=(none)   M=C:\ARCHIVOS DE PROGRAMA\BORLAND\CBUILDER6\LIB\CP32MT.LIB|cvtfak ACBP=A9
 0001:000A92F0 00000018 C=CODE    S=_TEXT    G=(none)   M=C:\ARCHIVOS DE PROGRAMA\BORLAND\CBUILDER6\LIB\CP32MT.LIB|cvtfakw ACBP=A9
 0001:000A9308 00000048 C=CODE    S=_TEXT    G=(none)   M=C:\ARCHIVOS DE PROGRAMA\BORLAND\CBUILDER6\LIB\CP32MT.LIB|f87log ACBP=A9
 0001:000A9350 00000016 C=CODE    S=_TEXT    G=(none)   M=C:\ARCHIVOS DE PROGRAMA\BORLAND\CBUILDER6\LIB\CP32MT.LIB|fpreset ACBP=A9
 0001:000A9368 0000002B C=CODE    S=_TEXT    G=(none)   M=C:\ARCHIVOS DE PROGRAMA\BORLAND\CBUILDER6\LIB\CP32MT.LIB|ftol ACBP=A9
 0001:000A9394 0000002D C=CODE    S=_TEXT    G=(none)   M=C:\ARCHIVOS DE PROGRAMA\BORLAND\CBUILDER6\LIB\CP32MT.LIB|fuildq ACBP=A9
 0001:000A93C4 00000021 C=CODE    S=_TEXT    G=(none)   M=C:\ARCHIVOS DE PROGRAMA\BORLAND\CBUILDER6\LIB\CP32MT.LIB|fuistq ACBP=A9
 0001:000A93E8 00000011 C=CODE    S=_TEXT    G=(none)   M=C:\ARCHIVOS DE PROGRAMA\BORLAND\CBUILDER6\LIB\CP32MT.LIB|fxam ACBP=A9
 0001:000A93FC 000000B1 C=CODE    S=_TEXT    G=(none)   M=C:\ARCHIVOS DE PROGRAMA\BORLAND\CBUILDER6\LIB\CP32MT.LIB|int64toa ACBP=A9
 0001:000A94B0 00000118 C=CODE    S=_TEXT    G=(none)   M=C:\ARCHIVOS DE PROGRAMA\BORLAND\CBUILDER6\LIB\CP32MT.LIB|ldtrunc ACBP=A9
 0001:000A95C8 0000006D C=CODE    S=_TEXT    G=(none)   M=C:\ARCHIVOS DE PROGRAMA\BORLAND\CBUILDER6\LIB\CP32MT.LIB|log10 ACBP=A9
 0001:000A9638 0000008F C=CODE    S=_TEXT    G=(none)   M=C:\ARCHIVOS DE PROGRAMA\BORLAND\CBUILDER6\LIB\CP32MT.LIB|longtoa ACBP=A9
 0001:000A96C8 0000002A C=CODE    S=_TEXT    G=(none)   M=C:\ARCHIVOS DE PROGRAMA\BORLAND\CBUILDER6\LIB\CP32MT.LIB|matherr ACBP=A9
 0001:000A96F4 0000002E C=CODE    S=_TEXT    G=(none)   M=C:\ARCHIVOS DE PROGRAMA\BORLAND\CBUILDER6\LIB\CP32MT.LIB|matherrl ACBP=A9
 0001:000A9724 00000016 C=CODE    S=_TEXT    G=(none)   M=C:\ARCHIVOS DE PROGRAMA\BORLAND\CBUILDER6\LIB\CP32MT.LIB|mathptr ACBP=A9
 0001:000A973C 00000025 C=CODE    S=_TEXT    G=(none)   M=C:\ARCHIVOS DE PROGRAMA\BORLAND\CBUILDER6\LIB\CP32MT.LIB|qdiv10 ACBP=A9
 0001:000A9764 0000002E C=CODE    S=_TEXT    G=(none)   M=C:\ARCHIVOS DE PROGRAMA\BORLAND\CBUILDER6\LIB\CP32MT.LIB|qmul10 ACBP=A9
 0001:000A9794 000002F9 C=CODE    S=_TEXT    G=(none)   M=C:\ARCHIVOS DE PROGRAMA\BORLAND\CBUILDER6\LIB\CP32MT.LIB|realcvt ACBP=A9
 0001:000A9A90 00000331 C=CODE    S=_TEXT    G=(none)   M=C:\ARCHIVOS DE PROGRAMA\BORLAND\CBUILDER6\LIB\CP32MT.LIB|realcvtw ACBP=A9
 0001:000A9DC4 000004E1 C=CODE    S=_TEXT    G=(none)   M=C:\ARCHIVOS DE PROGRAMA\BORLAND\CBUILDER6\LIB\CP32MT.LIB|scantod ACBP=A9
 0001:000AA2A8 000004DD C=CODE    S=_TEXT    G=(none)   M=C:\ARCHIVOS DE PROGRAMA\BORLAND\CBUILDER6\LIB\CP32MT.LIB|scanwtod ACBP=A9
 0001:000AA788 000002D2 C=CODE    S=_TEXT    G=(none)   M=C:\ARCHIVOS DE PROGRAMA\BORLAND\CBUILDER6\LIB\CP32MT.LIB|xcvt ACBP=A9
 0001:000AAA5C 000002F1 C=CODE    S=_TEXT    G=(none)   M=C:\ARCHIVOS DE PROGRAMA\BORLAND\CBUILDER6\LIB\CP32MT.LIB|xcvtw ACBP=A9
 0001:000AAD50 00000139 C=CODE    S=_TEXT    G=(none)   M=C:\ARCHIVOS DE PROGRAMA\BORLAND\CBUILDER6\LIB\CP32MT.LIB|mbctype ACBP=A9
 0001:000AAE8C 0000001A C=CODE    S=_TEXT    G=(none)   M=C:\ARCHIVOS DE PROGRAMA\BORLAND\CBUILDER6\LIB\CP32MT.LIB|mbisspc ACBP=A9
 0001:000AAEA8 00000056 C=CODE    S=_TEXT    G=(none)   M=C:\ARCHIVOS DE PROGRAMA\BORLAND\CBUILDER6\LIB\CP32MT.LIB|mbsrchr ACBP=A9
 0001:000AAF00 000000A6 C=CODE    S=_TEXT    G=(none)   M=C:\ARCHIVOS DE PROGRAMA\BORLAND\CBUILDER6\LIB\CP32MT.LIB|assert ACBP=A9
 0001:000AAFA8 000000B8 C=CODE    S=_TEXT    G=(none)   M=C:\ARCHIVOS DE PROGRAMA\BORLAND\CBUILDER6\LIB\CP32MT.LIB|ermsghlp ACBP=A9
 0001:000AB060 0000001E C=CODE    S=_TEXT    G=(none)   M=C:\ARCHIVOS DE PROGRAMA\BORLAND\CBUILDER6\LIB\CP32MT.LIB|errno ACBP=A9
 0001:000AB080 0000019B C=CODE    S=_TEXT    G=(none)   M=C:\ARCHIVOS DE PROGRAMA\BORLAND\CBUILDER6\LIB\CP32MT.LIB|errormsg ACBP=A9
 0001:000AB21C 00000022 C=CODE    S=_TEXT    G=(none)   M=C:\ARCHIVOS DE PROGRAMA\BORLAND\CBUILDER6\LIB\CP32MT.LIB|abort ACBP=A9
 0001:000AB240 000000BF C=CODE    S=_TEXT    G=(none)   M=C:\ARCHIVOS DE PROGRAMA\BORLAND\CBUILDER6\LIB\CP32MT.LIB|exit ACBP=A9
 0001:000AB300 0000001A C=CODE    S=_TEXT    G=(none)   M=C:\ARCHIVOS DE PROGRAMA\BORLAND\CBUILDER6\LIB\CP32MT.LIB|initwild ACBP=A9
 0001:000AB31C 00000011 C=CODE    S=_TEXT    G=(none)   M=C:\ARCHIVOS DE PROGRAMA\BORLAND\CBUILDER6\LIB\CP32MT.LIB|exparg ACBP=A9
 0001:000AB330 00000011 C=CODE    S=_TEXT    G=(none)   M=C:\ARCHIVOS DE PROGRAMA\BORLAND\CBUILDER6\LIB\CP32MT.LIB|wexparg ACBP=A9
 0001:000AB344 00000027 C=CODE    S=_TEXT    G=(none)   M=C:\ARCHIVOS DE PROGRAMA\BORLAND\CBUILDER6\LIB\CP32MT.LIB|initargv ACBP=A9
 0001:000AB36C 0000016C C=CODE    S=_TEXT    G=(none)   M=C:\ARCHIVOS DE PROGRAMA\BORLAND\CBUILDER6\LIB\CP32MT.LIB|setargv ACBP=A9
 0001:000AB4D8 000001E5 C=CODE    S=_TEXT    G=(none)   M=C:\ARCHIVOS DE PROGRAMA\BORLAND\CBUILDER6\LIB\CP32MT.LIB|hsargv ACBP=A9
 0001:000AB6C0 00000227 C=CODE    S=_TEXT    G=(none)   M=C:\ARCHIVOS DE PROGRAMA\BORLAND\CBUILDER6\LIB\CP32MT.LIB|whsargv ACBP=A9
 0001:000AB8E8 00000045 C=CODE    S=_TEXT    G=(none)   M=C:\ARCHIVOS DE PROGRAMA\BORLAND\CBUILDER6\LIB\CP32MT.LIB|setargv0 ACBP=A9
 0001:000AB930 000001D2 C=CODE    S=_TEXT    G=(none)   M=C:\ARCHIVOS DE PROGRAMA\BORLAND\CBUILDER6\LIB\CP32MT.LIB|setenvp ACBP=A9
 0001:000ABB04 00000388 C=CODE    S=_TEXT    G=(none)   M=C:\ARCHIVOS DE PROGRAMA\BORLAND\CBUILDER6\LIB\CP32MT.LIB|signal ACBP=A9
 0001:000ABE8C 0000018B C=CODE    S=_TEXT    G=(none)   M=C:\ARCHIVOS DE PROGRAMA\BORLAND\CBUILDER6\LIB\CP32MT.LIB|initexit ACBP=A9
 0001:000AC018 000001A4 C=CODE    S=_TEXT    G=(none)   M=C:\ARCHIVOS DE PROGRAMA\BORLAND\CBUILDER6\LIB\CP32MT.LIB|startup ACBP=A9
 0001:000AC1BC 00000067 C=CODE    S=_TEXT    G=(none)   M=C:\ARCHIVOS DE PROGRAMA\BORLAND\CBUILDER6\LIB\CP32MT.LIB|tls ACBP=A9
 0001:000AC224 0000004F C=CODE    S=_TEXT    G=(none)   M=C:\ARCHIVOS DE PROGRAMA\BORLAND\CBUILDER6\LIB\CP32MT.LIB|tlsstat ACBP=A9
 0001:000AC274 000001C7 C=CODE    S=_TEXT    G=(none)   M=C:\ARCHIVOS DE PROGRAMA\BORLAND\CBUILDER6\LIB\CP32MT.LIB|thrddata ACBP=A9
 0001:000AC43C 000000D5 C=CODE    S=_TEXT    G=(none)   M=C:\ARCHIVOS DE PROGRAMA\BORLAND\CBUILDER6\LIB\CP32MT.LIB|_lock ACBP=A9
 0001:000AC514 00003CF0 C=CODE    S=_TEXT    G=(none)   M=C:\ARCHIVOS DE PROGRAMA\BORLAND\CBUILDER6\LIB\CP32MT.LIB|xx ACBP=A9
 0001:000B01B8 0000000A C=CODE    S=_TEXT    G=(none)   M=C:\ARCHIVOS DE PROGRAMA\BORLAND\CBUILDER6\LIB\RELEASE\VCLE.LIB|_t_Contr ACBP=A9
 0001:000B01BD 0000000D C=CODE    S=_TEXT    G=(none)   M=C:\ARCHIVOS DE PROGRAMA\BORLAND\CBUILDER6\LIB\RELEASE\VCLE.LIB|_t_Forms ACBP=A9
 0001:000B01C5 0000038C C=CODE    S=_TEXT    G=(none)   M=C:\ARCHIVOS DE PROGRAMA\BORLAND\CBUILDER6\LIB\RELEASE\VCLE.LIB|dstring ACBP=A9
 0001:000B0505 0000005F C=CODE    S=_TEXT    G=(none)   M=C:\ARCHIVOS DE PROGRAMA\BORLAND\CBUILDER6\LIB\RELEASE\VCLE.LIB|syssupp ACBP=A9
 0001:000B0514 00000156 C=CODE    S=_TEXT    G=(none)   M=C:\ARCHIVOS DE PROGRAMA\BORLAND\CBUILDER6\LIB\RELEASE\VCLE.LIB|vclinit ACBP=A9
 0001:000B061C 00000031 C=CODE    S=_TEXT    G=(none)   M=C:\ARCHIVOS DE PROGRAMA\BORLAND\CBUILDER6\LIB\RELEASE\VCLE.LIB|classcre ACBP=A9
 0002:00000000 000000A4 C=DATA    S=_DATA    G=DGROUP   M=C:\ARCHIVOS DE PROGRAMA\BORLAND\CBUILDER6\LIB\C0W32.OBJ ACBP=A9
 0002:000000A4 0000002C C=DATA    S=_DATA    G=DGROUP   M=C:\ARCHIVOS DE PROGRAMA\BORLAND\CBUILDER6\LIB\OBJ\SYSINIT.OBJ ACBP=A9
 0002:000000C0 000000F4 C=DATA    S=_DATA    G=DGROUP   M=C:\DOCUMENTS AND SETTINGS\PAKETE\MIS DOCUMENTOS\RESUL\C\ENT-GRENT-NENT\GRENT\GRENT.OBJ ACBP=A9
 0002:000001B4 000007A0 C=DATA    S=_DATA    G=DGROUP   M=C:\DOCUMENTS AND SETTINGS\PAKETE\MIS DOCUMENTOS\RESUL\C\ENT-GRENT-NENT\GRENT\MAIN.OBJ ACBP=A9
 0002:00000954 000001D0 C=DATA    S=_DATA    G=DGROUP   M=C:\DOCUMENTS AND SETTINGS\PAKETE\MIS DOCUMENTOS\RESUL\C\ENT-GRENT-NENT\GRENT\TWORKTHREAD.OBJ ACBP=A9
 0002:00000B24 00000264 C=DATA    S=_DATA    G=DGROUP   M=C:\DOCUMENTS AND SETTINGS\PAKETE\MIS DOCUMENTOS\RESUL\C\ENT-GRENT-NENT\GRENT\TPROGRESSDLG.OBJ ACBP=A9
 0002:00000D74 0000003C C=DATA    S=_DATA    G=DGROUP   M=C:\ARCHIVOS DE PROGRAMA\BORLAND\CBUILDER6\LIB\RELEASE\DBRTL.LIB|SqlTimSt ACBP=A9
 0002:00000DB0 0000003B C=DATA    S=_DATA    G=DGROUP   M=C:\ARCHIVOS DE PROGRAMA\BORLAND\CBUILDER6\LIB\RELEASE\DBRTL.LIB|FMTBcd ACBP=A9
 0002:00000DEA 000000C0 C=DATA    S=_DATA    G=DGROUP   M=C:\ARCHIVOS DE PROGRAMA\BORLAND\CBUILDER6\LIB\RELEASE\DBRTL.LIB|DB ACBP=A9
 0002:00000E84 00000038 C=DATA    S=_DATA    G=DGROUP   M=C:\ARCHIVOS DE PROGRAMA\BORLAND\CBUILDER6\LIB\TEE.LIB|Series ACBP=A9
 0002:00000EBC 0000000A C=DATA    S=_DATA    G=DGROUP   M=C:\ARCHIVOS DE PROGRAMA\BORLAND\CBUILDER6\LIB\TEE.LIB|Chart ACBP=A9
 0002:00000EC6 0000002C C=DATA    S=_DATA    G=DGROUP   M=C:\ARCHIVOS DE PROGRAMA\BORLAND\CBUILDER6\LIB\TEE.LIB|TeEngine ACBP=A9
 0002:00000EF2 0000014A C=DATA    S=_DATA    G=DGROUP   M=C:\ARCHIVOS DE PROGRAMA\BORLAND\CBUILDER6\LIB\TEE.LIB|TeeProcs ACBP=A9
 0002:0000103C 00000010 C=DATA    S=_DATA    G=DGROUP   M=C:\ARCHIVOS DE PROGRAMA\BORLAND\CBUILDER6\LIB\TEE.LIB|TeCanvas ACBP=A9
 0002:0000104C 00000010 C=DATA    S=_DATA    G=DGROUP   M=C:\ARCHIVOS DE PROGRAMA\BORLAND\CBUILDER6\LIB\RELEASE\RTL.LIB|Windows ACBP=A9
 0002:0000104C 00000010 C=DATA    S=_DATA    G=DGROUP   M=C:\ARCHIVOS DE PROGRAMA\BORLAND\CBUILDER6\LIB\RELEASE\RTL.LIB|UrlMon ACBP=A9
 0002:0000104C 00000010 C=DATA    S=_DATA    G=DGROUP   M=C:\ARCHIVOS DE PROGRAMA\BORLAND\CBUILDER6\LIB\RELEASE\RTL.LIB|ShlObj ACBP=A9
 0002:0000104C 00000009 C=DATA    S=_DATA    G=DGROUP   M=C:\ARCHIVOS DE PROGRAMA\BORLAND\CBUILDER6\LIB\RELEASE\RTL.LIB|Mapi ACBP=A9
 0002:00001054 00000020 C=DATA    S=_DATA    G=DGROUP   M=C:\ARCHIVOS DE PROGRAMA\BORLAND\CBUILDER6\LIB\RELEASE\RTL.LIB|ActiveX ACBP=A9
 0002:00001064 00000001 C=DATA    S=_DATA    G=DGROUP   M=C:\ARCHIVOS DE PROGRAMA\BORLAND\CBUILDER6\LIB\RELEASE\RTL.LIB|MaskUtils ACBP=A9
 0002:00001064 00000074 C=DATA    S=_DATA    G=DGROUP   M=C:\ARCHIVOS DE PROGRAMA\BORLAND\CBUILDER6\LIB\RELEASE\RTL.LIB|Classes ACBP=A9
 0002:000010D8 0000000C C=DATA    S=_DATA    G=DGROUP   M=C:\ARCHIVOS DE PROGRAMA\BORLAND\CBUILDER6\LIB\RELEASE\RTL.LIB|TypInfo ACBP=A9
 0002:000010E4 0000003A C=DATA    S=_DATA    G=DGROUP   M=C:\ARCHIVOS DE PROGRAMA\BORLAND\CBUILDER6\LIB\RELEASE\RTL.LIB|StrUtils ACBP=A9
 0002:000010E4 00000008 C=DATA    S=_DATA    G=DGROUP   M=C:\ARCHIVOS DE PROGRAMA\BORLAND\CBUILDER6\LIB\RELEASE\RTL.LIB|Registry ACBP=A9
 0002:000010EC 00000008 C=DATA    S=_DATA    G=DGROUP   M=C:\ARCHIVOS DE PROGRAMA\BORLAND\CBUILDER6\LIB\RELEASE\RTL.LIB|Math ACBP=A9
 0002:000010EC 00000008 C=DATA    S=_DATA    G=DGROUP   M=C:\ARCHIVOS DE PROGRAMA\BORLAND\CBUILDER6\LIB\RELEASE\RTL.LIB|IniFiles ACBP=A9
 0002:000010F4 0000000E C=DATA    S=_DATA    G=DGROUP   M=C:\ARCHIVOS DE PROGRAMA\BORLAND\CBUILDER6\LIB\RELEASE\RTL.LIB|DateUtils ACBP=A9
 0002:000010F4 00000008 C=DATA    S=_DATA    G=DGROUP   M=C:\ARCHIVOS DE PROGRAMA\BORLAND\CBUILDER6\LIB\RELEASE\RTL.LIB|Contnrs ACBP=A9
 0002:000010F4 00000034 C=DATA    S=_DATA    G=DGROUP   M=C:\ARCHIVOS DE PROGRAMA\BORLAND\CBUILDER6\LIB\RELEASE\RTL.LIB|ComObj ACBP=A9
 0002:00001124 00000284 C=DATA    S=_DATA    G=DGROUP   M=C:\ARCHIVOS DE PROGRAMA\BORLAND\CBUILDER6\LIB\RELEASE\RTL.LIB|SysUtils ACBP=A9
 0002:00001398 00000108 C=DATA    S=_DATA    G=DGROUP   M=C:\ARCHIVOS DE PROGRAMA\BORLAND\CBUILDER6\LIB\RELEASE\RTL.LIB|VarUtils ACBP=A9
 0002:000014A0 00000176 C=DATA    S=_DATA    G=DGROUP   M=C:\ARCHIVOS DE PROGRAMA\BORLAND\CBUILDER6\LIB\RELEASE\RTL.LIB|Variants ACBP=A9
 0002:00001616 00000096 C=DATA    S=_DATA    G=DGROUP   M=C:\ARCHIVOS DE PROGRAMA\BORLAND\CBUILDER6\LIB\RELEASE\RTL.LIB|System ACBP=A9
 0002:000016A8 00000008 C=DATA    S=_DATA    G=DGROUP   M=C:\ARCHIVOS DE PROGRAMA\BORLAND\CBUILDER6\LIB\RELEASE\VCL.LIB|ExtActns ACBP=A9
 0002:000016A8 00000004 C=DATA    S=_DATA    G=DGROUP   M=C:\ARCHIVOS DE PROGRAMA\BORLAND\CBUILDER6\LIB\RELEASE\VCL.LIB|StdActns ACBP=A9
 0002:000016A8 0000002C C=DATA    S=_DATA    G=DGROUP   M=C:\ARCHIVOS DE PROGRAMA\BORLAND\CBUILDER6\LIB\RELEASE\VCL.LIB|ImgList ACBP=A9
 0002:000016C8 00000004 C=DATA    S=_DATA    G=DGROUP   M=C:\ARCHIVOS DE PROGRAMA\BORLAND\CBUILDER6\LIB\RELEASE\VCL.LIB|ActnList ACBP=A9
 0002:000016C8 00000020 C=DATA    S=_DATA    G=DGROUP   M=C:\ARCHIVOS DE PROGRAMA\BORLAND\CBUILDER6\LIB\RELEASE\VCL.LIB|ToolWin ACBP=A9
 0002:000016E8 0000009C C=DATA    S=_DATA    G=DGROUP   M=C:\ARCHIVOS DE PROGRAMA\BORLAND\CBUILDER6\LIB\RELEASE\VCL.LIB|StdCtrls ACBP=A9
 0002:00001778 0000000C C=DATA    S=_DATA    G=DGROUP   M=C:\ARCHIVOS DE PROGRAMA\BORLAND\CBUILDER6\LIB\RELEASE\VCL.LIB|Printers ACBP=A9
 0002:0000177C 000000EC C=DATA    S=_DATA    G=DGROUP   M=C:\ARCHIVOS DE PROGRAMA\BORLAND\CBUILDER6\LIB\RELEASE\VCL.LIB|Menus ACBP=A9
 0002:00001868 00000304 C=DATA    S=_DATA    G=DGROUP   M=C:\ARCHIVOS DE PROGRAMA\BORLAND\CBUILDER6\LIB\RELEASE\VCL.LIB|Graphics ACBP=A9
 0002:00001B6C 00000138 C=DATA    S=_DATA    G=DGROUP   M=C:\ARCHIVOS DE PROGRAMA\BORLAND\CBUILDER6\LIB\RELEASE\VCL.LIB|Forms ACBP=A9
 0002:00001CA4 00000024 C=DATA    S=_DATA    G=DGROUP   M=C:\ARCHIVOS DE PROGRAMA\BORLAND\CBUILDER6\LIB\RELEASE\VCL.LIB|ExtCtrls ACBP=A9
 0002:00001CB8 00000100 C=DATA    S=_DATA    G=DGROUP   M=C:\ARCHIVOS DE PROGRAMA\BORLAND\CBUILDER6\LIB\RELEASE\VCL.LIB|Dialogs ACBP=A9
 0002:00001D8C 0000013C C=DATA    S=_DATA    G=DGROUP   M=C:\ARCHIVOS DE PROGRAMA\BORLAND\CBUILDER6\LIB\RELEASE\VCL.LIB|Controls ACBP=A9
 0002:00001EC8 0000016C C=DATA    S=_DATA    G=DGROUP   M=C:\ARCHIVOS DE PROGRAMA\BORLAND\CBUILDER6\LIB\RELEASE\VCL.LIB|ComCtrls ACBP=A9
 0002:00002034 0000008A C=DATA    S=_DATA    G=DGROUP   M=C:\ARCHIVOS DE PROGRAMA\BORLAND\CBUILDER6\LIB\RELEASE\VCL.LIB|Buttons ACBP=A9
 0002:000020BC 00000070 C=DATA    S=_DATA    G=DGROUP   M=C:\ARCHIVOS DE PROGRAMA\BORLAND\CBUILDER6\LIB\CP32MT.LIB|new ACBP=A9
 0002:0000212C 00000088 C=DATA    S=_DATA    G=DGROUP   M=C:\ARCHIVOS DE PROGRAMA\BORLAND\CBUILDER6\LIB\CP32MT.LIB|setnew ACBP=A9
 0002:000021A0 00000160 C=DATA    S=_DATA    G=DGROUP   M=C:\ARCHIVOS DE PROGRAMA\BORLAND\CBUILDER6\LIB\CP32MT.LIB|hrdir_b ACBP=A9
 0002:00002300 00000020 C=DATA    S=_DATA    G=DGROUP   M=C:\ARCHIVOS DE PROGRAMA\BORLAND\CBUILDER6\LIB\CP32MT.LIB|hrdir_s ACBP=A9
 0002:00002320 00000088 C=DATA    S=_DATA    G=DGROUP   M=C:\ARCHIVOS DE PROGRAMA\BORLAND\CBUILDER6\LIB\CP32MT.LIB|predecl ACBP=A9
 0002:000023A8 000000CD C=DATA    S=_DATA    G=DGROUP   M=C:\ARCHIVOS DE PROGRAMA\BORLAND\CBUILDER6\LIB\CP32MT.LIB|stdexcpt ACBP=A9
 0002:00002474 00000004 C=DATA    S=_DATA    G=DGROUP   M=C:\ARCHIVOS DE PROGRAMA\BORLAND\CBUILDER6\LIB\CP32MT.LIB|xx_xpf ACBP=A9
 0002:00002478 00000348 C=DATA    S=_DATA    G=DGROUP   M=C:\ARCHIVOS DE PROGRAMA\BORLAND\CBUILDER6\LIB\CP32MT.LIB|xxtype ACBP=A9
 0002:000027C0 0000003C C=DATA    S=_DATA    G=DGROUP   M=C:\ARCHIVOS DE PROGRAMA\BORLAND\CBUILDER6\LIB\CP32MT.LIB|xxut ACBP=A9
 0002:000027FC 000000E4 C=DATA    S=_DATA    G=DGROUP   M=C:\ARCHIVOS DE PROGRAMA\BORLAND\CBUILDER6\LIB\CP32MT.LIB|xxv ACBP=A9
 0002:000028E0 00000014 C=DATA    S=_DATA    G=DGROUP   M=C:\ARCHIVOS DE PROGRAMA\BORLAND\CBUILDER6\LIB\CP32MT.LIB|except ACBP=A9
 0002:000028F4 00000004 C=DATA    S=_DATA    G=DGROUP   M=C:\ARCHIVOS DE PROGRAMA\BORLAND\CBUILDER6\LIB\CP32MT.LIB|_cfinfo ACBP=A9
 0002:000028F8 00000004 C=DATA    S=_DATA    G=DGROUP   M=C:\ARCHIVOS DE PROGRAMA\BORLAND\CBUILDER6\LIB\CP32MT.LIB|cfinfo ACBP=A9
 0002:000028FC 000004B0 C=DATA    S=_DATA    G=DGROUP   M=C:\ARCHIVOS DE PROGRAMA\BORLAND\CBUILDER6\LIB\CP32MT.LIB|files ACBP=A9
 0002:00002DAC 000000CC C=DATA    S=_DATA    G=DGROUP   M=C:\ARCHIVOS DE PROGRAMA\BORLAND\CBUILDER6\LIB\CP32MT.LIB|files2 ACBP=A9
 0002:00002E78 00000004 C=DATA    S=_DATA    G=DGROUP   M=C:\ARCHIVOS DE PROGRAMA\BORLAND\CBUILDER6\LIB\CP32MT.LIB|fmode ACBP=A9
 0002:00002E7C 00000004 C=DATA    S=_DATA    G=DGROUP   M=C:\ARCHIVOS DE PROGRAMA\BORLAND\CBUILDER6\LIB\CP32MT.LIB|fmodeptr ACBP=A9
 0002:00002E80 00000064 C=DATA    S=_DATA    G=DGROUP   M=C:\ARCHIVOS DE PROGRAMA\BORLAND\CBUILDER6\LIB\CP32MT.LIB|handles ACBP=A9
 0002:00002EE4 0000012B C=DATA    S=_DATA    G=DGROUP   M=C:\ARCHIVOS DE PROGRAMA\BORLAND\CBUILDER6\LIB\CP32MT.LIB|ioerror ACBP=A9
 0002:00003010 0000047C C=DATA    S=_DATA    G=DGROUP   M=C:\ARCHIVOS DE PROGRAMA\BORLAND\CBUILDER6\LIB\CP32MT.LIB|perror ACBP=A9
 0002:0000348C 00000068 C=DATA    S=_DATA    G=DGROUP   M=C:\ARCHIVOS DE PROGRAMA\BORLAND\CBUILDER6\LIB\CP32MT.LIB|streams ACBP=A9
 0002:000034F4 00000076 C=DATA    S=_DATA    G=DGROUP   M=C:\ARCHIVOS DE PROGRAMA\BORLAND\CBUILDER6\LIB\CP32MT.LIB|vprinter ACBP=A9
 0002:0000356C 00000202 C=DATA    S=_DATA    G=DGROUP   M=C:\ARCHIVOS DE PROGRAMA\BORLAND\CBUILDER6\LIB\CP32MT.LIB|bigctype ACBP=A9
 0002:00003770 00000260 C=DATA    S=_DATA    G=DGROUP   M=C:\ARCHIVOS DE PROGRAMA\BORLAND\CBUILDER6\LIB\CP32MT.LIB|clocale ACBP=A9
 0002:000039D0 00000010 C=DATA    S=_DATA    G=DGROUP   M=C:\ARCHIVOS DE PROGRAMA\BORLAND\CBUILDER6\LIB\CP32MT.LIB|_matherr ACBP=A9
 0002:000039E0 000000C0 C=DATA    S=_DATA    G=DGROUP   M=C:\ARCHIVOS DE PROGRAMA\BORLAND\CBUILDER6\LIB\CP32MT.LIB|_pow10 ACBP=A9
 0002:00003AA0 00000068 C=DATA    S=_DATA    G=DGROUP   M=C:\ARCHIVOS DE PROGRAMA\BORLAND\CBUILDER6\LIB\CP32MT.LIB|cvtfak ACBP=A9
 0002:00003B08 00000068 C=DATA    S=_DATA    G=DGROUP   M=C:\ARCHIVOS DE PROGRAMA\BORLAND\CBUILDER6\LIB\CP32MT.LIB|cvtfakw ACBP=A9
 0002:00003B70 00000004 C=DATA    S=_DATA    G=DGROUP   M=C:\ARCHIVOS DE PROGRAMA\BORLAND\CBUILDER6\LIB\CP32MT.LIB|deflt87 ACBP=A9
 0002:00003B74 00000016 C=DATA    S=_DATA    G=DGROUP   M=C:\ARCHIVOS DE PROGRAMA\BORLAND\CBUILDER6\LIB\CP32MT.LIB|f87log ACBP=A9
 0002:00003B8C 0000007C C=DATA    S=_DATA    G=DGROUP   M=C:\ARCHIVOS DE PROGRAMA\BORLAND\CBUILDER6\LIB\CP32MT.LIB|hugeval ACBP=A9
 0002:00003C08 00000008 C=DATA    S=_DATA    G=DGROUP   M=C:\ARCHIVOS DE PROGRAMA\BORLAND\CBUILDER6\LIB\CP32MT.LIB|initcvt ACBP=A9
 0002:00003C10 00000010 C=DATA    S=_DATA    G=DGROUP   M=C:\ARCHIVOS DE PROGRAMA\BORLAND\CBUILDER6\LIB\CP32MT.LIB|log10 ACBP=A9
 0002:00003C20 00000008 C=DATA    S=_DATA    G=DGROUP   M=C:\ARCHIVOS DE PROGRAMA\BORLAND\CBUILDER6\LIB\CP32MT.LIB|mathptr ACBP=A9
 0002:00003C28 00000044 C=DATA    S=_DATA    G=DGROUP   M=C:\ARCHIVOS DE PROGRAMA\BORLAND\CBUILDER6\LIB\CP32MT.LIB|mathwhy ACBP=A9
 0002:00003C6C 00000014 C=DATA    S=_DATA    G=DGROUP   M=C:\ARCHIVOS DE PROGRAMA\BORLAND\CBUILDER6\LIB\CP32MT.LIB|realcvt ACBP=A9
 0002:00003C80 00000028 C=DATA    S=_DATA    G=DGROUP   M=C:\ARCHIVOS DE PROGRAMA\BORLAND\CBUILDER6\LIB\CP32MT.LIB|realcvtw ACBP=A9
 0002:00003CA8 00000028 C=DATA    S=_DATA    G=DGROUP   M=C:\ARCHIVOS DE PROGRAMA\BORLAND\CBUILDER6\LIB\CP32MT.LIB|scantod ACBP=A9
 0002:00003CD0 00000028 C=DATA    S=_DATA    G=DGROUP   M=C:\ARCHIVOS DE PROGRAMA\BORLAND\CBUILDER6\LIB\CP32MT.LIB|scanwtod ACBP=A9
 0002:00003CF8 00000048 C=DATA    S=_DATA    G=DGROUP   M=C:\ARCHIVOS DE PROGRAMA\BORLAND\CBUILDER6\LIB\CP32MT.LIB|mbctype ACBP=A9
 0002:00003D40 00000024 C=DATA    S=_DATA    G=DGROUP   M=C:\ARCHIVOS DE PROGRAMA\BORLAND\CBUILDER6\LIB\CP32MT.LIB|assert ACBP=A9
 0002:00003D64 00000024 C=DATA    S=_DATA    G=DGROUP   M=C:\ARCHIVOS DE PROGRAMA\BORLAND\CBUILDER6\LIB\CP32MT.LIB|ermsghlp ACBP=A9
 0002:00003D88 00000010 C=DATA    S=_DATA    G=DGROUP   M=C:\ARCHIVOS DE PROGRAMA\BORLAND\CBUILDER6\LIB\CP32MT.LIB|errormsg ACBP=A9
 0002:00003D98 00000020 C=DATA    S=_DATA    G=DGROUP   M=C:\ARCHIVOS DE PROGRAMA\BORLAND\CBUILDER6\LIB\CP32MT.LIB|abort ACBP=A9
 0002:00003DB8 00000004 C=DATA    S=_DATA    G=DGROUP   M=C:\ARCHIVOS DE PROGRAMA\BORLAND\CBUILDER6\LIB\CP32MT.LIB|patexit ACBP=A9
 0002:00003DBC 0000000C C=DATA    S=_DATA    G=DGROUP   M=C:\ARCHIVOS DE PROGRAMA\BORLAND\CBUILDER6\LIB\CP32MT.LIB|exit ACBP=A9
 0002:00003DC8 00000008 C=DATA    S=_DATA    G=DGROUP   M=C:\ARCHIVOS DE PROGRAMA\BORLAND\CBUILDER6\LIB\CP32MT.LIB|saptr ACBP=A9
 0002:00003DD0 00000008 C=DATA    S=_DATA    G=DGROUP   M=C:\ARCHIVOS DE PROGRAMA\BORLAND\CBUILDER6\LIB\CP32MT.LIB|wsaptr ACBP=A9
 0002:00003DD8 00000054 C=DATA    S=_DATA    G=DGROUP   M=C:\ARCHIVOS DE PROGRAMA\BORLAND\CBUILDER6\LIB\CP32MT.LIB|setargv ACBP=A9
 0002:00003E2C 00000028 C=DATA    S=_DATA    G=DGROUP   M=C:\ARCHIVOS DE PROGRAMA\BORLAND\CBUILDER6\LIB\CP32MT.LIB|hsargv ACBP=A9
 0002:00003E54 00000024 C=DATA    S=_DATA    G=DGROUP   M=C:\ARCHIVOS DE PROGRAMA\BORLAND\CBUILDER6\LIB\CP32MT.LIB|whsargv ACBP=A9
 0002:00003E78 00000004 C=DATA    S=_DATA    G=DGROUP   M=C:\ARCHIVOS DE PROGRAMA\BORLAND\CBUILDER6\LIB\CP32MT.LIB|wildptr ACBP=A9
 0002:00003E7C 00000004 C=DATA    S=_DATA    G=DGROUP   M=C:\ARCHIVOS DE PROGRAMA\BORLAND\CBUILDER6\LIB\CP32MT.LIB|wwildptr ACBP=A9
 0002:00003E80 00000020 C=DATA    S=_DATA    G=DGROUP   M=C:\ARCHIVOS DE PROGRAMA\BORLAND\CBUILDER6\LIB\CP32MT.LIB|setargv0 ACBP=A9
 0002:00003EA0 0000006C C=DATA    S=_DATA    G=DGROUP   M=C:\ARCHIVOS DE PROGRAMA\BORLAND\CBUILDER6\LIB\CP32MT.LIB|setenvp ACBP=A9
 0002:00003F0C 0000005E C=DATA    S=_DATA    G=DGROUP   M=C:\ARCHIVOS DE PROGRAMA\BORLAND\CBUILDER6\LIB\CP32MT.LIB|signal ACBP=A9
 0002:00003F6C 00000004 C=DATA    S=_DATA    G=DGROUP   M=C:\ARCHIVOS DE PROGRAMA\BORLAND\CBUILDER6\LIB\CP32MT.LIB|globals ACBP=A9
 0002:00003F70 0000001C C=DATA    S=_DATA    G=DGROUP   M=C:\ARCHIVOS DE PROGRAMA\BORLAND\CBUILDER6\LIB\CP32MT.LIB|initexit ACBP=A9
 0002:00003F8C 0000001C C=DATA    S=_DATA    G=DGROUP   M=C:\ARCHIVOS DE PROGRAMA\BORLAND\CBUILDER6\LIB\CP32MT.LIB|thrddata ACBP=A9
 0002:00003FA8 00000014 C=DATA    S=_DATA    G=DGROUP   M=C:\ARCHIVOS DE PROGRAMA\BORLAND\CBUILDER6\LIB\CP32MT.LIB|_lock ACBP=A9
 0002:00003FBC 000013E8 C=DATA    S=_DATA    G=DGROUP   M=C:\ARCHIVOS DE PROGRAMA\BORLAND\CBUILDER6\LIB\CP32MT.LIB|xx ACBP=A9
 0002:000053A4 000001DC C=DATA    S=_DATA    G=DGROUP   M=C:\ARCHIVOS DE PROGRAMA\BORLAND\CBUILDER6\LIB\RELEASE\VCLE.LIB|dstring ACBP=A9
 0002:0000556C 00000038 C=DATA    S=_DATA    G=DGROUP   M=C:\ARCHIVOS DE PROGRAMA\BORLAND\CBUILDER6\LIB\RELEASE\VCLE.LIB|syssupp ACBP=A9
 0002:0000556C 0000006C C=DATA    S=_DATA    G=DGROUP   M=C:\ARCHIVOS DE PROGRAMA\BORLAND\CBUILDER6\LIB\RELEASE\VCLE.LIB|vclinit ACBP=A9
 0002:000055D8 00000594 C=DATA    S=_DATA    G=DGROUP   M=<internal> ACBP=A9
 0003:00000000 0000001C C=BSS     S=_BSS     G=DGROUP   M=C:\ARCHIVOS DE PROGRAMA\BORLAND\CBUILDER6\LIB\OBJ\SYSINIT.OBJ ACBP=A9
 0003:0000001C 00000008 C=BSS     S=_BSS     G=DGROUP   M=C:\DOCUMENTS AND SETTINGS\PAKETE\MIS DOCUMENTOS\RESUL\C\ENT-GRENT-NENT\GRENT\MAIN.OBJ ACBP=A9
 0003:00000024 00000004 C=BSS     S=_BSS     G=DGROUP   M=C:\DOCUMENTS AND SETTINGS\PAKETE\MIS DOCUMENTOS\RESUL\C\ENT-GRENT-NENT\GRENT\TWORKTHREAD.OBJ ACBP=A9
 0003:00000028 00000008 C=BSS     S=_BSS     G=DGROUP   M=C:\DOCUMENTS AND SETTINGS\PAKETE\MIS DOCUMENTOS\RESUL\C\ENT-GRENT-NENT\GRENT\TPROGRESSDLG.OBJ ACBP=A9
 0003:00000030 00000004 C=BSS     S=_BSS     G=DGROUP   M=C:\ARCHIVOS DE PROGRAMA\BORLAND\CBUILDER6\LIB\RELEASE\VCLDB.LIB|VDBConsts ACBP=A9
 0003:00000034 00000004 C=BSS     S=_BSS     G=DGROUP   M=C:\ARCHIVOS DE PROGRAMA\BORLAND\CBUILDER6\LIB\RELEASE\VCLDB.LIB|DBLogDlg ACBP=A9
 0003:00000038 00000004 C=BSS     S=_BSS     G=DGROUP   M=C:\ARCHIVOS DE PROGRAMA\BORLAND\CBUILDER6\LIB\RELEASE\DBRTL.LIB|SqlTimSt ACBP=A9
 0003:0000003C 00000004 C=BSS     S=_BSS     G=DGROUP   M=C:\ARCHIVOS DE PROGRAMA\BORLAND\CBUILDER6\LIB\RELEASE\DBRTL.LIB|FMTBcd ACBP=A9
 0003:00000040 00000020 C=BSS     S=_BSS     G=DGROUP   M=C:\ARCHIVOS DE PROGRAMA\BORLAND\CBUILDER6\LIB\RELEASE\DBRTL.LIB|DB ACBP=A9
 0003:00000060 00000004 C=BSS     S=_BSS     G=DGROUP   M=C:\ARCHIVOS DE PROGRAMA\BORLAND\CBUILDER6\LIB\RELEASE\DBRTL.LIB|DBConsts ACBP=A9
 0003:00000064 00000004 C=BSS     S=_BSS     G=DGROUP   M=C:\ARCHIVOS DE PROGRAMA\BORLAND\CBUILDER6\LIB\TEE.LIB|Series ACBP=A9
 0003:00000068 00000004 C=BSS     S=_BSS     G=DGROUP   M=C:\ARCHIVOS DE PROGRAMA\BORLAND\CBUILDER6\LIB\TEE.LIB|TeeFunci ACBP=A9
 0003:0000006C 00000014 C=BSS     S=_BSS     G=DGROUP   M=C:\ARCHIVOS DE PROGRAMA\BORLAND\CBUILDER6\LIB\TEE.LIB|Chart ACBP=A9
 0003:00000080 00000004 C=BSS     S=_BSS     G=DGROUP   M=C:\ARCHIVOS DE PROGRAMA\BORLAND\CBUILDER6\LIB\TEE.LIB|TeEngine ACBP=A9
 0003:00000084 00000004 C=BSS     S=_BSS     G=DGROUP   M=C:\ARCHIVOS DE PROGRAMA\BORLAND\CBUILDER6\LIB\TEE.LIB|TeeProcs ACBP=A9
 0003:00000088 00000004 C=BSS     S=_BSS     G=DGROUP   M=C:\ARCHIVOS DE PROGRAMA\BORLAND\CBUILDER6\LIB\TEE.LIB|TeCanvas ACBP=A9
 0003:0000008C 00000004 C=BSS     S=_BSS     G=DGROUP   M=C:\ARCHIVOS DE PROGRAMA\BORLAND\CBUILDER6\LIB\TEE.LIB|TeeConst ACBP=A9
 0003:00000090 00000004 C=BSS     S=_BSS     G=DGROUP   M=C:\ARCHIVOS DE PROGRAMA\BORLAND\CBUILDER6\LIB\RELEASE\RTL.LIB|WinSpool ACBP=A9
 0003:00000094 00000004 C=BSS     S=_BSS     G=DGROUP   M=C:\ARCHIVOS DE PROGRAMA\BORLAND\CBUILDER6\LIB\RELEASE\RTL.LIB|WinInet ACBP=A9
 0003:00000098 00000004 C=BSS     S=_BSS     G=DGROUP   M=C:\ARCHIVOS DE PROGRAMA\BORLAND\CBUILDER6\LIB\RELEASE\RTL.LIB|Windows ACBP=A9
 0003:0000009C 00000004 C=BSS     S=_BSS     G=DGROUP   M=C:\ARCHIVOS DE PROGRAMA\BORLAND\CBUILDER6\LIB\RELEASE\RTL.LIB|UrlMon ACBP=A9
 0003:000000A0 00000004 C=BSS     S=_BSS     G=DGROUP   M=C:\ARCHIVOS DE PROGRAMA\BORLAND\CBUILDER6\LIB\RELEASE\RTL.LIB|ShlObj ACBP=A9
 0003:000000A4 00000004 C=BSS     S=_BSS     G=DGROUP   M=C:\ARCHIVOS DE PROGRAMA\BORLAND\CBUILDER6\LIB\RELEASE\RTL.LIB|ShellAPI ACBP=A9
 0003:000000A8 00000004 C=BSS     S=_BSS     G=DGROUP   M=C:\ARCHIVOS DE PROGRAMA\BORLAND\CBUILDER6\LIB\RELEASE\RTL.LIB|RichEdit ACBP=A9
 0003:000000AC 00000004 C=BSS     S=_BSS     G=DGROUP   M=C:\ARCHIVOS DE PROGRAMA\BORLAND\CBUILDER6\LIB\RELEASE\RTL.LIB|RegStr ACBP=A9
 0003:000000B0 00000031 C=BSS     S=_BSS     G=DGROUP   M=C:\ARCHIVOS DE PROGRAMA\BORLAND\CBUILDER6\LIB\RELEASE\RTL.LIB|MultiMon ACBP=A9
 0003:000000E4 00000004 C=BSS     S=_BSS     G=DGROUP   M=C:\ARCHIVOS DE PROGRAMA\BORLAND\CBUILDER6\LIB\RELEASE\RTL.LIB|Messages ACBP=A9
 0003:000000E8 00000004 C=BSS     S=_BSS     G=DGROUP   M=C:\ARCHIVOS DE PROGRAMA\BORLAND\CBUILDER6\LIB\RELEASE\RTL.LIB|Mapi ACBP=A9
 0003:000000EC 00000004 C=BSS     S=_BSS     G=DGROUP   M=C:\ARCHIVOS DE PROGRAMA\BORLAND\CBUILDER6\LIB\RELEASE\RTL.LIB|Imm ACBP=A9
 0003:000000F0 00000034 C=BSS     S=_BSS     G=DGROUP   M=C:\ARCHIVOS DE PROGRAMA\BORLAND\CBUILDER6\LIB\RELEASE\RTL.LIB|FlatSB ACBP=A9
 0003:00000124 00000004 C=BSS     S=_BSS     G=DGROUP   M=C:\ARCHIVOS DE PROGRAMA\BORLAND\CBUILDER6\LIB\RELEASE\RTL.LIB|Dlgs ACBP=A9
 0003:00000128 00000004 C=BSS     S=_BSS     G=DGROUP   M=C:\ARCHIVOS DE PROGRAMA\BORLAND\CBUILDER6\LIB\RELEASE\RTL.LIB|CommDlg ACBP=A9
 0003:0000012C 0000000C C=BSS     S=_BSS     G=DGROUP   M=C:\ARCHIVOS DE PROGRAMA\BORLAND\CBUILDER6\LIB\RELEASE\RTL.LIB|CommCtrl ACBP=A9
 0003:00000138 00000004 C=BSS     S=_BSS     G=DGROUP   M=C:\ARCHIVOS DE PROGRAMA\BORLAND\CBUILDER6\LIB\RELEASE\RTL.LIB|ActiveX ACBP=A9
 0003:0000013C 00000008 C=BSS     S=_BSS     G=DGROUP   M=C:\ARCHIVOS DE PROGRAMA\BORLAND\CBUILDER6\LIB\RELEASE\RTL.LIB|HelpIntfs ACBP=A9
 0003:00000144 00000004 C=BSS     S=_BSS     G=DGROUP   M=C:\ARCHIVOS DE PROGRAMA\BORLAND\CBUILDER6\LIB\RELEASE\RTL.LIB|MaskUtils ACBP=A9
 0003:00000148 00000044 C=BSS     S=_BSS     G=DGROUP   M=C:\ARCHIVOS DE PROGRAMA\BORLAND\CBUILDER6\LIB\RELEASE\RTL.LIB|Classes ACBP=A9
 0003:0000018C 00000004 C=BSS     S=_BSS     G=DGROUP   M=C:\ARCHIVOS DE PROGRAMA\BORLAND\CBUILDER6\LIB\RELEASE\RTL.LIB|TypInfo ACBP=A9
 0003:00000190 00000004 C=BSS     S=_BSS     G=DGROUP   M=C:\ARCHIVOS DE PROGRAMA\BORLAND\CBUILDER6\LIB\RELEASE\RTL.LIB|StrUtils ACBP=A9
 0003:00000194 00000004 C=BSS     S=_BSS     G=DGROUP   M=C:\ARCHIVOS DE PROGRAMA\BORLAND\CBUILDER6\LIB\RELEASE\RTL.LIB|Registry ACBP=A9
 0003:00000198 00000004 C=BSS     S=_BSS     G=DGROUP   M=C:\ARCHIVOS DE PROGRAMA\BORLAND\CBUILDER6\LIB\RELEASE\RTL.LIB|Math ACBP=A9
 0003:0000019C 00000004 C=BSS     S=_BSS     G=DGROUP   M=C:\ARCHIVOS DE PROGRAMA\BORLAND\CBUILDER6\LIB\RELEASE\RTL.LIB|IniFiles ACBP=A9
 0003:000001A0 00000004 C=BSS     S=_BSS     G=DGROUP   M=C:\ARCHIVOS DE PROGRAMA\BORLAND\CBUILDER6\LIB\RELEASE\RTL.LIB|DateUtils ACBP=A9
 0003:000001A4 00000004 C=BSS     S=_BSS     G=DGROUP   M=C:\ARCHIVOS DE PROGRAMA\BORLAND\CBUILDER6\LIB\RELEASE\RTL.LIB|Contnrs ACBP=A9
 0003:000001A8 00000004 C=BSS     S=_BSS     G=DGROUP   M=C:\ARCHIVOS DE PROGRAMA\BORLAND\CBUILDER6\LIB\RELEASE\RTL.LIB|RTLConsts ACBP=A9
 0003:000001AC 00000011 C=BSS     S=_BSS     G=DGROUP   M=C:\ARCHIVOS DE PROGRAMA\BORLAND\CBUILDER6\LIB\RELEASE\RTL.LIB|ComObj ACBP=A9
 0003:000001C0 00000004 C=BSS     S=_BSS     G=DGROUP   M=C:\ARCHIVOS DE PROGRAMA\BORLAND\CBUILDER6\LIB\RELEASE\RTL.LIB|ComConst ACBP=A9
 0003:000001C4 00000004 C=BSS     S=_BSS     G=DGROUP   M=C:\ARCHIVOS DE PROGRAMA\BORLAND\CBUILDER6\LIB\RELEASE\RTL.LIB|Types ACBP=A9
 0003:000001C8 00000124 C=BSS     S=_BSS     G=DGROUP   M=C:\ARCHIVOS DE PROGRAMA\BORLAND\CBUILDER6\LIB\RELEASE\RTL.LIB|SysUtils ACBP=A9
 0003:000002EC 00000004 C=BSS     S=_BSS     G=DGROUP   M=C:\ARCHIVOS DE PROGRAMA\BORLAND\CBUILDER6\LIB\RELEASE\RTL.LIB|SysConst ACBP=A9
 0003:000002F0 00000004 C=BSS     S=_BSS     G=DGROUP   M=C:\ARCHIVOS DE PROGRAMA\BORLAND\CBUILDER6\LIB\RELEASE\RTL.LIB|VarUtils ACBP=A9
 0003:000002F4 00000184 C=BSS     S=_BSS     G=DGROUP   M=C:\ARCHIVOS DE PROGRAMA\BORLAND\CBUILDER6\LIB\RELEASE\RTL.LIB|Variants ACBP=A9
 0003:00000478 00000714 C=BSS     S=_BSS     G=DGROUP   M=C:\ARCHIVOS DE PROGRAMA\BORLAND\CBUILDER6\LIB\RELEASE\RTL.LIB|System ACBP=A9
 0003:00000B8C 00000010 C=BSS     S=_BSS     G=DGROUP   M=C:\ARCHIVOS DE PROGRAMA\BORLAND\CBUILDER6\LIB\RELEASE\VCL.LIB|WinHelpViewer ACBP=A9
 0003:00000B9C 0000000D C=BSS     S=_BSS     G=DGROUP   M=C:\ARCHIVOS DE PROGRAMA\BORLAND\CBUILDER6\LIB\RELEASE\VCL.LIB|ExtActns ACBP=A9
 0003:00000BAC 00000004 C=BSS     S=_BSS     G=DGROUP   M=C:\ARCHIVOS DE PROGRAMA\BORLAND\CBUILDER6\LIB\RELEASE\VCL.LIB|StdActns ACBP=A9
 0003:00000BB0 00000004 C=BSS     S=_BSS     G=DGROUP   M=C:\ARCHIVOS DE PROGRAMA\BORLAND\CBUILDER6\LIB\RELEASE\VCL.LIB|ImgList ACBP=A9
 0003:00000BB4 00000004 C=BSS     S=_BSS     G=DGROUP   M=C:\ARCHIVOS DE PROGRAMA\BORLAND\CBUILDER6\LIB\RELEASE\VCL.LIB|ActnList ACBP=A9
 0003:00000BB8 00000004 C=BSS     S=_BSS     G=DGROUP   M=C:\ARCHIVOS DE PROGRAMA\BORLAND\CBUILDER6\LIB\RELEASE\VCL.LIB|ExtDlgs ACBP=A9
 0003:00000BBC 00000004 C=BSS     S=_BSS     G=DGROUP   M=C:\ARCHIVOS DE PROGRAMA\BORLAND\CBUILDER6\LIB\RELEASE\VCL.LIB|ToolWin ACBP=A9
 0003:00000BC0 00000004 C=BSS     S=_BSS     G=DGROUP   M=C:\ARCHIVOS DE PROGRAMA\BORLAND\CBUILDER6\LIB\RELEASE\VCL.LIB|StdCtrls ACBP=A9
 0003:00000BC4 00000004 C=BSS     S=_BSS     G=DGROUP   M=C:\ARCHIVOS DE PROGRAMA\BORLAND\CBUILDER6\LIB\RELEASE\VCL.LIB|Printers ACBP=A9
 0003:00000BC8 00000010 C=BSS     S=_BSS     G=DGROUP   M=C:\ARCHIVOS DE PROGRAMA\BORLAND\CBUILDER6\LIB\RELEASE\VCL.LIB|Menus ACBP=A9
 0003:00000BD8 00000004 C=BSS     S=_BSS     G=DGROUP   M=C:\ARCHIVOS DE PROGRAMA\BORLAND\CBUILDER6\LIB\RELEASE\VCL.LIB|ListActns ACBP=A9
 0003:00000BDC 00000060 C=BSS     S=_BSS     G=DGROUP   M=C:\ARCHIVOS DE PROGRAMA\BORLAND\CBUILDER6\LIB\RELEASE\VCL.LIB|Graphics ACBP=A9
 0003:00000C3C 00000020 C=BSS     S=_BSS     G=DGROUP   M=C:\ARCHIVOS DE PROGRAMA\BORLAND\CBUILDER6\LIB\RELEASE\VCL.LIB|Forms ACBP=A9
 0003:00000C5C 00000004 C=BSS     S=_BSS     G=DGROUP   M=C:\ARCHIVOS DE PROGRAMA\BORLAND\CBUILDER6\LIB\RELEASE\VCL.LIB|ExtCtrls ACBP=A9
 0003:00000C60 0000003C C=BSS     S=_BSS     G=DGROUP   M=C:\ARCHIVOS DE PROGRAMA\BORLAND\CBUILDER6\LIB\RELEASE\VCL.LIB|Dialogs ACBP=A9
 0003:00000C9C 00000080 C=BSS     S=_BSS     G=DGROUP   M=C:\ARCHIVOS DE PROGRAMA\BORLAND\CBUILDER6\LIB\RELEASE\VCL.LIB|Controls ACBP=A9
 0003:00000D1C 00000004 C=BSS     S=_BSS     G=DGROUP   M=C:\ARCHIVOS DE PROGRAMA\BORLAND\CBUILDER6\LIB\RELEASE\VCL.LIB|ComStrs ACBP=A9
 0003:00000D20 00000034 C=BSS     S=_BSS     G=DGROUP   M=C:\ARCHIVOS DE PROGRAMA\BORLAND\CBUILDER6\LIB\RELEASE\VCL.LIB|ComCtrls ACBP=A9
 0003:00000D54 0000000C C=BSS     S=_BSS     G=DGROUP   M=C:\ARCHIVOS DE PROGRAMA\BORLAND\CBUILDER6\LIB\RELEASE\VCL.LIB|ClipBrd ACBP=A9
 0003:00000D60 00000030 C=BSS     S=_BSS     G=DGROUP   M=C:\ARCHIVOS DE PROGRAMA\BORLAND\CBUILDER6\LIB\RELEASE\VCL.LIB|Buttons ACBP=A9
 0003:00000D90 00000004 C=BSS     S=_BSS     G=DGROUP   M=C:\ARCHIVOS DE PROGRAMA\BORLAND\CBUILDER6\LIB\RELEASE\VCL.LIB|Consts ACBP=A9
 0003:00000D94 00000008 C=BSS     S=_BSS     G=DGROUP   M=C:\ARCHIVOS DE PROGRAMA\BORLAND\CBUILDER6\LIB\CP32MT.LIB|setnew ACBP=A9
 0003:00000D9C 00000018 C=BSS     S=_BSS     G=DGROUP   M=C:\ARCHIVOS DE PROGRAMA\BORLAND\CBUILDER6\LIB\CP32MT.LIB|hrdir_b ACBP=A9
 0003:00000DB4 00000024 C=BSS     S=_BSS     G=DGROUP   M=C:\ARCHIVOS DE PROGRAMA\BORLAND\CBUILDER6\LIB\CP32MT.LIB|predecl ACBP=A9
 0003:00000DD8 0000001C C=BSS     S=_BSS     G=DGROUP   M=C:\ARCHIVOS DE PROGRAMA\BORLAND\CBUILDER6\LIB\CP32MT.LIB|stdexcpt ACBP=A9
 0003:00000DF4 00000408 C=BSS     S=_BSS     G=DGROUP   M=C:\ARCHIVOS DE PROGRAMA\BORLAND\CBUILDER6\LIB\CP32MT.LIB|xxtype ACBP=A9
 0003:000011FC 00000008 C=BSS     S=_BSS     G=DGROUP   M=C:\ARCHIVOS DE PROGRAMA\BORLAND\CBUILDER6\LIB\CP32MT.LIB|xxv ACBP=A9
 0003:00001204 00000008 C=BSS     S=_BSS     G=DGROUP   M=C:\ARCHIVOS DE PROGRAMA\BORLAND\CBUILDER6\LIB\CP32MT.LIB|except ACBP=A9
 0003:0000120C 00000190 C=BSS     S=_BSS     G=DGROUP   M=C:\ARCHIVOS DE PROGRAMA\BORLAND\CBUILDER6\LIB\CP32MT.LIB|files2 ACBP=A9
 0003:0000139C 00000008 C=BSS     S=_BSS     G=DGROUP   M=C:\ARCHIVOS DE PROGRAMA\BORLAND\CBUILDER6\LIB\CP32MT.LIB|handles ACBP=A9
 0003:000013A4 00000008 C=BSS     S=_BSS     G=DGROUP   M=C:\ARCHIVOS DE PROGRAMA\BORLAND\CBUILDER6\LIB\CP32MT.LIB|streams ACBP=A9
 0003:000013AC 00000108 C=BSS     S=_BSS     G=DGROUP   M=C:\ARCHIVOS DE PROGRAMA\BORLAND\CBUILDER6\LIB\CP32MT.LIB|mbctype ACBP=A9
 0003:000014B4 00000100 C=BSS     S=_BSS     G=DGROUP   M=C:\ARCHIVOS DE PROGRAMA\BORLAND\CBUILDER6\LIB\CP32MT.LIB|assert ACBP=A9
 0003:000015B4 00000019 C=BSS     S=_BSS     G=DGROUP   M=C:\ARCHIVOS DE PROGRAMA\BORLAND\CBUILDER6\LIB\CP32MT.LIB|ermsghlp ACBP=A9
 0003:000015D0 0000000C C=BSS     S=_BSS     G=DGROUP   M=C:\ARCHIVOS DE PROGRAMA\BORLAND\CBUILDER6\LIB\CP32MT.LIB|setargv ACBP=A9
 0003:000015DC 00000004 C=BSS     S=_BSS     G=DGROUP   M=C:\ARCHIVOS DE PROGRAMA\BORLAND\CBUILDER6\LIB\CP32MT.LIB|hsargv ACBP=A9
 0003:000015E0 00000004 C=BSS     S=_BSS     G=DGROUP   M=C:\ARCHIVOS DE PROGRAMA\BORLAND\CBUILDER6\LIB\CP32MT.LIB|whsargv ACBP=A9
 0003:000015E4 00000010 C=BSS     S=_BSS     G=DGROUP   M=C:\ARCHIVOS DE PROGRAMA\BORLAND\CBUILDER6\LIB\CP32MT.LIB|setenvp ACBP=A9
 0003:000015F4 00000044 C=BSS     S=_BSS     G=DGROUP   M=C:\ARCHIVOS DE PROGRAMA\BORLAND\CBUILDER6\LIB\CP32MT.LIB|globals ACBP=A9
 0003:00001638 00000008 C=BSS     S=_BSS     G=DGROUP   M=C:\ARCHIVOS DE PROGRAMA\BORLAND\CBUILDER6\LIB\CP32MT.LIB|thrddata ACBP=A9
 0003:00001640 00003004 C=BSS     S=_BSS     G=DGROUP   M=C:\ARCHIVOS DE PROGRAMA\BORLAND\CBUILDER6\LIB\CP32MT.LIB|_lock ACBP=A9
 0003:00004644 00000010 C=BSS     S=_BSS     G=DGROUP   M=C:\ARCHIVOS DE PROGRAMA\BORLAND\CBUILDER6\LIB\CP32MT.LIB|xx ACBP=A9
 0004:00000000 00000008 C=TLS     S=_TLS     G=DGROUP   M=C:\ARCHIVOS DE PROGRAMA\BORLAND\CBUILDER6\LIB\RELEASE\RTL.LIB|Classes ACBP=A9
 0004:00000008 00000008 C=TLS     S=_TLS     G=DGROUP   M=C:\ARCHIVOS DE PROGRAMA\BORLAND\CBUILDER6\LIB\RELEASE\RTL.LIB|System ACBP=A9
 0004:00000010 0000009C C=TLS     S=_TLS     G=DGROUP   M=C:\ARCHIVOS DE PROGRAMA\BORLAND\CBUILDER6\LIB\CP32MT.LIB|xxv ACBP=A9
 0004:000000AC 00000008 C=TLS     S=_TLS     G=DGROUP   M=C:\ARCHIVOS DE PROGRAMA\BORLAND\CBUILDER6\LIB\CP32MT.LIB|tls ACBP=A9

 Address Publics by Name

 0001:000A52E4  @$bdele$qpv
 0001:000A52F4  @$bdla$qpv
 0001:000A5318  @$bnew$qui
 0001:000A54BC  @$bnwa$qui
 0001:0002B9D4  @$xp$10ILockBytes
 0001:0002BCF8  @$xp$10IOleObject
 0001:0002C0A4  @$xp$10IOleWindow
 0001:0002B8A2  @$xp$10PLargeuint
 0001:0002BC0B  @$xp$10tagBINDPTR
 0001:0002BB65  @$xp$10tagCACLSID
 0001:0002BEA1  @$xp$10tagCADWORD
 0001:0002BB65  @$xp$10tagCALPSTR
 0001:0002BB65  @$xp$10tagCASCODE
 0001:0002BBA4  @$xp$10tagIDLDESC
 0001:0002BE6B  @$xp$10tagLICINFO
 0001:0002BDD6  @$xp$10tagOLEVERB
 0001:0002BCA4  @$xp$10tagREGKIND
 0001:0002B99E  @$xp$10tagSTATSTG
 0001:0002BBD6  @$xp$10tagVARDESC
 0001:0002BBA4  @$xp$10tagVARIANT
 0001:0006E1E0  @$xp$11Forms@TForm
 0001:0002C038  @$xp$11IAdviseSink
 0001:0002BDA4  @$xp$11IDropTarget
 0001:0002B96C  @$xp$11IEnumString
 0001:0005DBA8  @$xp$11Menus@TMenu
 0001:0002BA05  @$xp$11PClipFormat
 0001:0004D0EC  @$xp$11System@Byte
 0001:0004D0A8  @$xp$11System@Char
 0001:0004CF71  @$xp$11System@Text
 0001:0004D100  @$xp$11System@Word
 0001:0004CF71  @$xp$11System@file
 0001:00002230  @$xp$11TWorkThread
 0001:0002BB65  @$xp$11tagCALPWSTR
 0001:0002BB65  @$xp$11tagCLIPDATA
 0001:0002BC6B  @$xp$11tagCUSTDATA
 0001:0002BBA4  @$xp$11tagELEMDESC
 0001:0002BF14  @$xp$11tagFONTDESC
 0001:0002BBD6  @$xp$11tagFUNCDESC
 0001:0002B8A4  @$xp$11tagMULTI_QI
 0001:0002BF47  @$xp$11tagPICTDESC
 0001:0002BB65  @$xp$11tagPROPSPEC
 0001:0002BA40  @$xp$11tagSTATDATA
 0001:0002BC3C  @$xp$11tagTLIBATTR
 0001:0002BBA4  @$xp$11tagTYPEATTR
 0001:0002BBA4  @$xp$11tagTYPEDESC
 0001:0002BB65  @$xp$12Activex@PCAH
 0001:0002BB65  @$xp$12Activex@PCAI
 0001:0002BB65  @$xp$12Activex@PCAL
 0001:0002B9D3  @$xp$12Activex@TSNB
 0001:000120EC  @$xp$12Chart@TChart
 0001:0006FF2C  @$xp$12Forms@TFrame
 0001:0002B9A0  @$xp$12IEnumStatStg
 0001:0002B900  @$xp$12IEnumUnknown
 0001:0002BBD8  @$xp$12IEnumVariant
 0001:0002BF14  @$xp$12IPictureDisp
 0001:0002BA64  @$xp$12IRootStorage
 0001:0004D070  @$xp$12System@PByte
 0001:0004CF71  @$xp$12System@PChar
 0001:0004D070  @$xp$12System@PComp
 0001:0004D070  @$xp$12System@PDate
 0001:0004CF96  @$xp$12System@PGUID
 0001:0004D070  @$xp$12System@PWord
 0001:0004CF96  @$xp$12System@TGUID
 0001:00002724  @$xp$12TProgressDlg
 0001:0002BBA4  @$xp$12tagARRAYDESC
 0001:0002B933  @$xp$12tagBIND_OPTS
 0001:0002BBA4  @$xp$12tagEXCEPINFO
 0001:0002BA05  @$xp$12tagFORMATETC
 0001:0002BCA4  @$xp$12tagPARAMDATA
 0001:0002BBA4  @$xp$12tagPARAMDESC
 0001:0002B8E7  @$xp$12tagSAFEARRAY
 0001:0002BA97  @$xp$12tagSTGMEDIUM
 0001:0002BB65  @$xp$13Activex@PBStr
 0001:0002BB65  @$xp$13Activex@PCACY
 0001:0002BB65  @$xp$13Activex@PCAUB
 0001:0002BB65  @$xp$13Activex@PCAUH
 0001:0002BB65  @$xp$13Activex@PCAUI
 0001:0002BB65  @$xp$13Activex@PCAUL
 0001:0002BB65  @$xp$13Activex@PComp
 0001:0002DB00  @$xp$13Classes@TList
 0001:00071050  @$xp$13Forms@TScreen
 0001:000659D8  @$xp$13Graphics@TPen
 0001:0002BFD4  @$xp$13IClassFactory
 0001:0004D114  @$xp$13System@Double
 0001:0004D070  @$xp$13System@PError
 0001:0004D070  @$xp$13System@PInt64
 0001:0004D070  @$xp$13System@PPChar
 0001:0004CF5D  @$xp$13System@Real48
 0001:0004CF50  @$xp$13System@Single
 0001:0004CF74  @$xp$13System@String
 0001:0002B8A2  @$xp$13_COSERVERINFO
 0001:0002BB65  @$xp$13tagCACLIPDATA
 0001:0002BB65  @$xp$13tagCAFILETIME
 0001:0002BEA1  @$xp$13tagCALPOLESTR
 0001:0002BBA4  @$xp$13tagDISPPARAMS
 0001:0002BCA4  @$xp$13tagMETHODDATA
 0001:0002BB65  @$xp$14Activex@PCADBL
 0001:0002BB65  @$xp$14Activex@PCAFLT
 0001:0002B8A2  @$xp$14Activex@PFmtID
 0001:0007065C  @$xp$14Forms@IOleForm
 0001:0006EDEC  @$xp$14Forms@TMonitor
 0001:00065874  @$xp$14Graphics@TFont
 0001:000662BC  @$xp$14Graphics@TIcon
 0001:0002BE6C  @$xp$14IClassFactory2
 0001:0002BA08  @$xp$14IEnumFORMATETC
 0001:0002BB30  @$xp$14IFillLockBytes
 0001:0002BAF8  @$xp$14IMessageFilter
 0001:0002C06C  @$xp$14IOleClientSite
 0001:0002B934  @$xp$14IPersistStream
 0001:000584F0  @$xp$14Stdctrls@TEdit
 0001:0005713C  @$xp$14Stdctrls@TMemo
 0001:0004D080  @$xp$14System@Boolean
 0001:0004D0D4  @$xp$14System@Integer
 0001:0004D070  @$xp$14System@PDouble
 0001:0004D070  @$xp$14System@PSingle
 0001:0004CF37  @$xp$14System@Pointer
 0001:0004CF96  @$xp$14System@TMethod
 0001:0004D1A8  @$xp$14System@TObject
 0001:0004D144  @$xp$14System@Variant
 0001:0002BE10  @$xp$14tagCONNECTDATA
 0001:0002BEE4  @$xp$14tagOCPFIPARAMS
 0001:0002BBA4  @$xp$14tagPARAMDESCEX
 0001:0002BB65  @$xp$14tagPROPVARIANT
 0001:0002BF80  @$xp$14tagQACONTAINER
 0001:0002BB65  @$xp$14tagSTATPROPSTG
 0001:0002BB65  @$xp$15Activex@PCABOOL
 0001:0002BB65  @$xp$15Activex@PCABSTR
 0001:0002BB65  @$xp$15Activex@PCADATE
 0001:0002BEA1  @$xp$15Activex@PCAGUID
 0001:000A318C  @$xp$15Buttons@TBitBtn
 0001:0002E8A0  @$xp$15Classes@TThread
 0001:00091BD4  @$xp$15Comctrls@TWidth
 0001:0007F0E8  @$xp$15Controls@TAlign
 0001:0007BD04  @$xp$15Extctrls@TBevel
 0001:0007C15C  @$xp$15Extctrls@TPanel
 0001:0007BAF0  @$xp$15Extctrls@TTimer
 0001:0006EE3D  @$xp$15Forms@PHintInfo
 0001:0006EE40  @$xp$15Forms@THintInfo
 0001:00070744  @$xp$15Forms@TPosition
 0001:00065AD8  @$xp$15Graphics@TBrush
 0001:0006550C  @$xp$15Graphics@TColor
 0001:0002BD6C  @$xp$15IOleInPlaceSite
 0001:0002C178  @$xp$15IOleUndoManager
 0001:0005D380  @$xp$15Menus@PMenuItem
 0001:0005DC7C  @$xp$15Menus@TMainMenu
 0001:0005D7B4  @$xp$15Menus@TMenuItem
 0001:00057C08  @$xp$15Stdctrls@TLabel
 0001:0004CF38  @$xp$15System@Cardinal
 0001:0004D124  @$xp$15System@Currency
 0001:0004CF28  @$xp$15System@Extended
 0001:0004D070  @$xp$15System@PBoolean
 0001:0004D070  @$xp$15System@PInteger
 0001:0004D070  @$xp$15System@PPointer
 0001:0004D070  @$xp$15System@PUnknown
 0001:0004D070  @$xp$15System@PVariant
 0001:0004D0BC  @$xp$15System@Smallint
 0001:0004D020  @$xp$15System@UCS4Char
 0001:0002BC6B  @$xp$15tagCUSTDATAITEM
 0001:0002BEE4  @$xp$15tagPROPPAGEINFO
 0001:0002BA97  @$xp$15tagRemSTGMEDIUM
 0001:0002BC0B  @$xp$16Activex@PBindPtr
 0001:0002BB65  @$xp$16Activex@PCACLSID
 0001:0002BB65  @$xp$16Activex@PCALPSTR
 0001:0002BB65  @$xp$16Activex@PCASCODE
 0001:0002BB65  @$xp$16Activex@PDecimal
 0001:0002BBA4  @$xp$16Activex@PIDLDesc
 0001:0002BE6B  @$xp$16Activex@PLicInfo
 0001:0002B8A2  @$xp$16Activex@PMultiQI
 0001:0002B8E7  @$xp$16Activex@POleBool
 0001:0002B8E7  @$xp$16Activex@POleDate
 0001:0002BDD6  @$xp$16Activex@POleVerb
 0001:0002B8A2  @$xp$16Activex@PPOleStr
 0001:0002B99E  @$xp$16Activex@PStatStg
 0001:0002BBD6  @$xp$16Activex@PVarDesc
 0001:0002B8E8  @$xp$16Activex@TOleEnum
 0001:000113B8  @$xp$16Chart@TChartWall
 0001:0002E084  @$xp$16Classes@TStrings
 0001:0007EDEC  @$xp$16Controls@TCMDrag
 0001:0007F0D0  @$xp$16Controls@TCursor
 0001:0006EE0C  @$xp$16Forms@PCursorRec
 0001:0006EE0C  @$xp$16Forms@TCursorRec
 0001:0006EDEC  @$xp$16Forms@TFormClass
 0001:0007068C  @$xp$16Forms@TFormStyle
 0001:00070924  @$xp$16Forms@THelpEvent
 0001:0006F4F8  @$xp$16Forms@TScrollBox
 0001:0006EE0C  @$xp$16Forms@TTimerMode
 0001:00066184  @$xp$16Graphics@TBitmap
 0001:00065BA8  @$xp$16Graphics@TCanvas
 0001:0002BDD8  @$xp$16IConnectionPoint
 0001:0002BE34  @$xp$16IEnumConnections
 0001:0002BF48  @$xp$16IServiceProvider
 0001:0005D3D8  @$xp$16Menus@TMenuBreak
 0001:0005DF68  @$xp$16Menus@TPopupMenu
 0001:0002BF7F  @$xp$16PServiceProvider
 0001:00008718  @$xp$16Series@TBarStyle
 0001:000086D0  @$xp$16Series@TMultiBar
 0001:00007828  @$xp$16Series@TPieAngle
 0001:00059618  @$xp$16Stdctrls@TButton
 0001:0004D070  @$xp$16System@PCardinal
 0001:0004D070  @$xp$16System@PCurrency
 0001:0004D080  @$xp$16System@PDateTime
 0001:0004D070  @$xp$16System@PDispatch
 0001:0004D070  @$xp$16System@PExtended
 0001:0004D070  @$xp$16System@PLongWord
 0001:0004D070  @$xp$16System@PPUnknown
 0001:0004D070  @$xp$16System@PShortInt
 0001:0004D070  @$xp$16System@PSmallInt
 0001:0004D037  @$xp$16System@PUCS4Char
 0001:0004D080  @$xp$16System@PVarArray
 0001:0004CF71  @$xp$16System@PWideChar
 0001:0004D070  @$xp$16System@PWordBool
 0001:0004D070  @$xp$16System@TDateTime
 0001:0004D080  @$xp$16System@TVarArray
 0001:0003C7FA  @$xp$16Sysutils@LongRec
 0001:0003C7FA  @$xp$16Sysutils@WordRec
 0001:0002BB65  @$xp$16tagCAPROPVARIANT
 0001:0002BCA4  @$xp$16tagINTERFACEDATA
 0001:0002BAD0  @$xp$16tagINTERFACEINFO
 0001:0002BB2D  @$xp$16tagRPCOLEMESSAGE
 0001:0002BB65  @$xp$17Activex@PBStrList
 0001:0002B933  @$xp$17Activex@PBindOpts
 0001:0002BB65  @$xp$17Activex@PCALPWSTR
 0001:0002BB65  @$xp$17Activex@PClipData
 0001:0002BC6B  @$xp$17Activex@PCustData
 0001:0002BBA4  @$xp$17Activex@PElemDesc
 0001:0002BF14  @$xp$17Activex@PFontDesc
 0001:0002BBD6  @$xp$17Activex@PFuncDesc
 0001:0002BEA1  @$xp$17Activex@PGUIDList
 0001:0002B8A2  @$xp$17Activex@PObjectID
 0001:0002BF47  @$xp$17Activex@PPictDesc
 0001:0002BB65  @$xp$17Activex@PPropSpec
 0001:0002BA3D  @$xp$17Activex@PStatData
 0001:0002BC3C  @$xp$17Activex@PTLibAttr
 0001:0002BBA4  @$xp$17Activex@PTypeAttr
 0001:0002BBA4  @$xp$17Activex@PTypeDesc
 0001:0002BB65  @$xp$17Activex@TBStrList
 0001:0002BEA1  @$xp$17Activex@TGUIDList
 0001:0001127C  @$xp$17Chart@TChartBrush
 0001:00011B80  @$xp$17Chart@TChartClick
 0001:00011A50  @$xp$17Chart@TChartTitle
 0001:0002D4A4  @$xp$17Classes@TBiDiMode
 0001:0002D530  @$xp$17Classes@THelpType
 0001:0002D568  @$xp$17Classes@TShortCut
 0001:0008FDE4  @$xp$17Comctrls@TAddMode
 0001:00093108  @$xp$17Comctrls@TToolBar
 0001:0007EDEC  @$xp$17Controls@PDragRec
 0001:0007F77C  @$xp$17Controls@TAnchors
 0001:0007EDEC  @$xp$17Controls@TCMFloat
 0001:0007F724  @$xp$17Controls@TCaption
 0001:0007EE90  @$xp$17Controls@TControl
 0001:0007EDEC  @$xp$17Controls@TDragRec
 0001:00080280  @$xp$17Controls@TImeMode
 0001:0007F010  @$xp$17Controls@TImeName
 0001:000706DC  @$xp$17Forms@TBorderIcon
 0001:0007087C  @$xp$17Forms@TCloseEvent
 0001:0006E1BC  @$xp$17Forms@TCustomForm
 0001:00070834  @$xp$17Forms@TPrintScale
 0001:00065D84  @$xp$17Graphics@TGraphic
 0001:00065452  @$xp$17Graphics@TPenData
 0001:00065398  @$xp$17Graphics@TPenMode
 0001:00065E9C  @$xp$17Graphics@TPicture
 0001:0006537B  @$xp$17Graphics@TResData
 0001:0002BA98  @$xp$17IDataAdviseHolder
 0001:0002C114  @$xp$17IOleInPlaceSiteEx
 0001:0002BC6C  @$xp$17ISupportErrorInfo
 0001:00008DA0  @$xp$17Series@TBarSeries
 0001:000082B0  @$xp$17Series@TMultiArea
 0001:00009298  @$xp$17Series@TPieAngles
 0001:0000963C  @$xp$17Series@TPieSeries
 0001:0004CF98  @$xp$17System@IInterface
 0001:0004CF60  @$xp$17System@Openstring
 0001:0004D070  @$xp$17System@PPDispatch
 0001:0004D070  @$xp$17System@PPWideChar
 0001:0004D038  @$xp$17System@UTF8String
 0001:0004D134  @$xp$17System@WideString
 0001:0003C7FA  @$xp$17Sysutils@Int64Rec
 0001:0002BBA4  @$xp$17TFNDeferredFillIn
 0001:0002BA05  @$xp$17tagDVTARGETDEVICE
 0001:0002B8E7  @$xp$17tagSAFEARRAYBOUND
 0001:0002BB65  @$xp$17tagSTATPROPSETSTG
 0001:0002BA05  @$xp$18Activex@ActiveX__1
 0001:0002BA97  @$xp$18Activex@ActiveX__2
 0001:0002BBA4  @$xp$18Activex@PArrayDesc
 0001:0002BEA1  @$xp$18Activex@PCALongint
 0001:0002BEA1  @$xp$18Activex@PCAPOleStr
 0001:0002BBA4  @$xp$18Activex@PExcepInfo
 0001:0002BA05  @$xp$18Activex@PFormatEtc
 0001:0002BCA4  @$xp$18Activex@PParamData
 0001:0002BBA4  @$xp$18Activex@PParamDesc
 0001:0002B8E7  @$xp$18Activex@PSafeArray
 0001:0002BA97  @$xp$18Activex@PStgMedium
 0001:000A2FA0  @$xp$18Buttons@TNumGlyphs
 0001:00011720  @$xp$18Chart@TChartLegend
 0001:00011F54  @$xp$18Chart@TCustomChart
 0001:000114A0  @$xp$18Chart@TLegendStyle
 0001:0002D430  @$xp$18Classes@TAlignment
 0001:0002EAB4  @$xp$18Classes@TComponent
 0001:0002D47C  @$xp$18Classes@TLeftRight
 0001:0008FE22  @$xp$18Comctrls@PNodeInfo
 0001:00091ED8  @$xp$18Comctrls@TListItem
 0001:0008FE22  @$xp$18Comctrls@TNodeInfo
 0001:0009139C  @$xp$18Comctrls@TTickMark
 0001:0008FE48  @$xp$18Comctrls@TTrackBar
 0001:0008FE24  @$xp$18Comctrls@TTreeNode
 0001:00092010  @$xp$18Comctrls@TWorkArea
 0001:0008032C  @$xp$18Controls@TBevelCut
 0001:0007F6D8  @$xp$18Controls@TDragKind
 0001:0007F69C  @$xp$18Controls@TDragMode
 0001:0007F994  @$xp$18Controls@TKeyEvent
 0001:0007F70C  @$xp$18Controls@TTabOrder
 0001:00071134  @$xp$18Forms@TApplication
 0001:0007072C  @$xp$18Forms@TBorderIcons
 0001:0006F398  @$xp$18Forms@TBorderStyle
 0001:0006E198  @$xp$18Forms@TCustomFrame
 0001:0006F114  @$xp$18Forms@TWindowState
 0001:000654CF  @$xp$18Graphics@PResource
 0001:000654D0  @$xp$18Graphics@TFillMode
 0001:00065396  @$xp$18Graphics@TFontData
 0001:0006562C  @$xp$18Graphics@TFontName
 0001:0006603C  @$xp$18Graphics@TMetafile
 0001:000656C0  @$xp$18Graphics@TPenStyle
 0001:000654CF  @$xp$18Graphics@TResource
 0001:000538F4  @$xp$18Imglist@TImageType
 0001:0005DE08  @$xp$18Menus@TTrackButton
 0001:000084A4  @$xp$18Series@TAreaSeries
 0001:00007EE8  @$xp$18Series@TLineSeries
 0001:00059E80  @$xp$18Stdctrls@TCheckBox
 0001:0004D01D  @$xp$18System@PAnsiString
 0001:0004D070  @$xp$18System@POleVariant
 0001:0004D070  @$xp$18System@PPCharArray
 0001:0004D048  @$xp$18System@PUTF8String
 0001:0004D01D  @$xp$18System@PWideString
 0001:0004D048  @$xp$18System@TBoundArray
 0001:0004D070  @$xp$18System@TPCharArray
 0001:0003C8A8  @$xp$18Sysutils@Exception
 0001:0003C9B0  @$xp$18Sysutils@TFileName
 0001:0003C855  @$xp$18Sysutils@TFloatRec
 0001:0003C8F4  @$xp$18Sysutils@TNameType
 0001:00025628  @$xp$18Tecanvas@TChartPen
 0001:000182CC  @$xp$18Teengine@TVertAxis
 0001:000566CC  @$xp$18Toolwin@TEdgeStyle
 0001:0002BB65  @$xp$19Activex@PCACLIPDATA
 0001:0002BB65  @$xp$19Activex@PCAFILETIME
 0001:0002BBA4  @$xp$19Activex@PDispIDList
 0001:0002BBA4  @$xp$19Activex@PDispParams
 0001:0002BCA4  @$xp$19Activex@PMethodData
 0001:0002B8A2  @$xp$19Activex@POleStrList
 0001:0002BBA4  @$xp$19Activex@PVariantArg
 0001:0002BBA4  @$xp$19Activex@TDispIDList
 0001:0002B8A2  @$xp$19Activex@TOleStrList
 0001:00055644  @$xp$19Actnlist@THintEvent
 0001:000A2FBC  @$xp$19Buttons@TBitBtnKind
 0001:0002DE80  @$xp$19Classes@TCollection
 0001:0002D2C4  @$xp$19Classes@TDuplicates
 0001:0002D41C  @$xp$19Classes@TIdentToInt
 0001:0002D41C  @$xp$19Classes@TIntToIdent
 0001:0002D308  @$xp$19Classes@TPersistent
 0001:0002D35C  @$xp$19Classes@TStringItem
 0001:0002E198  @$xp$19Classes@TStringList
 0001:0008FE48  @$xp$19Comctrls@PNodeCache
 0001:00091F60  @$xp$19Comctrls@TListItems
 0001:0008FE48  @$xp$19Comctrls@TNodeCache
 0001:00090C88  @$xp$19Comctrls@TStatusBar
 0001:000913E0  @$xp$19Comctrls@TTickStyle
 0001:000920B4  @$xp$19Comctrls@TWorkAreas
 0001:0003B468  @$xp$19Contnrs@TBucketProc
 0001:0007F01E  @$xp$19Controls@TAlignInfo
 0001:00080374  @$xp$19Controls@TBevelEdge
 0001:000803D0  @$xp$19Controls@TBevelKind
 0001:00080D54  @$xp$19Controls@TImageList
 0001:0007DBA8  @$xp$19Dialogs@TOpenDialog
 0001:0007D87C  @$xp$19Dialogs@TOpenOption
 0001:00070628  @$xp$19Forms@IDesignerHook
 0001:0006EE60  @$xp$19Forms@TScrollBarInc
 0001:000654CF  @$xp$19Graphics@TBrushData
 0001:000655E8  @$xp$19Graphics@TFontPitch
 0001:00065658  @$xp$19Graphics@TFontStyle
 0001:0002C0D8  @$xp$19IPropertyNotifySink
 0001:00053928  @$xp$19Imglist@TImageIndex
 0001:0005D5D0  @$xp$19Menus@TMenuAutoFlag
 0001:000081FC  @$xp$19Series@TPointSeries
 0001:0004D048  @$xp$19System@IntegerArray
 0001:0004D01D  @$xp$19System@PShortString
 0001:0004D048  @$xp$19System@PointerArray
 0001:0003C7FA  @$xp$19Sysutils@PByteArray
 0001:0003C7FA  @$xp$19Sysutils@PWordArray
 0001:0003C7FA  @$xp$19Sysutils@TByteArray
 0001:0003C7FA  @$xp$19Sysutils@TProcedure
 0001:0003C8A5  @$xp$19Sysutils@TSysLocale
 0001:0003C855  @$xp$19Sysutils@TTimeStamp
 0001:0003C7FA  @$xp$19Sysutils@TWordArray
 0001:00017578  @$xp$19Teengine@TChartAxis
 0001:00018270  @$xp$19Teengine@THorizAxis
 0001:00056670  @$xp$19Toolwin@TEdgeBorder
 0001:00056848  @$xp$19Toolwin@TToolWindow
 0001:0002BD29  @$xp$19tagOBJECTDESCRIPTOR
 0001:0002BE0F  @$xp$20Activex@PConnectData
 0001:0002BEA1  @$xp$20Activex@PLongintList
 0001:0002BEE4  @$xp$20Activex@POCPFIParams
 0001:0002BBA4  @$xp$20Activex@PParamDescEx
 0001:0002BB65  @$xp$20Activex@PPropVariant
 0001:0002BB65  @$xp$20Activex@PStatPropStg
 0001:0002BEA1  @$xp$20Activex@TLongintList
 0001:0002B884  @$xp$20Activex@TUnknownList
 0001:00055350  @$xp$20Actnlist@TActionLink
 0001:000A2F5C  @$xp$20Buttons@TButtonStyle
 0001:0002D307  @$xp$20Classes@PPointerList
 0001:0002D3D0  @$xp$20Classes@TBasicAction
 0001:0002D514  @$xp$20Classes@THelpContext
 0001:0002D580  @$xp$20Classes@TNotifyEvent
 0001:0002D307  @$xp$20Classes@TPointerList
 0001:00090448  @$xp$20Comctrls@TConversion
 0001:00091C78  @$xp$20Comctrls@TListColumn
 0001:00092754  @$xp$20Comctrls@TToolButton
 0001:0007F734  @$xp$20Controls@TAnchorKind
 0001:000803B8  @$xp$20Controls@TBevelEdges
 0001:00080414  @$xp$20Controls@TBevelWidth
 0001:0007EDEC  @$xp$20Controls@TDragObject
 0001:0007F020  @$xp$20Controls@THintWindow
 0001:0007F8E0  @$xp$20Controls@TMouseEvent
 0001:0008080C  @$xp$20Controls@TWinControl
 0001:0007DA10  @$xp$20Dialogs@TOpenOptions
 0001:0007BBB4  @$xp$20Extctrls@TBevelShape
 0001:0007BB78  @$xp$20Extctrls@TBevelStyle
 0001:000708F0  @$xp$20Forms@TShortCutEvent
 0001:00065454  @$xp$20Graphics@TBrushStyle
 0001:000656A8  @$xp$20Graphics@TFontStyles
 0001:0005DEB0  @$xp$20Menus@TMenuAnimation
 0001:00007CE4  @$xp$20Series@TCustomSeries
 0001:00053784  @$xp$20Stdactns@THintAction
 0001:00058370  @$xp$20Stdctrls@TCustomEdit
 0001:00058E5C  @$xp$20Stdctrls@TCustomMemo
 0001:0005799C  @$xp$20Stdctrls@TTextLayout
 0001:0004D048  @$xp$20System@PIntegerArray
 0001:0004D048  @$xp$20System@PPointerArray
 0001:0003C8CC  @$xp$20Sysutils@EInOutError
 0001:0003C8CC  @$xp$20Sysutils@ExceptClass
 0001:0003C970  @$xp$20Sysutils@PThreadInfo
 0001:0003C7FA  @$xp$20Sysutils@TIntegerSet
 0001:0003C7E4  @$xp$20Sysutils@TSysCharSet
 0001:0003C970  @$xp$20Sysutils@TThreadInfo
 0001:00016CC9  @$xp$20Teengine@PChartValue
 0001:000566B4  @$xp$20Toolwin@TEdgeBorders
 0001:0002B8A2  @$xp$21Activex@PCoServerInfo
 0001:0002BC6B  @$xp$21Activex@PCustDataItem
 0001:0002BBA4  @$xp$21Activex@PElemDescList
 0001:0002BBA4  @$xp$21Activex@PMemberIDList
 0001:0002B8C5  @$xp$21Activex@PMultiQIArray
 0001:0002BEE4  @$xp$21Activex@PPropPageInfo
 0001:0002BA97  @$xp$21Activex@PRemStgMedium
 0001:0002BC3C  @$xp$21Activex@PTypeInfoList
 0001:0002BDA2  @$xp$21Activex@TContinueFunc
 0001:0002BBA4  @$xp$21Activex@TElemDescList
 0001:0002BBA4  @$xp$21Activex@TMemberIDList
 0001:0002B8C8  @$xp$21Activex@TMultiQIArray
 0001:000A2F00  @$xp$21Buttons@TButtonLayout
 0001:00011BE8  @$xp$21Chart@TChartClickAxis
 0001:00011CFC  @$xp$21Chart@TOnGetLegendPos
 0001:00093BF0  @$xp$21Comctrls@TComboExItem
 0001:00090498  @$xp$21Comctrls@TDisplayCode
 0001:000904E8  @$xp$21Comctrls@TIconOptions
 0001:00091E3C  @$xp$21Comctrls@TListColumns
 0001:000916BC  @$xp$21Comctrls@TProgressBar
 0001:00090720  @$xp$21Comctrls@TStatusPanel
 0001:00080430  @$xp$21Controls@IDockManager
 0001:00080310  @$xp$21Controls@TBorderWidth
 0001:0007ED7C  @$xp$21Controls@TDragMessage
 0001:0007F0B4  @$xp$21Controls@TModalResult
 0001:0007FC18  @$xp$21Controls@TUnDockEvent
 0001:00002A10  @$xp$21Dblogdlg@TLoginDialog
 0001:0007D7CC  @$xp$21Dialogs@TCommonDialog
 0001:0007DA28  @$xp$21Dialogs@TOpenOptionEx
 0001:0007C018  @$xp$21Extctrls@TCustomPanel
 0001:00070F10  @$xp$21Forms@TCustomDockForm
 0001:000707E0  @$xp$21Forms@TDefaultMonitor
 0001:0006EE7C  @$xp$21Forms@TScrollBarStyle
 0001:0006563C  @$xp$21Graphics@TFontCharset
 0001:0002C22C  @$xp$21Helpintfs@IHelpSystem
 0001:0002BB68  @$xp$21IGlobalInterfaceTable
 0001:000538A0  @$xp$21Imglist@TDrawingStyle
 0001:0005DE48  @$xp$21Menus@TMenuAnimations
 0001:0005DDC8  @$xp$21Menus@TPopupAlignment
 0001:000091A0  @$xp$21Series@TCircledSeries
 0001:000093F4  @$xp$21Series@TPieOtherSlice
 0001:0000932C  @$xp$21Series@TPieOtherStyle
 0001:00007974  @$xp$21Series@TSeriesPointer
 0001:00059260  @$xp$21Stdctrls@TCustomCombo
 0001:00057AF8  @$xp$21Stdctrls@TCustomLabel
 0001:00058CAC  @$xp$21Stdctrls@TScrollStyle
 0001:0004D037  @$xp$21System@PUCS4CharArray
 0001:0004D037  @$xp$21System@TUCS4CharArray
 0001:0004D080  @$xp$21System@TVarArrayBound
 0001:0003D40C  @$xp$21Sysutils@SysUtils__34
 0001:0003D430  @$xp$21Sysutils@SysUtils__44
 0001:0003C7FC  @$xp$21Sysutils@TFloatFormat
 0001:00025884  @$xp$21Tecanvas@TDarkGrayPen
 0001:00016D5C  @$xp$21Teengine@TChartSeries
 0001:000181F4  @$xp$21Teengine@TSeriesClick
 0001:000186B0  @$xp$21Teengine@TSeriesMarks
 0001:00018A94  @$xp$21Teengine@TTeeFunction
 0001:00018908  @$xp$21Teengine@TeEngine__21
 0001:00023038  @$xp$21Teeprocs@TPanningMode
 0001:000569E0  @$xp$21Toolwin@TToolDockForm
 0001:0002BD6A  @$xp$21tagOleMenuGroupWidths
 0001:0002BB65  @$xp$22Activex@PCAPROPVARIANT
 0001:0002BCA4  @$xp$22Activex@PInterfaceData
 0001:0002BAD0  @$xp$22Activex@PInterfaceInfo
 0001:0002BCA4  @$xp$22Activex@PParamDataList
 0001:0002BB2D  @$xp$22Activex@PRpcOleMessage
 0001:0002BCA4  @$xp$22Activex@TParamDataList
 0001:00055758  @$xp$22Actnlist@TCustomAction
 0001:0005561C  @$xp$22Actnlist@TShortCutList
 0001:0001132C  @$xp$22Chart@TCustomChartWall
 0001:000114EC  @$xp$22Chart@TLegendAlignment
 0001:00011D60  @$xp$22Chart@TOnGetLegendRect
 0001:00011590  @$xp$22Chart@TOnGetLegendText
 0001:0002E8C4  @$xp$22Classes@TComponentName
 0001:0002D3F8  @$xp$22Classes@TIdentMapEntry
 0001:0009061C  @$xp$22Comctrls@TComboExItems
 0001:000908C4  @$xp$22Comctrls@TStatusPanels
 0001:0007EDEC  @$xp$22Controls@TCMDockClient
 0001:0007EFE0  @$xp$22Controls@TControlClass
 0001:0007EFE0  @$xp$22Controls@TCreateParams
 0001:0007FB00  @$xp$22Controls@TEndDragEvent
 0001:0007DA60  @$xp$22Dialogs@TOpenOptionsEx
 0001:000708B4  @$xp$22Forms@TCloseQueryEvent
 0001:0006E1DF  @$xp$22Forms@TCustomFormClass
 0001:0006F330  @$xp$22Forms@TFormBorderStyle
 0001:0002C318  @$xp$22Helpintfs@IHelpManager
 0001:0005D418  @$xp$22Menus@TMenuChangeEvent
 0001:0000995C  @$xp$22Series@TFastLineSeries
 0001:00008FA0  @$xp$22Series@THorizBarSeries
 0001:000581B4  @$xp$22Stdctrls@TEditCharCase
 0001:0004CF96  @$xp$22System@PInterfaceEntry
 0001:0004CF96  @$xp$22System@PInterfaceTable
 0001:0004CF96  @$xp$22System@TInterfaceEntry
 0001:0004CF96  @$xp$22System@TInterfaceTable
 0001:0003C858  @$xp$22Sysutils@TMbcsByteType
 0001:0003C948  @$xp$22Sysutils@TSimpleRWSync
 0001:000259E8  @$xp$22Tecanvas@TChartAxisPen
 0001:00043CA4  @$xp$22Variants@TVarDataArray
 0001:0002BA05  @$xp$23Activex@PDVTargetDevice
 0001:0002BCA4  @$xp$23Activex@PMethodDataList
 0001:0002B8E7  @$xp$23Activex@PSafeArrayBound
 0001:0002BB65  @$xp$23Activex@PStatPropSetStg
 0001:0002BBA4  @$xp$23Activex@PVariantArgList
 0001:0002BCA4  @$xp$23Activex@TMethodDataList
 0001:0002BBA4  @$xp$23Activex@TVariantArgList
 0001:00011C64  @$xp$23Chart@TChartClickSeries
 0001:0002E8D8  @$xp$23Classes@IDesignerNotify
 0001:0002DF64  @$xp$23Classes@IStringsAdapter
 0001:0002D37D  @$xp$23Classes@PStringItemList
 0001:0002D330  @$xp$23Classes@TCollectionItem
 0001:0002D380  @$xp$23Classes@TStringItemList
 0001:000904E7  @$xp$23Comctrls@TListItemClass
 0001:00092EB4  @$xp$23Comctrls@TTBButtonEvent
 0001:0008FE22  @$xp$23Comctrls@TTreeNodeClass
 0001:0007EDEC  @$xp$23Controls@PDockNotifyRec
 0001:0007F594  @$xp$23Controls@TControlCanvas
 0001:00080A80  @$xp$23Controls@TCustomControl
 0001:0007FB4C  @$xp$23Controls@TDockDropEvent
 0001:0007EDEC  @$xp$23Controls@TDockNotifyRec
 0001:0007FBA0  @$xp$23Controls@TDockOverEvent
 0001:0007F070  @$xp$23Controls@TDockTreeClass
 0001:0007FA74  @$xp$23Controls@TDragDropEvent
 0001:00080C94  @$xp$23Controls@TDragImageList
 0001:0007FA04  @$xp$23Controls@TDragOverEvent
 0001:0007F9D4  @$xp$23Controls@TKeyPressEvent
 0001:0006EF2C  @$xp$23Forms@TControlScrollBar
 0001:0006E1BC  @$xp$23Forms@TCustomFrameClass
 0001:0002C1F4  @$xp$23Helpintfs@IHelpSelector
 0001:0002BD2C  @$xp$23IOleInPlaceActiveObject
 0001:00064048  @$xp$23Listactns@TGetItemEvent
 0001:0005D588  @$xp$23Menus@TMenuItemAutoFlag
 0001:000089A0  @$xp$23Series@TCustomBarSeries
 0001:0005949C  @$xp$23Stdctrls@TButtonControl
 0001:00059B6C  @$xp$23Stdctrls@TCheckBoxState
 0001:0004CFF4  @$xp$23System@TContainedObject
 0001:0004CF96  @$xp$23System@TDispatchMessage
 0001:0004CFF2  @$xp$23System@TInterfacedClass
 0001:0003C947  @$xp$23Sysutils@TTerminateProc
 0001:00025934  @$xp$23Tecanvas@TChartArrowPen
 0001:000257B0  @$xp$23Tecanvas@TDottedGrayPen
 0001:00025A98  @$xp$23Tecanvas@TView3DOptions
 0001:00018884  @$xp$23Teengine@TSeriesOnClear
 0001:0002318C  @$xp$23Teeprocs@TChartGradient
 0001:00011684  @$xp$24Chart@TCustomChartLegend
 0001:0002D3A4  @$xp$24Classes@TBasicActionLink
 0001:0002D307  @$xp$24Classes@TListSortCompare
 0001:0002DF38  @$xp$24Classes@TOwnedCollection
 0001:0002D32D  @$xp$24Classes@TPersistentClass
 0001:000923A8  @$xp$24Comctrls@TCustomListView
 0001:00090B0C  @$xp$24Comctrls@TDrawPanelEvent
 0001:0007EDEC  @$xp$24Controls@TCMUnDockClient
 0001:0007FD30  @$xp$24Controls@TCanResizeEvent
 0001:0007F790  @$xp$24Controls@TConstraintSize
 0001:00080928  @$xp$24Controls@TGraphicControl
 0001:0007F944  @$xp$24Controls@TMouseMoveEvent
 0001:0007FC74  @$xp$24Controls@TStartDockEvent
[...]
 0002:000054F4  @_$DCXG$@System@$badd$qqrpxcrx17System@AnsiString
 0002:00005534  @_$ECTYG$@System@$badd$qqrpxcrx17System@AnsiString
 0002:0000556C  @D2368_1
 0002:0000557C  @_$DCMD$@__LateVCLInit$qqsv
 0002:000055AC  @_$ECTND$@__LateVCLInit$qqsv
 0002:000055D8  __indStub:124
 0002:000055DC  __indStub:125
 0002:000055E0  __indStub:1523
 0002:000055E4  __indStub:1524
 0002:000055E8  __indStub:1525
 0002:000055EC  __indStub:1526
 0002:000055F0  __indStub:4632
 0002:000055F4  __indStub:6237
 0002:000055F8  __indStub:6788
 0002:000055FC  __indStub:5780
 0002:00005600  __indStub:6174
 0002:00005604  __indStub:6175
 0002:00005608  __indStub:6176
 0002:0000560C  __indStub:6761
 0002:00005610  __indStub:6762
 0002:00005614  __indStub:5743
 0002:00005618  __indStub:5745
 0002:0000561C  __indStub:6750
 0002:00005620  __indStub:6751
 0002:00005624  __indStub:6753
 0002:00005628  __indStub:6754
 0002:0000562C  __indStub:6755
 0002:00005630  __indStub:6756
 0002:00005634  __indStub:6749
 0002:00005638  __indStub:6764
 0002:0000563C  __indStub:6918
 0002:00005640  __indStub:6765
 0002:00005644  __indStub:5741
 0002:00005648  __indStub:5742
 0002:0000564C  __indStub:6763
 0002:00005650  __indStub:6760
 0002:00005654  __indStub:6748
 0002:00005658  __indStub:6747
 0002:0000565C  __indStub:6752
 0002:00005660  __indStub:5757
 0002:00005664  __indStub:5762
 0002:00005668  __indStub:5761
 0002:0000566C  __indStub:5759
 0002:00005670  __indStub:5760
 0002:00005674  __indStub:5763
 0002:00005678  __indStub:5764
 0002:0000567C  __indStub:5746
 0002:00005680  __indStub:5749
 0002:00005684  __indStub:5750
 0002:00005688  __indStub:5751
 0002:0000568C  __indStub:5752
 0002:00005690  __indStub:5753
 0002:00005694  __indStub:5754
 0002:00005698  __indStub:5755
 0002:0000569C  __indStub:5756
 0002:000056A0  __indStub:5758
 0002:000056A4  __indStub:6177
 0002:000056A8  __indStub:6916
 0002:000056AC  __indStub:6178
 0002:000056B0  __indStub:6179
 0002:000056B4  __indStub:6180
 0002:000056B8  __indStub:6181
 0002:000056BC  __indStub:6182
 0002:000056C0  __indStub:6183
 0002:000056C4  __indStub:6184
 0002:000056C8  __indStub:6917
 0002:000056CC  __indStub:5739
 0002:000056D0  __indStub:6757
 0002:000056D4  __indStub:5747
 0002:000056D8  __indStub:6758
 0002:000056DC  __indStub:6759
 0002:000056E0  __indStub:5748
 0002:000056E4  __indStub:5740
 0002:000056E8  __indStub:5744
 0002:000056EC  __indStub:4606
 0002:000056F0  __indStub:4751
 0002:000056F4  __indStub:10796
 0002:000056F8  __indStub:10775
 0002:000056FC  __indStub:10759
 0002:00005700  __indStub:10758
 0002:00005704  __indStub:10770
 0002:00005708  __indStub:10786
 0002:0000570C  __indStub:10752
 0002:00005710  __indStub:10750
 0002:00005714  __indStub:10757
 0002:00005718  __indStub:4609
 0002:0000571C  __indStub:10761
 0002:00005720  __indStub:10767
 0002:00005724  __indStub:10768
 0002:00005728  __indStub:10766
 0002:0000572C  __indStub:10789
 0002:00005730  __indStub:10760
 0002:00005734  __indStub:11165
 0002:00005738  __indStub:10774
 0002:0000573C  __indStub:11164
 0002:00005740  __indStub:10771
 0002:00005744  __indStub:10755
 0002:00005748  __indStub:10756
 0002:0000574C  __indStub:4611
 0002:00005750  __indStub:10769
 0002:00005754  __indStub:10773
 0002:00005758  __indStub:10764
 0002:0000575C  __indStub:4610
 0002:00005760  __indStub:10754
 0002:00005764  __indStub:10763
 0002:00005768  __indStub:10762
 0002:0000576C  __indStub:10751
 0002:00005770  __indStub:10772
 0002:00005774  __indStub:10765
 0002:00005778  __indStub:10787
 0002:0000577C  __indStub:10788
 0002:00005780  __indStub:12796
 0002:00005784  __indStub:12800
 0002:00005788  __indStub:12801
 0002:0000578C  __indStub:12799
 0002:00005790  __indStub:7223
 0002:00005794  __indStub:4824
 0002:00005798  __indStub:11166
 0002:0000579C  __indStub:4806
 0002:000057A0  __indStub:4810
 0002:000057A4  __indStub:6964
 0002:000057A8  __indStub:6965
 0002:000057AC  __indStub:13487
 0002:000057B0  __indStub:13494
 0002:000057B4  __indStub:13492
 0002:000057B8  __indStub:13498
 0002:000057BC  __indStub:13496
 0002:000057C0  __indStub:13497
 0002:000057C4  __indStub:13577
 0002:000057C8  __indStub:13550
 0002:000057CC  __indStub:13543
 0002:000057D0  __indStub:13544
 0002:000057D4  __indStub:13545
 0002:000057D8  __indStub:13546
 0002:000057DC  __indStub:13547
 0002:000057E0  __indStub:13548
 0002:000057E4  __indStub:13549
 0002:000057E8  __indStub:13551
 0002:000057EC  __indStub:10749
 0002:000057F0  __indStub:13552
 0002:000057F4  __indStub:13553
 0002:000057F8  __indStub:13554
 0002:000057FC  __indStub:13555
 0002:00005800  __indStub:13556
 0002:00005804  __indStub:13578
 0002:00005808  __indStub:13557
 0002:0000580C  __indStub:13558
 0002:00005810  __indStub:13561
 0002:00005814  __indStub:13560
 0002:00005818  __indStub:13559
 0002:0000581C  __indStub:13540
 0002:00005820  __indStub:13541
 0002:00005824  __indStub:13490
 0002:00005828  __indStub:13491
 0002:0000582C  __indStub:13564
 0002:00005830  __indStub:13574
 0002:00005834  __indStub:13575
 0002:00005838  __indStub:13493
 0002:0000583C  __indStub:13565
 0002:00005840  __indStub:13567
 0002:00005844  __indStub:13562
 0002:00005848  __indStub:13563
 0002:0000584C  __indStub:13566
 0002:00005850  __indStub:13569
 0002:00005854  __indStub:13568
 0002:00005858  __indStub:13570
 0002:0000585C  __indStub:13571
 0002:00005860  __indStub:13572
 0002:00005864  __indStub:13573
 0002:00005868  __indStub:13576
 0002:0000586C  __indStub:13584
 0002:00005870  __indStub:13585
 0002:00005874  __indStub:13502
 0002:00005878  __indStub:13503
 0002:0000587C  __indStub:13504
 0002:00005880  __indStub:13505
 0002:00005884  __indStub:13506
 0002:00005888  __indStub:13507
 0002:0000588C  __indStub:13508
 0002:00005890  __indStub:13509
 0002:00005894  __indStub:13510
 0002:00005898  __indStub:13511
 0002:0000589C  __indStub:13512
 0002:000058A0  __indStub:13513
 0002:000058A4  __indStub:13514
 0002:000058A8  __indStub:13515
 0002:000058AC  __indStub:13516
 0002:000058B0  __indStub:13517
 0002:000058B4  __indStub:13518
 0002:000058B8  __indStub:13519
 0002:000058BC  __indStub:13520
 0002:000058C0  __indStub:13521
 0002:000058C4  __indStub:13522
 0002:000058C8  __indStub:13523
 0002:000058CC  __indStub:13524
 0002:000058D0  __indStub:13525
 0002:000058D4  __indStub:13526
 0002:000058D8  __indStub:13527
 0002:000058DC  __indStub:13528
 0002:000058E0  __indStub:13529
 0002:000058E4  __indStub:13530
 0002:000058E8  __indStub:13531
 0002:000058EC  __indStub:13532
 0002:000058F0  __indStub:13533
 0002:000058F4  __indStub:13534
 0002:000058F8  __indStub:13535
 0002:000058FC  __indStub:13536
 0002:00005900  __indStub:13537
 0002:00005904  __indStub:13538
 0002:00005908  __indStub:13539
 0002:0000590C  __indStub:12842
 0002:00005910  __indStub:13757
 0002:00005914  __indStub:13759
 0002:00005918  __indStub:13765
 0002:0000591C  __indStub:13761
 0002:00005920  __indStub:13740
 0002:00005924  __indStub:13767
 0002:00005928  __indStub:13763
 0002:0000592C  __indStub:13771
 0002:00005930  __indStub:13744
 0002:00005934  __indStub:13749
 0002:00005938  __indStub:13755
 0002:0000593C  __indStub:13753
 0002:00005940  __indStub:13751
 0002:00005944  __indStub:10888
 0002:00005948  __indStub:12857
 0002:0000594C  __indStub:13662
 0002:00005950  __indStub:13661
 0002:00005954  __indStub:13664
 0002:00005958  __indStub:13665
 0002:0000595C  __indStub:13663
 0002:00005960  __indStub:12858
 0002:00005964  __indStub:13666
 0002:00005968  __indStub:13667
 0002:0000596C  __indStub:13671
 0002:00005970  __indStub:10899
 0002:00005974  __indStub:80
 0002:00005978  __indStub:82
 0002:0000597C  __indStub:12859
 0002:00005980  __indStub:84
 0002:00005984  __indStub:83
 0002:00005988  __indStub:12847
 0002:0000598C  __indStub:13657
 0002:00005990  __indStub:13058
 0002:00005994  __indStub:13057
 0002:00005998  __indStub:6927
 0002:0000599C  __indStub:127
 0002:000059A0  __indStub:1531
 0002:000059A4  __indStub:10740
 0002:000059A8  __indStub:10733
 0002:000059AC  __indStub:10734
 0002:000059B0  __indStub:10735
 0002:000059B4  __indStub:14784
 0002:000059B8  __indStub:10747
 0002:000059BC  __indStub:19217
 0002:000059C0  __indStub:16596
 0002:000059C4  __indStub:18610
 0002:000059C8  __indStub:18611
 0002:000059CC  __indStub:18612
 0002:000059D0  __indStub:18622
 0002:000059D4  __indStub:18619
 0002:000059D8  __indStub:17516
 0002:000059DC  __indStub:18609
 0002:000059E0  __indStub:20332
 0002:000059E4  __indStub:19165
 0002:000059E8  __indStub:19162
 0002:000059EC  __indStub:19158
 0002:000059F0  __indStub:20331
 0002:000059F4  __indStub:19159
 0002:000059F8  __indStub:19163
 0002:000059FC  __indStub:19164
 0002:00005A00  __indStub:22182
 0002:00005A04  __indStub:17517
 0002:00005A08  __indStub:17518
 0002:00005A0C  __indStub:17519
 0002:00005A10  __indStub:19591
 0002:00005A14  __indStub:17515
 0002:00005A18  __indStub:19161
 0002:00005A1C  __indStub:20329
 0002:00005A20  __indStub:22369
 0002:00005A24  __indStub:22370
 0002:00005A28  __indStub:22372
 0002:00005A2C  __indStub:22373
 0002:00005A30  __indStub:22371
 0002:00005A34  __indStub:22374
 0002:00005A38  __indStub:22377
 0002:00005A3C  __indStub:22376
 0002:00005A40  __indStub:22375
 0002:00005A44  __indStub:22378
 0002:00005A48  __indStub:20330
 0002:00005A4C  __indStub:18613
 0002:00005A50  __indStub:18614
 0002:00005A54  __indStub:18615
 0002:00005A58  __indStub:18616
 0002:00005A5C  __indStub:19777
 0002:00005A60  __indStub:19778
 0002:00005A64  __indStub:19779
 0002:00005A68  __indStub:19780
 0002:00005A6C  __indStub:19781
 0002:00005A70  __indStub:19782
 0002:00005A74  __indStub:19783
 0002:00005A78  __indStub:19784
 0002:00005A7C  __indStub:19791
 0002:00005A80  __indStub:19785
 0002:00005A84  __indStub:19786
 0002:00005A88  __indStub:19787
 0002:00005A8C  __indStub:19788
 0002:00005A90  __indStub:19789
 0002:00005A94  __indStub:19790
 0002:00005A98  __indStub:17497
 0002:00005A9C  __indStub:17498
 0002:00005AA0  __indStub:17499
 0002:00005AA4  __indStub:17500
 0002:00005AA8  __indStub:17501
 0002:00005AAC  __indStub:17502
 0002:00005AB0  __indStub:17503
 0002:00005AB4  __indStub:17504
 0002:00005AB8  __indStub:17505
 0002:00005ABC  __indStub:17506
 0002:00005AC0  __indStub:17507
 0002:00005AC4  __indStub:17508
 0002:00005AC8  __indStub:17509
 0002:00005ACC  __indStub:17510
 0002:00005AD0  __indStub:17511
 0002:00005AD4  __indStub:17512
 0002:00005AD8  __indStub:17513
 0002:00005ADC  __indStub:17514
 0002:00005AE0  __indStub:22185
 0002:00005AE4  __indStub:18623
 0002:00005AE8  __indStub:16495
 0002:00005AEC  __indStub:19160
 0002:00005AF0  __indStub:20333
 0002:00005AF4  __indStub:20334
 0002:00005AF8  __indStub:20335
 0002:00005AFC  __indStub:20336
 0002:00005B00  __indStub:22187
 0002:00005B04  __indStub:11077
 0002:00005B08  __indStub:1431
 0002:00005B0C  __indStub:5163
 0002:00005B10  __indStub:5165
 0002:00005B14  __indStub:5159
 0002:00005B18  __indStub:8551
 0002:00005B1C  __indStub:8552
 0002:00005B20  __indStub:8554
 0002:00005B24  __indStub:8555
 0002:00005B28  __indStub:8558
 0002:00005B2C  __indStub:8775
 0002:00005B30  __indStub:8776
 0002:00005B34  __indStub:8777
 0002:00005B38  __indStub:8778
 0002:00005B3C  __indStub:13072
 0002:00005B40  __indStub:13976
 0002:00005B44  __indStub:22411
 0002:00005B48  __indStub:22417
 0002:00005B4C  __indStub:22419
 0002:00005B50  __indStub:22421
 0002:00005B54  __indStub:22423
 0002:00005B58  __indStub:22425
 0002:00005B5C  __indStub:20391
 0002:00005B60  __indStub:20393
 0002:00005B64  __indStub:20419
 0002:00005B6C  __TLS_index
 0003:00000000  @Sysinit@B2_2
 0003:00000000  @Sysinit@ModuleIsLib
 0003:00000001  @Sysinit@ModuleIsPackage
 0003:00000002  @Sysinit@ModuleIsCpp
 0003:00000004  @Sysinit@TlsIndex
 0003:00000008  @Sysinit@TlsLast
 0003:0000000C  @Sysinit@HInstance
 0003:00000010  @Sysinit@DllProc
 0003:0000001C  @Main@B4_2
 0003:0000001C  _MainForm
 0003:00000020  @Main@B4_3
 0003:00000024  @Tworkthread@B5_3
 0003:00000028  _ProgressDlg
 0003:00000028  @Tprogressdlg@B6_2
 0003:0000002C  @Tprogressdlg@B6_3
 0003:00000030  @Vdbconsts@B49_1
 0003:00000034  @Dblogdlg@B54_1
 0003:00000038  @Sqltimst@B98_2
 0003:0000003C  @Fmtbcd@B100_2
 0003:00000040  @Db@LoginDialogProc
 0003:00000040  @Db@B101_2
 0003:00000044  @Db@LoginDialogExProc
 0003:00000048  @Db@RemoteLoginDialogProc
 0003:0000004C  @Db@ScreenCursorProc
 0003:00000050  @Db@PasswordDialog
 0003:00000054  @Db@DBScreen
 0003:00000058  @Db@DBApplication
 0003:00000060  @Dbconsts@B118_1
 0003:00000064  @Series@B139_2
 0003:00000068  @Teefunci@B154_1
 0003:0000006C  @Chart@B155_2
 0003:0000006C  @Chart@AnimatedZoomFactor
 0003:00000074  @Chart@TeeZoomMouseButton
 0003:00000075  @Chart@TeeScrollMouseButton
 0003:00000076  @Chart@TeeZoomKeyShift
 0003:00000077  @Chart@TeeScrollKeyShift
 0003:00000078  @Chart@TeeSeriesTypes
 0003:00000080  @Teengine@B161_2
 0003:00000084  @Teeprocs@B162_2
 0003:00000088  @Tecanvas@B166_2
 0003:0000008C  @Teeconst@B167_1
 0003:00000090  @Winspool@B172_1
 0003:00000094  @Wininet@B176_1
 0003:00000098  @Windows@B177_2
 0003:0000009C  @Urlmon@B179_2
 0003:000000A0  @Shlobj@B183_2
 0003:000000A4  @Shellapi@B187_1
 0003:000000A8  @Richedit@B189_1
 0003:000000AC  @Regstr@B191_1
 0003:000000B0  @Multimon@B213_1
 0003:000000B0  @Multimon@GetSystemMetrics
 0003:000000B4  @Multimon@MonitorFromWindow
 0003:000000B8  @Multimon@MonitorFromRect
 0003:000000BC  @Multimon@MonitorFromPoint
 0003:000000C0  @Multimon@GetMonitorInfo
 0003:000000C4  @Multimon@GetMonitorInfoA
 0003:000000C8  @Multimon@GetMonitorInfoW
 0003:000000CC  @Multimon@EnumDisplayMonitors
 0003:000000E4  @Messages@B220_1
 0003:000000E8  @Mapi@B222_2
 0003:000000EC  @Imm@B230_1
 0003:000000F0  @Flatsb@B234_1
 0003:000000F0  @Flatsb@FlatSB_EnableScrollBar
 0003:000000F4  @Flatsb@FlatSB_ShowScrollBar
 0003:000000F8  @Flatsb@FlatSB_GetScrollRange
 0003:000000FC  @Flatsb@FlatSB_GetScrollInfo
 0003:00000100  @Flatsb@FlatSB_GetScrollPos
 0003:00000104  @Flatsb@FlatSB_SetScrollPos
 0003:00000108  @Flatsb@FlatSB_SetScrollInfo
 0003:0000010C  @Flatsb@FlatSB_SetScrollRange
 0003:00000124  @Dlgs@B236_1
 0003:00000128  @Commdlg@B242_1
 0003:0000012C  @Commctrl@B244_1
 0003:00000138  @Activex@B253_2
 0003:0000013C  @Helpintfs@B261_1
 0003:00000144  @Maskutils@B262_2
 0003:00000148  @Classes@GlobalNameSpace
 0003:00000148  @Classes@B263_2
 0003:0000014C  @Classes@IsUniqueGlobalComponentNameProc
 0003:0000018C  @Typinfo@B272_2
 0003:00000190  @Strutils@B274_2
 0003:00000194  @Registry@B280_2
 0003:00000198  @Math@B282_2
 0003:0000019C  @Inifiles@B286_2
 0003:000001A0  @Dateutils@B288_2
 0003:000001A4  @Contnrs@B292_2
 0003:000001A8  @Rtlconsts@B293_1
 0003:000001AC  @Comobj@B294_2
 0003:000001C0  @Comconst@B297_1
 0003:000001C4  @Types@B300_1
 0003:000001C8  @Sysutils@CurrencyString
 0003:000001C8  @Sysutils@B303_2
 0003:000001CC  @Sysutils@CurrencyFormat
 0003:000001CD  @Sysutils@NegCurrFormat
 0003:000001CE  @Sysutils@ThousandSeparator
 0003:000001CF  @Sysutils@DecimalSeparator
 0003:000001D0  @Sysutils@CurrencyDecimals
 0003:000001D1  @Sysutils@DateSeparator
 0003:000001D4  @Sysutils@ShortDateFormat
 0003:000001D8  @Sysutils@LongDateFormat
 0003:000001DC  @Sysutils@TimeSeparator
 0003:000001E0  @Sysutils@TimeAMString
 0003:000001E4  @Sysutils@TimePMString
 0003:000001E8  @Sysutils@ShortTimeFormat
 0003:000001EC  @Sysutils@LongTimeFormat
 0003:000001F0  @Sysutils@ShortMonthNames
 0003:00000220  @Sysutils@LongMonthNames
 0003:00000250  @Sysutils@ShortDayNames
 0003:0000026C  @Sysutils@LongDayNames
 0003:00000288  @Sysutils@SysLocale
 0003:00000296  @Sysutils@ListSeparator
 0003:00000298  @Sysutils@EraNames
 0003:000002B4  @Sysutils@EraYearOffsets
 0003:000002D0  @Sysutils@TrueBoolStrs
 0003:000002D4  @Sysutils@FalseBoolStrs
 0003:000002EC  @Sysconst@B304_1
 0003:000002F0  @Varutils@B306_2
 0003:000002F4  @Variants@B307_2
 0003:000002F4  @Variants@EmptyParam
 0003:00000304  @Variants@VarDispProc
 0003:00000308  @Variants@ClearAnyProc
 0003:0000030C  @Variants@ChangeAnyProc
 0003:00000310  @Variants@RefAnyProc
 0003:00000478  @System@B310_2
 0003:00000478  @System@DispCallByIDProc
 0003:0000047C  @System@ExceptProc
 0003:00000480  @System@ErrorProc
 0003:00000484  @System@ExceptClsProc
 0003:00000488  @System@ExceptObjProc
 0003:0000048C  @System@RaiseExceptionProc
 0003:00000490  @System@RTLUnwindProc
 0003:00000494  @System@ExceptionClass
 0003:00000498  @System@SafeCallErrorProc
 0003:0000049C  @System@AssertErrorProc
 0003:000004A0  @System@ExitProcessProc
 0003:000004A4  @System@AbstractErrorProc
 0003:000004A8  @System@HPrevInst
 0003:000004AC  @System@MainInstance
 0003:000004B0  @System@MainThreadID
 0003:000004B4  @System@IsLibrary
 0003:000004B8  @System@CmdShow
 0003:000004BC  @System@CmdLine
 0003:000004C0  @System@InitProc
 0003:000004C4  @System@ExitProc
 0003:000004C8  @System@IsConsole
 0003:000004C9  @System@IsMultiThread
 0003:000004CA  @System@Test8086
 0003:000004CB  @System@TestFDIV
 0003:000004CC  @System@Input
 0003:00000698  @System@Output
 0003:00000864  @System@ErrOutput
 0003:00000A30  @System@envp
 0003:00000A34  @System@AllocMemCount
 0003:00000A38  @System@AllocMemSize
 0003:00000B8C  @Winhelpviewer@WinHelpTester
 0003:00000B8C  @Winhelpviewer@B316_1
 0003:00000B90  @Winhelpviewer@ViewerName
 0003:00000B9C  @Extactns@B318_2
 0003:00000BAC  @Stdactns@B322_2
 0003:00000BB0  @Imglist@B324_2
 0003:00000BB4  @Actnlist@B326_2
 0003:00000BB8  @Extdlgs@B330_1
 0003:00000BBC  @Toolwin@B332_2
 0003:00000BC0  @Stdctrls@B335_2
 0003:00000BC4  @Printers@B339_2
 0003:00000BC8  @Menus@B349_2
 0003:00000BC8  @Menus@PopupList
 0003:00000BCC  @Menus@ShortCutItems
 0003:00000BD8  @Listactns@B357_1
 0003:00000BDC  @Graphics@B360_2
 0003:00000BDC  @Graphics@SystemPalette16
 0003:00000C3C  @Forms@B361_2
 0003:00000C3C  @Forms@Application
 0003:00000C40  @Forms@Screen
 0003:00000C5C  @Extctrls@B370_2
 0003:00000C60  @Dialogs@B373_2
 0003:00000C9C  @Controls@B377_2
 0003:00000C9C  @Controls@Mouse
 0003:00000CA0  @Controls@NewStyleControls
 0003:00000D1C  @Comstrs@B380_1
 0003:00000D20  @Comctrls@B382_2
 0003:00000D54  @Clipbrd@CF_PICTURE
 0003:00000D54  @Clipbrd@B389_1
 0003:00000D56  @Clipbrd@CF_COMPONENT
 0003:00000D60  @Buttons@B391_2
 0003:00000D90  @Consts@B394_1
 0003:00000D94  __new_handler
 0003:00000D94  @B572_2
 0003:00000D98  ___bad_alloc
 0003:00000D9C  @B594_2
 0003:00000D9C  __bormm_pfn_FreeMem
 0003:00000DA0  __bormm_pfn_GetMem
 0003:00000DA4  __bormm_pfn_ReallocMem
 0003:00000DA8  __bormm_pfn_HeapAddRef
 0003:00000DAC  __bormm_pfn_HeapRelease
 0003:00000DB4  @B622_2
 0003:00000DD8  @B683_2
 0003:00000DD8  @__rwstd@__rw_error_msg_mutex
 0003:00000DF4  @B891_2
 0003:000011FC  __DestructorCountPtr
 0003:000011FC  @B895_2
 0003:00001204  __HandlerPtr
 0003:00001204  @B901_2
 0003:00001208  __UserHandlerPtr
 0003:0000120C  @B1091_1
 0003:0000120C  __pidtab
 0003:000012D4  __handles
 0003:0000139C  @B1167_2
 0003:000013A4  @B1269_2
 0003:000013AC  __mbctype
 0003:000013AC  @B1809_2
 0003:000014B0  __mbcsCodePage
 0003:000014B4  @B1945_2
 0003:000015B4  @B1961_2
 0003:000015D0  @B2055_2
 0003:000015D0  __argv
 0003:000015DC  @B2057_2
 0003:000015E0  @B2059_2
 0003:000015E4  __environ
 0003:000015E4  @B2131_2
 0003:000015EC  __envsize
 0003:000015F0  __env_lock
 0003:000015F4  @B2152_1
 0003:000015F4  __C0argc
 0003:000015F8  __C0argv
 0003:000015FC  __C0environ
 0003:00001600  __oscmd
 0003:00001604  __osenv
 0003:00001608  __argc
 0003:0000160C  __dll_table
 0003:00001614  __ExcRegPtr
 0003:00001618  __wosenv
 0003:0000161C  __woscmd
 0003:00001620  ___exit_lock
 0003:00001624  __wC0argv
 0003:00001628  __wC0environ
 0003:0000162C  __exe_table
 0003:00001634  __stkbase
 0003:00001638  @B2176_2
 0003:00001640  @B2182_2
 0003:00004644  @B2262_2
 0003:00004648  ___pCPPdebugHook
 0004:00000000  @Classes@T263_3
 0004:00000008  @System@T310_3
 0004:00000010  ___xxInfo
 0004:00000010  @T895_3
 0004:000000AC  __stkindex
 0004:000000AC  @T2168_1
 0004:000000B0  __tlsindex
