
 Start Length Name Class
 0001:00401000 0000B0EF8H _TEXT                  CODE
 0002:004B2000 000005B18H _DATA                  DATA
 0003:004B7B18 000004654H _BSS                   BSS
 0004:00000000 0000000B4H _TLS                   TLS


Detailed map of segments
 0001:00000464 0000014F C=CODE    S=_TEXT    G=(none)   M=C:\ARCHIVOS DE PROGRAMA\BORLAND\CBUILDER6\LIB\C0W32.OBJ ACBP=A9
 0001:000005B3 00000135 C=CODE    S=_TEXT    G=(none)   M=C:\ARCHIVOS DE PROGRAMA\BORLAND\CBUILDER6\LIB\OBJ\SYSINIT.OBJ ACBP=A9
 0001:000006E8 00000390 C=CODE    S=_TEXT    G=(none)   M=C:\DOCUMENTS AND SETTINGS\PAKETE\MIS DOCUMENTOS\RESUL\C\ENT-GRENT-NENT\GRENT\GRENT.OBJ ACBP=A9
 0001:00000A78 00000FC8 C=CODE    S=_TEXT    G=(none)   M=C:\DOCUMENTS AND SETTINGS\PAKETE\MIS DOCUMENTOS\RESUL\C\ENT-GRENT-NENT\GRENT\MAIN.OBJ ACBP=A9
 0001:00001A40 00000974 C=CODE    S=_TEXT    G=(none)   M=C:\DOCUMENTS AND SETTINGS\PAKETE\MIS DOCUMENTOS\RESUL\C\ENT-GRENT-NENT\GRENT\TWORKTHREAD.OBJ ACBP=A9
 0001:000023B4 00000340 C=CODE    S=_TEXT    G=(none)   M=C:\DOCUMENTS AND SETTINGS\PAKETE\MIS DOCUMENTOS\RESUL\C\ENT-GRENT-NENT\GRENT\TPROGRESSDLG.OBJ ACBP=A9
 0001:000026F4 00000040 C=CODE    S=_TEXT    G=(none)   M=C:\ARCHIVOS DE PROGRAMA\BORLAND\CBUILDER6\LIB\RELEASE\VCLDB.LIB|VDBConsts ACBP=A9
 0001:00002734 00000706 C=CODE    S=_TEXT    G=(none)   M=C:\ARCHIVOS DE PROGRAMA\BORLAND\CBUILDER6\LIB\RELEASE\VCLDB.LIB|DBLogDlg ACBP=A9
 0001:00002E3C 00000E0F C=CODE    S=_TEXT    G=(none)   M=C:\ARCHIVOS DE PROGRAMA\BORLAND\CBUILDER6\LIB\RELEASE\DBRTL.LIB|SqlTimSt ACBP=A9
 0001:00003C4C 000035B7 C=CODE    S=_TEXT    G=(none)   M=C:\ARCHIVOS DE PROGRAMA\BORLAND\CBUILDER6\LIB\RELEASE\DBRTL.LIB|FMTBcd ACBP=A9
 0001:00007203 00000509 C=CODE    S=_TEXT    G=(none)   M=C:\ARCHIVOS DE PROGRAMA\BORLAND\CBUILDER6\LIB\RELEASE\DBRTL.LIB|DB ACBP=A9
 0001:0000770C 00000058 C=CODE    S=_TEXT    G=(none)   M=C:\ARCHIVOS DE PROGRAMA\BORLAND\CBUILDER6\LIB\RELEASE\DBRTL.LIB|DBConsts ACBP=A9
 0001:00007764 00008D59 C=CODE    S=_TEXT    G=(none)   M=C:\ARCHIVOS DE PROGRAMA\BORLAND\CBUILDER6\LIB\TEE.LIB|Series ACBP=A9
 0001:000104BD 00000C37 C=CODE    S=_TEXT    G=(none)   M=C:\ARCHIVOS DE PROGRAMA\BORLAND\CBUILDER6\LIB\TEE.LIB|TeeFunci ACBP=A9
 0001:000110F4 00005A70 C=CODE    S=_TEXT    G=(none)   M=C:\ARCHIVOS DE PROGRAMA\BORLAND\CBUILDER6\LIB\TEE.LIB|Chart ACBP=A9
 0001:00016B64 0000C18C C=CODE    S=_TEXT    G=(none)   M=C:\ARCHIVOS DE PROGRAMA\BORLAND\CBUILDER6\LIB\TEE.LIB|TeEngine ACBP=A9
 0001:00022CF0 00002810 C=CODE    S=_TEXT    G=(none)   M=C:\ARCHIVOS DE PROGRAMA\BORLAND\CBUILDER6\LIB\TEE.LIB|TeeProcs ACBP=A9
 0001:00025500 00004AD0 C=CODE    S=_TEXT    G=(none)   M=C:\ARCHIVOS DE PROGRAMA\BORLAND\CBUILDER6\LIB\TEE.LIB|TeCanvas ACBP=A9
 0001:00029FD0 00000210 C=CODE    S=_TEXT    G=(none)   M=C:\ARCHIVOS DE PROGRAMA\BORLAND\CBUILDER6\LIB\TEE.LIB|TeeConst ACBP=A9
 0001:0002A1E0 00000038 C=CODE    S=_TEXT    G=(none)   M=C:\ARCHIVOS DE PROGRAMA\BORLAND\CBUILDER6\LIB\RELEASE\RTL.LIB|WinSpool ACBP=A9
 0001:0002A218 00000038 C=CODE    S=_TEXT    G=(none)   M=C:\ARCHIVOS DE PROGRAMA\BORLAND\CBUILDER6\LIB\RELEASE\RTL.LIB|WinInet ACBP=A9
 0001:0002A250 00000228 C=CODE    S=_TEXT    G=(none)   M=C:\ARCHIVOS DE PROGRAMA\BORLAND\CBUILDER6\LIB\RELEASE\RTL.LIB|Windows ACBP=A9
 0001:0002A478 00000068 C=CODE    S=_TEXT    G=(none)   M=C:\ARCHIVOS DE PROGRAMA\BORLAND\CBUILDER6\LIB\RELEASE\RTL.LIB|UrlMon ACBP=A9
 0001:0002A4E0 00000038 C=CODE    S=_TEXT    G=(none)   M=C:\ARCHIVOS DE PROGRAMA\BORLAND\CBUILDER6\LIB\RELEASE\RTL.LIB|ShlObj ACBP=A9
 0001:0002A518 00000038 C=CODE    S=_TEXT    G=(none)   M=C:\ARCHIVOS DE PROGRAMA\BORLAND\CBUILDER6\LIB\RELEASE\RTL.LIB|ShellAPI ACBP=A9
 0001:0002A550 00000038 C=CODE    S=_TEXT    G=(none)   M=C:\ARCHIVOS DE PROGRAMA\BORLAND\CBUILDER6\LIB\RELEASE\RTL.LIB|RichEdit ACBP=A9
 0001:0002A588 00000038 C=CODE    S=_TEXT    G=(none)   M=C:\ARCHIVOS DE PROGRAMA\BORLAND\CBUILDER6\LIB\RELEASE\RTL.LIB|RegStr ACBP=A9
 0001:0002A5C0 00000787 C=CODE    S=_TEXT    G=(none)   M=C:\ARCHIVOS DE PROGRAMA\BORLAND\CBUILDER6\LIB\RELEASE\RTL.LIB|MultiMon ACBP=A9
 0001:0002AD47 00000039 C=CODE    S=_TEXT    G=(none)   M=C:\ARCHIVOS DE PROGRAMA\BORLAND\CBUILDER6\LIB\RELEASE\RTL.LIB|Messages ACBP=A9
 0001:0002AD80 0000006C C=CODE    S=_TEXT    G=(none)   M=C:\ARCHIVOS DE PROGRAMA\BORLAND\CBUILDER6\LIB\RELEASE\RTL.LIB|Mapi ACBP=A9
 0001:0002ADEC 00000038 C=CODE    S=_TEXT    G=(none)   M=C:\ARCHIVOS DE PROGRAMA\BORLAND\CBUILDER6\LIB\RELEASE\RTL.LIB|Imm ACBP=A9
 0001:0002AE24 0000031F C=CODE    S=_TEXT    G=(none)   M=C:\ARCHIVOS DE PROGRAMA\BORLAND\CBUILDER6\LIB\RELEASE\RTL.LIB|FlatSB ACBP=A9
 0001:0002B143 00000039 C=CODE    S=_TEXT    G=(none)   M=C:\ARCHIVOS DE PROGRAMA\BORLAND\CBUILDER6\LIB\RELEASE\RTL.LIB|Dlgs ACBP=A9
 0001:0002B17C 00000038 C=CODE    S=_TEXT    G=(none)   M=C:\ARCHIVOS DE PROGRAMA\BORLAND\CBUILDER6\LIB\RELEASE\RTL.LIB|CommDlg ACBP=A9
 0001:0002B1B4 0000060C C=CODE    S=_TEXT    G=(none)   M=C:\ARCHIVOS DE PROGRAMA\BORLAND\CBUILDER6\LIB\RELEASE\RTL.LIB|CommCtrl ACBP=A9
 0001:0002B7C0 00000970 C=CODE    S=_TEXT    G=(none)   M=C:\ARCHIVOS DE PROGRAMA\BORLAND\CBUILDER6\LIB\RELEASE\RTL.LIB|ActiveX ACBP=A9
 0001:0002C130 00001098 C=CODE    S=_TEXT    G=(none)   M=C:\ARCHIVOS DE PROGRAMA\BORLAND\CBUILDER6\LIB\RELEASE\RTL.LIB|HelpIntfs ACBP=A9
 0001:0002D1C8 00000038 C=CODE    S=_TEXT    G=(none)   M=C:\ARCHIVOS DE PROGRAMA\BORLAND\CBUILDER6\LIB\RELEASE\RTL.LIB|MaskUtils ACBP=A9
 0001:0002D200 0000C69E C=CODE    S=_TEXT    G=(none)   M=C:\ARCHIVOS DE PROGRAMA\BORLAND\CBUILDER6\LIB\RELEASE\RTL.LIB|Classes ACBP=A9
 0001:0003989E 00001946 C=CODE    S=_TEXT    G=(none)   M=C:\ARCHIVOS DE PROGRAMA\BORLAND\CBUILDER6\LIB\RELEASE\RTL.LIB|TypInfo ACBP=A9
 0001:0003B1E4 00000038 C=CODE    S=_TEXT    G=(none)   M=C:\ARCHIVOS DE PROGRAMA\BORLAND\CBUILDER6\LIB\RELEASE\RTL.LIB|StrUtils ACBP=A9
 0001:0003B21C 00000068 C=CODE    S=_TEXT    G=(none)   M=C:\ARCHIVOS DE PROGRAMA\BORLAND\CBUILDER6\LIB\RELEASE\RTL.LIB|Registry ACBP=A9
 0001:0003B284 00000048 C=CODE    S=_TEXT    G=(none)   M=C:\ARCHIVOS DE PROGRAMA\BORLAND\CBUILDER6\LIB\RELEASE\RTL.LIB|Math ACBP=A9
 0001:0003B2CC 00000068 C=CODE    S=_TEXT    G=(none)   M=C:\ARCHIVOS DE PROGRAMA\BORLAND\CBUILDER6\LIB\RELEASE\RTL.LIB|IniFiles ACBP=A9
 0001:0003B334 00000070 C=CODE    S=_TEXT    G=(none)   M=C:\ARCHIVOS DE PROGRAMA\BORLAND\CBUILDER6\LIB\RELEASE\RTL.LIB|DateUtils ACBP=A9
 0001:0003B3A4 000002B8 C=CODE    S=_TEXT    G=(none)   M=C:\ARCHIVOS DE PROGRAMA\BORLAND\CBUILDER6\LIB\RELEASE\RTL.LIB|Contnrs ACBP=A9
 0001:0003B65C 00000148 C=CODE    S=_TEXT    G=(none)   M=C:\ARCHIVOS DE PROGRAMA\BORLAND\CBUILDER6\LIB\RELEASE\RTL.LIB|RTLConsts ACBP=A9
 0001:0003B7A4 00000E65 C=CODE    S=_TEXT    G=(none)   M=C:\ARCHIVOS DE PROGRAMA\BORLAND\CBUILDER6\LIB\RELEASE\RTL.LIB|ComObj ACBP=A9
 0001:0003C609 0000005B C=CODE    S=_TEXT    G=(none)   M=C:\ARCHIVOS DE PROGRAMA\BORLAND\CBUILDER6\LIB\RELEASE\RTL.LIB|ComConst ACBP=A9
 0001:0003C664 000000BC C=CODE    S=_TEXT    G=(none)   M=C:\ARCHIVOS DE PROGRAMA\BORLAND\CBUILDER6\LIB\RELEASE\RTL.LIB|Types ACBP=A9
 0001:0003C720 00006F70 C=CODE    S=_TEXT    G=(none)   M=C:\ARCHIVOS DE PROGRAMA\BORLAND\CBUILDER6\LIB\RELEASE\RTL.LIB|SysUtils ACBP=A9
 0001:00043690 00000360 C=CODE    S=_TEXT    G=(none)   M=C:\ARCHIVOS DE PROGRAMA\BORLAND\CBUILDER6\LIB\RELEASE\RTL.LIB|SysConst ACBP=A9
 0001:000439F0 000000D4 C=CODE    S=_TEXT    G=(none)   M=C:\ARCHIVOS DE PROGRAMA\BORLAND\CBUILDER6\LIB\RELEASE\RTL.LIB|VarUtils ACBP=A9
 0001:00043AC4 000093A0 C=CODE    S=_TEXT    G=(none)   M=C:\ARCHIVOS DE PROGRAMA\BORLAND\CBUILDER6\LIB\RELEASE\RTL.LIB|Variants ACBP=A9
 0001:0004CE64 00005A93 C=CODE    S=_TEXT    G=(none)   M=C:\ARCHIVOS DE PROGRAMA\BORLAND\CBUILDER6\LIB\RELEASE\RTL.LIB|System ACBP=A9
 0001:000528F7 00000CC5 C=CODE    S=_TEXT    G=(none)   M=C:\ARCHIVOS DE PROGRAMA\BORLAND\CBUILDER6\LIB\RELEASE\VCL.LIB|WinHelpViewer ACBP=A9
 0001:000535BC 00000058 C=CODE    S=_TEXT    G=(none)   M=C:\ARCHIVOS DE PROGRAMA\BORLAND\CBUILDER6\LIB\RELEASE\VCL.LIB|ExtActns ACBP=A9
 0001:00053614 00000168 C=CODE    S=_TEXT    G=(none)   M=C:\ARCHIVOS DE PROGRAMA\BORLAND\CBUILDER6\LIB\RELEASE\VCL.LIB|StdActns ACBP=A9
 0001:0005377C 00001AC0 C=CODE    S=_TEXT    G=(none)   M=C:\ARCHIVOS DE PROGRAMA\BORLAND\CBUILDER6\LIB\RELEASE\VCL.LIB|ImgList ACBP=A9
 0001:0005523C 00001336 C=CODE    S=_TEXT    G=(none)   M=C:\ARCHIVOS DE PROGRAMA\BORLAND\CBUILDER6\LIB\RELEASE\VCL.LIB|ActnList ACBP=A9
 0001:00056572 0000003A C=CODE    S=_TEXT    G=(none)   M=C:\ARCHIVOS DE PROGRAMA\BORLAND\CBUILDER6\LIB\RELEASE\VCL.LIB|ExtDlgs ACBP=A9
 0001:000565AC 00000ACC C=CODE    S=_TEXT    G=(none)   M=C:\ARCHIVOS DE PROGRAMA\BORLAND\CBUILDER6\LIB\RELEASE\VCL.LIB|ToolWin ACBP=A9
 0001:00057078 00006200 C=CODE    S=_TEXT    G=(none)   M=C:\ARCHIVOS DE PROGRAMA\BORLAND\CBUILDER6\LIB\RELEASE\VCL.LIB|StdCtrls ACBP=A9
 0001:0005D278 00000044 C=CODE    S=_TEXT    G=(none)   M=C:\ARCHIVOS DE PROGRAMA\BORLAND\CBUILDER6\LIB\RELEASE\VCL.LIB|Printers ACBP=A9
 0001:0005D2BC 000064CD C=CODE    S=_TEXT    G=(none)   M=C:\ARCHIVOS DE PROGRAMA\BORLAND\CBUILDER6\LIB\RELEASE\VCL.LIB|Menus ACBP=A9
 0001:0006378C 00001AF8 C=CODE    S=_TEXT    G=(none)   M=C:\ARCHIVOS DE PROGRAMA\BORLAND\CBUILDER6\LIB\RELEASE\VCL.LIB|ListActns ACBP=A9
 0001:00065284 00008E4F C=CODE    S=_TEXT    G=(none)   M=C:\ARCHIVOS DE PROGRAMA\BORLAND\CBUILDER6\LIB\RELEASE\VCL.LIB|Graphics ACBP=A9
 0001:0006E0D4 0000D958 C=CODE    S=_TEXT    G=(none)   M=C:\ARCHIVOS DE PROGRAMA\BORLAND\CBUILDER6\LIB\RELEASE\VCL.LIB|Forms ACBP=A9
 0001:0007BA2C 00001C20 C=CODE    S=_TEXT    G=(none)   M=C:\ARCHIVOS DE PROGRAMA\BORLAND\CBUILDER6\LIB\RELEASE\VCL.LIB|ExtCtrls ACBP=A9
 0001:0007D64C 00001669 C=CODE    S=_TEXT    G=(none)   M=C:\ARCHIVOS DE PROGRAMA\BORLAND\CBUILDER6\LIB\RELEASE\VCL.LIB|Dialogs ACBP=A9
 0001:0007ECB8 00010F8B C=CODE    S=_TEXT    G=(none)   M=C:\ARCHIVOS DE PROGRAMA\BORLAND\CBUILDER6\LIB\RELEASE\VCL.LIB|Controls ACBP=A9
 0001:0008FC43 00000051 C=CODE    S=_TEXT    G=(none)   M=C:\ARCHIVOS DE PROGRAMA\BORLAND\CBUILDER6\LIB\RELEASE\VCL.LIB|ComStrs ACBP=A9
 0001:0008FC94 00013114 C=CODE    S=_TEXT    G=(none)   M=C:\ARCHIVOS DE PROGRAMA\BORLAND\CBUILDER6\LIB\RELEASE\VCL.LIB|ComCtrls ACBP=A9
 0001:000A2DA8 00000094 C=CODE    S=_TEXT    G=(none)   M=C:\ARCHIVOS DE PROGRAMA\BORLAND\CBUILDER6\LIB\RELEASE\VCL.LIB|ClipBrd ACBP=A9
 0001:000A2E3C 000020CD C=CODE    S=_TEXT    G=(none)   M=C:\ARCHIVOS DE PROGRAMA\BORLAND\CBUILDER6\LIB\RELEASE\VCL.LIB|Buttons ACBP=A9
 0001:000A4F09 000002EB C=CODE    S=_TEXT    G=(none)   M=C:\ARCHIVOS DE PROGRAMA\BORLAND\CBUILDER6\LIB\RELEASE\VCL.LIB|Consts ACBP=A9
 0001:000A51F4 0000002B C=CODE    S=_TEXT    G=(none)   M=C:\ARCHIVOS DE PROGRAMA\BORLAND\CBUILDER6\LIB\CP32MT.LIB|calloc ACBP=A9
 0001:000A5220 0000000F C=CODE    S=_TEXT    G=(none)   M=C:\ARCHIVOS DE PROGRAMA\BORLAND\CBUILDER6\LIB\CP32MT.LIB|del ACBP=A9
 0001:000A5230 0000000F C=CODE    S=_TEXT    G=(none)   M=C:\ARCHIVOS DE PROGRAMA\BORLAND\CBUILDER6\LIB\CP32MT.LIB|delarray ACBP=A9
 0001:000A5240 000001B6 C=CODE    S=_TEXT    G=(none)   M=C:\ARCHIVOS DE PROGRAMA\BORLAND\CBUILDER6\LIB\CP32MT.LIB|new ACBP=A9
 0001:000A53F8 0000000F C=CODE    S=_TEXT    G=(none)   M=C:\ARCHIVOS DE PROGRAMA\BORLAND\CBUILDER6\LIB\CP32MT.LIB|newarray ACBP=A9
 0001:000A5408 000000DB C=CODE    S=_TEXT    G=(none)   M=C:\ARCHIVOS DE PROGRAMA\BORLAND\CBUILDER6\LIB\CP32MT.LIB|setnew ACBP=A9
 0001:000A54DC 000001CD C=CODE    S=_TEXT    G=(none)   M=C:\ARCHIVOS DE PROGRAMA\BORLAND\CBUILDER6\LIB\CP32MT.LIB|hrdir_b ACBP=A9
 0001:000A56AC 0000006F C=CODE    S=_TEXT    G=(none)   M=C:\ARCHIVOS DE PROGRAMA\BORLAND\CBUILDER6\LIB\CP32MT.LIB|hrdir_bh ACBP=A9
 0001:000A571C 00000020 C=CODE    S=_TEXT    G=(none)   M=C:\ARCHIVOS DE PROGRAMA\BORLAND\CBUILDER6\LIB\CP32MT.LIB|hrdir_mf ACBP=A9
 0001:000A573C 00000016 C=CODE    S=_TEXT    G=(none)   M=C:\ARCHIVOS DE PROGRAMA\BORLAND\CBUILDER6\LIB\CP32MT.LIB|hrdir_r ACBP=A9
 0001:000A5754 000000B8 C=CODE    S=_TEXT    G=(none)   M=C:\ARCHIVOS DE PROGRAMA\BORLAND\CBUILDER6\LIB\CP32MT.LIB|hrdir_s ACBP=A9
 0001:000A580C 00000001 C=CODE    S=_TEXT    G=(none)   M=C:\ARCHIVOS DE PROGRAMA\BORLAND\CBUILDER6\LIB\CP32MT.LIB|hrdir_us ACBP=A9
 0001:000A5810 00000095 C=CODE    S=_TEXT    G=(none)   M=C:\ARCHIVOS DE PROGRAMA\BORLAND\CBUILDER6\LIB\CP32MT.LIB|pheap ACBP=A9
 0001:000A58A5 00000042 C=CODE    S=_TEXT    G=(none)   M=C:\ARCHIVOS DE PROGRAMA\BORLAND\CBUILDER6\LIB\CP32MT.LIB|crtlvcl ACBP=A9
 0001:000A58E8 00000001 C=CODE    S=_TEXT    G=(none)   M=C:\ARCHIVOS DE PROGRAMA\BORLAND\CBUILDER6\LIB\CP32MT.LIB|vlibstub ACBP=A9
 0001:000A58E9 00000030 C=CODE    S=_TEXT    G=(none)   M=C:\ARCHIVOS DE PROGRAMA\BORLAND\CBUILDER6\LIB\CP32MT.LIB|syshook ACBP=A9
 0001:000A591C 000002C0 C=CODE    S=_TEXT    G=(none)   M=C:\ARCHIVOS DE PROGRAMA\BORLAND\CBUILDER6\LIB\CP32MT.LIB|predecl ACBP=A9
 0001:000A5BD4 00000178 C=CODE    S=_TEXT    G=(none)   M=C:\ARCHIVOS DE PROGRAMA\BORLAND\CBUILDER6\LIB\CP32MT.LIB|stdexcpt ACBP=A9
 0001:000A5CC8 00000024 C=CODE    S=_TEXT    G=(none)   M=C:\ARCHIVOS DE PROGRAMA\BORLAND\CBUILDER6\LIB\CP32MT.LIB|memcpy ACBP=A9
 0001:000A5CEC 0000004A C=CODE    S=_TEXT    G=(none)   M=C:\ARCHIVOS DE PROGRAMA\BORLAND\CBUILDER6\LIB\CP32MT.LIB|memmove ACBP=A9
 0001:000A5D38 0000008A C=CODE    S=_TEXT    G=(none)   M=C:\ARCHIVOS DE PROGRAMA\BORLAND\CBUILDER6\LIB\CP32MT.LIB|memset ACBP=A9
 0001:000A5DC4 00000018 C=CODE    S=_TEXT    G=(none)   M=C:\ARCHIVOS DE PROGRAMA\BORLAND\CBUILDER6\LIB\CP32MT.LIB|wmemset ACBP=A9
 0001:000A5DDC 0000003C C=CODE    S=_TEXT    G=(none)   M=C:\ARCHIVOS DE PROGRAMA\BORLAND\CBUILDER6\LIB\CP32MT.LIB|strcat ACBP=A9
 0001:000A5E18 0000005A C=CODE    S=_TEXT    G=(none)   M=C:\ARCHIVOS DE PROGRAMA\BORLAND\CBUILDER6\LIB\CP32MT.LIB|strlen ACBP=A9
 0001:000A5E74 0000006E C=CODE    S=_TEXT    G=(none)   M=C:\ARCHIVOS DE PROGRAMA\BORLAND\CBUILDER6\LIB\CP32MT.LIB|strncat ACBP=A9
 0001:000A5EE4 00000027 C=CODE    S=_TEXT    G=(none)   M=C:\ARCHIVOS DE PROGRAMA\BORLAND\CBUILDER6\LIB\CP32MT.LIB|strncmp ACBP=A9
 0001:000A5F0C 0000006C C=CODE    S=_TEXT    G=(none)   M=C:\ARCHIVOS DE PROGRAMA\BORLAND\CBUILDER6\LIB\CP32MT.LIB|memcmp ACBP=A9
 0001:000A5F78 00000032 C=CODE    S=_TEXT    G=(none)   M=C:\ARCHIVOS DE PROGRAMA\BORLAND\CBUILDER6\LIB\CP32MT.LIB|strdup ACBP=A9
 0001:000A5FAC 0000004F C=CODE    S=_TEXT    G=(none)   M=C:\ARCHIVOS DE PROGRAMA\BORLAND\CBUILDER6\LIB\CP32MT.LIB|strncpy ACBP=A9
 0001:000A5FFC 00000018 C=CODE    S=_TEXT    G=(none)   M=C:\ARCHIVOS DE PROGRAMA\BORLAND\CBUILDER6\LIB\CP32MT.LIB|wcslen ACBP=A9
 0001:000A6014 0000003F C=CODE    S=_TEXT    G=(none)   M=C:\ARCHIVOS DE PROGRAMA\BORLAND\CBUILDER6\LIB\CP32MT.LIB|wcscpy ACBP=A9
 0001:000A6054 00000070 C=CODE    S=_TEXT    G=(none)   M=C:\ARCHIVOS DE PROGRAMA\BORLAND\CBUILDER6\LIB\CP32MT.LIB|xxa ACBP=A9
 0001:000A60C4 00000AB6 C=CODE    S=_TEXT    G=(none)   M=C:\ARCHIVOS DE PROGRAMA\BORLAND\CBUILDER6\LIB\CP32MT.LIB|xxtype ACBP=A9
 0001:000A6B7A 000000B6 C=CODE    S=_TEXT    G=(none)   M=C:\ARCHIVOS DE PROGRAMA\BORLAND\CBUILDER6\LIB\CP32MT.LIB|xxut ACBP=A9
 0001:000A6C1C 0000014B C=CODE    S=_TEXT    G=(none)   M=C:\ARCHIVOS DE PROGRAMA\BORLAND\CBUILDER6\LIB\CP32MT.LIB|xxv ACBP=A9
 0001:000A6D68 0000000A C=CODE    S=_TEXT    G=(none)   M=C:\ARCHIVOS DE PROGRAMA\BORLAND\CBUILDER6\LIB\CP32MT.LIB|defhandl ACBP=A9
 0001:000A6D74 00000179 C=CODE    S=_TEXT    G=(none)   M=C:\ARCHIVOS DE PROGRAMA\BORLAND\CBUILDER6\LIB\CP32MT.LIB|except ACBP=A9
 0001:000A6EF0 00000046 C=CODE    S=_TEXT    G=(none)   M=C:\ARCHIVOS DE PROGRAMA\BORLAND\CBUILDER6\LIB\CP32MT.LIB|setexc ACBP=A9
 0001:000A6F38 00000022 C=CODE    S=_TEXT    G=(none)   M=C:\ARCHIVOS DE PROGRAMA\BORLAND\CBUILDER6\LIB\CP32MT.LIB|ta ACBP=A9
 0001:000A6F5C 00000047 C=CODE    S=_TEXT    G=(none)   M=C:\ARCHIVOS DE PROGRAMA\BORLAND\CBUILDER6\LIB\CP32MT.LIB|__isatty ACBP=A9
 0001:000A6FA4 00000084 C=CODE    S=_TEXT    G=(none)   M=C:\ARCHIVOS DE PROGRAMA\BORLAND\CBUILDER6\LIB\CP32MT.LIB|__lseek ACBP=A9
 0001:000A7028 00000132 C=CODE    S=_TEXT    G=(none)   M=C:\ARCHIVOS DE PROGRAMA\BORLAND\CBUILDER6\LIB\CP32MT.LIB|__write ACBP=A9
 0001:000A715C 00000011 C=CODE    S=_TEXT    G=(none)   M=C:\ARCHIVOS DE PROGRAMA\BORLAND\CBUILDER6\LIB\CP32MT.LIB|_cfinfo ACBP=A9
 0001:000A7170 00000042 C=CODE    S=_TEXT    G=(none)   M=C:\ARCHIVOS DE PROGRAMA\BORLAND\CBUILDER6\LIB\CP32MT.LIB|_flshall ACBP=A9
 0001:000A71B4 00000061 C=CODE    S=_TEXT    G=(none)   M=C:\ARCHIVOS DE PROGRAMA\BORLAND\CBUILDER6\LIB\CP32MT.LIB|_write ACBP=A9
 0001:000A7218 0000007D C=CODE    S=_TEXT    G=(none)   M=C:\ARCHIVOS DE PROGRAMA\BORLAND\CBUILDER6\LIB\CP32MT.LIB|allocbuf ACBP=A9
 0001:000A7298 0000008F C=CODE    S=_TEXT    G=(none)   M=C:\ARCHIVOS DE PROGRAMA\BORLAND\CBUILDER6\LIB\CP32MT.LIB|fflush ACBP=A9
 0001:000A7328 00000064 C=CODE    S=_TEXT    G=(none)   M=C:\ARCHIVOS DE PROGRAMA\BORLAND\CBUILDER6\LIB\CP32MT.LIB|flushout ACBP=A9
 0001:000A738C 00000023 C=CODE    S=_TEXT    G=(none)   M=C:\ARCHIVOS DE PROGRAMA\BORLAND\CBUILDER6\LIB\CP32MT.LIB|fmodeptr ACBP=A9
 0001:000A73B0 000003EB C=CODE    S=_TEXT    G=(none)   M=C:\ARCHIVOS DE PROGRAMA\BORLAND\CBUILDER6\LIB\CP32MT.LIB|handles ACBP=A9
 0001:000A779C 0000008A C=CODE    S=_TEXT    G=(none)   M=C:\ARCHIVOS DE PROGRAMA\BORLAND\CBUILDER6\LIB\CP32MT.LIB|ioerror ACBP=A9
 0001:000A7826 00000083 C=CODE    S=_TEXT    G=(none)   M=C:\ARCHIVOS DE PROGRAMA\BORLAND\CBUILDER6\LIB\CP32MT.LIB|perror ACBP=A9
 0001:000A7828 00000100 C=CODE    S=_TEXT    G=(none)   M=C:\ARCHIVOS DE PROGRAMA\BORLAND\CBUILDER6\LIB\CP32MT.LIB|snprntf ACBP=A9
 0001:000A7928 00000270 C=CODE    S=_TEXT    G=(none)   M=C:\ARCHIVOS DE PROGRAMA\BORLAND\CBUILDER6\LIB\CP32MT.LIB|streams ACBP=A9
 0001:000A7B98 000009EC C=CODE    S=_TEXT    G=(none)   M=C:\ARCHIVOS DE PROGRAMA\BORLAND\CBUILDER6\LIB\CP32MT.LIB|vprinter ACBP=A9
 0001:000A8584 00000031 C=CODE    S=_TEXT    G=(none)   M=C:\ARCHIVOS DE PROGRAMA\BORLAND\CBUILDER6\LIB\CP32MT.LIB|xfflush ACBP=A9
 0001:000A85B8 00000051 C=CODE    S=_TEXT    G=(none)   M=C:\ARCHIVOS DE PROGRAMA\BORLAND\CBUILDER6\LIB\CP32MT.LIB|getinfo ACBP=A9
 0001:000A860C 00000102 C=CODE    S=_TEXT    G=(none)   M=C:\ARCHIVOS DE PROGRAMA\BORLAND\CBUILDER6\LIB\CP32MT.LIB|is ACBP=A9
 0001:000A8710 00000103 C=CODE    S=_TEXT    G=(none)   M=C:\ARCHIVOS DE PROGRAMA\BORLAND\CBUILDER6\LIB\CP32MT.LIB|wis ACBP=A9
 0001:000A8814 00000043 C=CODE    S=_TEXT    G=(none)   M=C:\ARCHIVOS DE PROGRAMA\BORLAND\CBUILDER6\LIB\CP32MT.LIB|isctype ACBP=A9
 0001:000A8858 00000055 C=CODE    S=_TEXT    G=(none)   M=C:\ARCHIVOS DE PROGRAMA\BORLAND\CBUILDER6\LIB\CP32MT.LIB|iswctype ACBP=A9
 0001:000A88B0 000004D0 C=CODE    S=_TEXT    G=(none)   M=C:\ARCHIVOS DE PROGRAMA\BORLAND\CBUILDER6\LIB\CP32MT.LIB|mbyte1 ACBP=A9
 0001:000A8D80 00000200 C=CODE    S=_TEXT    G=(none)   M=C:\ARCHIVOS DE PROGRAMA\BORLAND\CBUILDER6\LIB\CP32MT.LIB|_ll ACBP=A9
 0001:000A8F80 000000B0 C=CODE    S=_TEXT    G=(none)   M=C:\ARCHIVOS DE PROGRAMA\BORLAND\CBUILDER6\LIB\CP32MT.LIB|_matherr ACBP=A9
 0001:000A9030 00000188 C=CODE    S=_TEXT    G=(none)   M=C:\ARCHIVOS DE PROGRAMA\BORLAND\CBUILDER6\LIB\CP32MT.LIB|_pow10 ACBP=A9
 0001:000A91B8 00000013 C=CODE    S=_TEXT    G=(none)   M=C:\ARCHIVOS DE PROGRAMA\BORLAND\CBUILDER6\LIB\CP32MT.LIB|clear87 ACBP=A9
 0001:000A91CC 0000002F C=CODE    S=_TEXT    G=(none)   M=C:\ARCHIVOS DE PROGRAMA\BORLAND\CBUILDER6\LIB\CP32MT.LIB|ctrl87 ACBP=A9
 0001:000A91FC 00000018 C=CODE    S=_TEXT    G=(none)   M=C:\ARCHIVOS DE PROGRAMA\BORLAND\CBUILDER6\LIB\CP32MT.LIB|cvtentry ACBP=A9
 0001:000A9214 00000018 C=CODE    S=_TEXT    G=(none)   M=C:\ARCHIVOS DE PROGRAMA\BORLAND\CBUILDER6\LIB\CP32MT.LIB|cvtfak ACBP=A9
 0001:000A922C 00000018 C=CODE    S=_TEXT    G=(none)   M=C:\ARCHIVOS DE PROGRAMA\BORLAND\CBUILDER6\LIB\CP32MT.LIB|cvtfakw ACBP=A9
 0001:000A9244 00000048 C=CODE    S=_TEXT    G=(none)   M=C:\ARCHIVOS DE PROGRAMA\BORLAND\CBUILDER6\LIB\CP32MT.LIB|f87log ACBP=A9
 0001:000A928C 00000016 C=CODE    S=_TEXT    G=(none)   M=C:\ARCHIVOS DE PROGRAMA\BORLAND\CBUILDER6\LIB\CP32MT.LIB|fpreset ACBP=A9
 0001:000A92A4 0000002D C=CODE    S=_TEXT    G=(none)   M=C:\ARCHIVOS DE PROGRAMA\BORLAND\CBUILDER6\LIB\CP32MT.LIB|fuildq ACBP=A9
 0001:000A92D4 00000021 C=CODE    S=_TEXT    G=(none)   M=C:\ARCHIVOS DE PROGRAMA\BORLAND\CBUILDER6\LIB\CP32MT.LIB|fuistq ACBP=A9
 0001:000A92F8 00000011 C=CODE    S=_TEXT    G=(none)   M=C:\ARCHIVOS DE PROGRAMA\BORLAND\CBUILDER6\LIB\CP32MT.LIB|fxam ACBP=A9
 0001:000A930C 000000B1 C=CODE    S=_TEXT    G=(none)   M=C:\ARCHIVOS DE PROGRAMA\BORLAND\CBUILDER6\LIB\CP32MT.LIB|int64toa ACBP=A9
 0001:000A93C0 00000118 C=CODE    S=_TEXT    G=(none)   M=C:\ARCHIVOS DE PROGRAMA\BORLAND\CBUILDER6\LIB\CP32MT.LIB|ldtrunc ACBP=A9
 0001:000A94D8 0000006D C=CODE    S=_TEXT    G=(none)   M=C:\ARCHIVOS DE PROGRAMA\BORLAND\CBUILDER6\LIB\CP32MT.LIB|log10 ACBP=A9
 0001:000A9548 0000008F C=CODE    S=_TEXT    G=(none)   M=C:\ARCHIVOS DE PROGRAMA\BORLAND\CBUILDER6\LIB\CP32MT.LIB|longtoa ACBP=A9
 0001:000A95D8 0000002A C=CODE    S=_TEXT    G=(none)   M=C:\ARCHIVOS DE PROGRAMA\BORLAND\CBUILDER6\LIB\CP32MT.LIB|matherr ACBP=A9
 0001:000A9604 0000002E C=CODE    S=_TEXT    G=(none)   M=C:\ARCHIVOS DE PROGRAMA\BORLAND\CBUILDER6\LIB\CP32MT.LIB|matherrl ACBP=A9
 0001:000A9634 00000016 C=CODE    S=_TEXT    G=(none)   M=C:\ARCHIVOS DE PROGRAMA\BORLAND\CBUILDER6\LIB\CP32MT.LIB|mathptr ACBP=A9
 0001:000A964C 00000025 C=CODE    S=_TEXT    G=(none)   M=C:\ARCHIVOS DE PROGRAMA\BORLAND\CBUILDER6\LIB\CP32MT.LIB|qdiv10 ACBP=A9
 0001:000A9674 0000002E C=CODE    S=_TEXT    G=(none)   M=C:\ARCHIVOS DE PROGRAMA\BORLAND\CBUILDER6\LIB\CP32MT.LIB|qmul10 ACBP=A9
 0001:000A96A4 000002F9 C=CODE    S=_TEXT    G=(none)   M=C:\ARCHIVOS DE PROGRAMA\BORLAND\CBUILDER6\LIB\CP32MT.LIB|realcvt ACBP=A9
 0001:000A99A0 00000331 C=CODE    S=_TEXT    G=(none)   M=C:\ARCHIVOS DE PROGRAMA\BORLAND\CBUILDER6\LIB\CP32MT.LIB|realcvtw ACBP=A9
 0001:000A9CD4 000004E1 C=CODE    S=_TEXT    G=(none)   M=C:\ARCHIVOS DE PROGRAMA\BORLAND\CBUILDER6\LIB\CP32MT.LIB|scantod ACBP=A9
 0001:000AA1B8 000004DD C=CODE    S=_TEXT    G=(none)   M=C:\ARCHIVOS DE PROGRAMA\BORLAND\CBUILDER6\LIB\CP32MT.LIB|scanwtod ACBP=A9
 0001:000AA698 000002D2 C=CODE    S=_TEXT    G=(none)   M=C:\ARCHIVOS DE PROGRAMA\BORLAND\CBUILDER6\LIB\CP32MT.LIB|xcvt ACBP=A9
 0001:000AA96C 000002F1 C=CODE    S=_TEXT    G=(none)   M=C:\ARCHIVOS DE PROGRAMA\BORLAND\CBUILDER6\LIB\CP32MT.LIB|xcvtw ACBP=A9
 0001:000AAC60 00000139 C=CODE    S=_TEXT    G=(none)   M=C:\ARCHIVOS DE PROGRAMA\BORLAND\CBUILDER6\LIB\CP32MT.LIB|mbctype ACBP=A9
 0001:000AAD9C 0000001A C=CODE    S=_TEXT    G=(none)   M=C:\ARCHIVOS DE PROGRAMA\BORLAND\CBUILDER6\LIB\CP32MT.LIB|mbisspc ACBP=A9
 0001:000AADB8 00000056 C=CODE    S=_TEXT    G=(none)   M=C:\ARCHIVOS DE PROGRAMA\BORLAND\CBUILDER6\LIB\CP32MT.LIB|mbsrchr ACBP=A9
 0001:000AAE10 000000A6 C=CODE    S=_TEXT    G=(none)   M=C:\ARCHIVOS DE PROGRAMA\BORLAND\CBUILDER6\LIB\CP32MT.LIB|assert ACBP=A9
 0001:000AAEB8 000000B8 C=CODE    S=_TEXT    G=(none)   M=C:\ARCHIVOS DE PROGRAMA\BORLAND\CBUILDER6\LIB\CP32MT.LIB|ermsghlp ACBP=A9
 0001:000AAF70 0000001E C=CODE    S=_TEXT    G=(none)   M=C:\ARCHIVOS DE PROGRAMA\BORLAND\CBUILDER6\LIB\CP32MT.LIB|errno ACBP=A9
 0001:000AAF90 0000019B C=CODE    S=_TEXT    G=(none)   M=C:\ARCHIVOS DE PROGRAMA\BORLAND\CBUILDER6\LIB\CP32MT.LIB|errormsg ACBP=A9
 0001:000AB12C 00000022 C=CODE    S=_TEXT    G=(none)   M=C:\ARCHIVOS DE PROGRAMA\BORLAND\CBUILDER6\LIB\CP32MT.LIB|abort ACBP=A9
 0001:000AB150 000000BF C=CODE    S=_TEXT    G=(none)   M=C:\ARCHIVOS DE PROGRAMA\BORLAND\CBUILDER6\LIB\CP32MT.LIB|exit ACBP=A9
 0001:000AB210 0000001A C=CODE    S=_TEXT    G=(none)   M=C:\ARCHIVOS DE PROGRAMA\BORLAND\CBUILDER6\LIB\CP32MT.LIB|initwild ACBP=A9
 0001:000AB22C 00000011 C=CODE    S=_TEXT    G=(none)   M=C:\ARCHIVOS DE PROGRAMA\BORLAND\CBUILDER6\LIB\CP32MT.LIB|exparg ACBP=A9
 0001:000AB240 00000011 C=CODE    S=_TEXT    G=(none)   M=C:\ARCHIVOS DE PROGRAMA\BORLAND\CBUILDER6\LIB\CP32MT.LIB|wexparg ACBP=A9
 0001:000AB254 00000027 C=CODE    S=_TEXT    G=(none)   M=C:\ARCHIVOS DE PROGRAMA\BORLAND\CBUILDER6\LIB\CP32MT.LIB|initargv ACBP=A9
 0001:000AB27C 0000016C C=CODE    S=_TEXT    G=(none)   M=C:\ARCHIVOS DE PROGRAMA\BORLAND\CBUILDER6\LIB\CP32MT.LIB|setargv ACBP=A9
 0001:000AB3E8 000001E5 C=CODE    S=_TEXT    G=(none)   M=C:\ARCHIVOS DE PROGRAMA\BORLAND\CBUILDER6\LIB\CP32MT.LIB|hsargv ACBP=A9
 0001:000AB5D0 00000227 C=CODE    S=_TEXT    G=(none)   M=C:\ARCHIVOS DE PROGRAMA\BORLAND\CBUILDER6\LIB\CP32MT.LIB|whsargv ACBP=A9
 0001:000AB7F8 00000045 C=CODE    S=_TEXT    G=(none)   M=C:\ARCHIVOS DE PROGRAMA\BORLAND\CBUILDER6\LIB\CP32MT.LIB|setargv0 ACBP=A9
 0001:000AB840 000001D2 C=CODE    S=_TEXT    G=(none)   M=C:\ARCHIVOS DE PROGRAMA\BORLAND\CBUILDER6\LIB\CP32MT.LIB|setenvp ACBP=A9
 0001:000ABA14 00000388 C=CODE    S=_TEXT    G=(none)   M=C:\ARCHIVOS DE PROGRAMA\BORLAND\CBUILDER6\LIB\CP32MT.LIB|signal ACBP=A9
 0001:000ABD9C 0000018B C=CODE    S=_TEXT    G=(none)   M=C:\ARCHIVOS DE PROGRAMA\BORLAND\CBUILDER6\LIB\CP32MT.LIB|initexit ACBP=A9
 0001:000ABF28 000001A4 C=CODE    S=_TEXT    G=(none)   M=C:\ARCHIVOS DE PROGRAMA\BORLAND\CBUILDER6\LIB\CP32MT.LIB|startup ACBP=A9
 0001:000AC0CC 00000067 C=CODE    S=_TEXT    G=(none)   M=C:\ARCHIVOS DE PROGRAMA\BORLAND\CBUILDER6\LIB\CP32MT.LIB|tls ACBP=A9
 0001:000AC134 0000004F C=CODE    S=_TEXT    G=(none)   M=C:\ARCHIVOS DE PROGRAMA\BORLAND\CBUILDER6\LIB\CP32MT.LIB|tlsstat ACBP=A9
 0001:000AC184 000001C7 C=CODE    S=_TEXT    G=(none)   M=C:\ARCHIVOS DE PROGRAMA\BORLAND\CBUILDER6\LIB\CP32MT.LIB|thrddata ACBP=A9
 0001:000AC34C 000000D5 C=CODE    S=_TEXT    G=(none)   M=C:\ARCHIVOS DE PROGRAMA\BORLAND\CBUILDER6\LIB\CP32MT.LIB|_lock ACBP=A9
 0001:000AC424 00003CF0 C=CODE    S=_TEXT    G=(none)   M=C:\ARCHIVOS DE PROGRAMA\BORLAND\CBUILDER6\LIB\CP32MT.LIB|xx ACBP=A9
 0001:000B00C8 0000000A C=CODE    S=_TEXT    G=(none)   M=C:\ARCHIVOS DE PROGRAMA\BORLAND\CBUILDER6\LIB\RELEASE\VCLE.LIB|_t_Contr ACBP=A9
 0001:000B00CD 0000000D C=CODE    S=_TEXT    G=(none)   M=C:\ARCHIVOS DE PROGRAMA\BORLAND\CBUILDER6\LIB\RELEASE\VCLE.LIB|_t_Forms ACBP=A9
 0001:000B00D5 0000038C C=CODE    S=_TEXT    G=(none)   M=C:\ARCHIVOS DE PROGRAMA\BORLAND\CBUILDER6\LIB\RELEASE\VCLE.LIB|dstring ACBP=A9
 0001:000B0415 0000005F C=CODE    S=_TEXT    G=(none)   M=C:\ARCHIVOS DE PROGRAMA\BORLAND\CBUILDER6\LIB\RELEASE\VCLE.LIB|syssupp ACBP=A9
 0001:000B0424 00000156 C=CODE    S=_TEXT    G=(none)   M=C:\ARCHIVOS DE PROGRAMA\BORLAND\CBUILDER6\LIB\RELEASE\VCLE.LIB|vclinit ACBP=A9
 0001:000B052C 00000031 C=CODE    S=_TEXT    G=(none)   M=C:\ARCHIVOS DE PROGRAMA\BORLAND\CBUILDER6\LIB\RELEASE\VCLE.LIB|classcre ACBP=A9
 0002:00000000 000000A4 C=DATA    S=_DATA    G=DGROUP   M=C:\ARCHIVOS DE PROGRAMA\BORLAND\CBUILDER6\LIB\C0W32.OBJ ACBP=A9
 0002:000000A4 0000002C C=DATA    S=_DATA    G=DGROUP   M=C:\ARCHIVOS DE PROGRAMA\BORLAND\CBUILDER6\LIB\OBJ\SYSINIT.OBJ ACBP=A9
 0002:000000C0 000000F4 C=DATA    S=_DATA    G=DGROUP   M=C:\DOCUMENTS AND SETTINGS\PAKETE\MIS DOCUMENTOS\RESUL\C\ENT-GRENT-NENT\GRENT\GRENT.OBJ ACBP=A9
 0002:000001B4 00000750 C=DATA    S=_DATA    G=DGROUP   M=C:\DOCUMENTS AND SETTINGS\PAKETE\MIS DOCUMENTOS\RESUL\C\ENT-GRENT-NENT\GRENT\MAIN.OBJ ACBP=A9
 0002:00000904 000001D0 C=DATA    S=_DATA    G=DGROUP   M=C:\DOCUMENTS AND SETTINGS\PAKETE\MIS DOCUMENTOS\RESUL\C\ENT-GRENT-NENT\GRENT\TWORKTHREAD.OBJ ACBP=A9
 0002:00000AD4 00000264 C=DATA    S=_DATA    G=DGROUP   M=C:\DOCUMENTS AND SETTINGS\PAKETE\MIS DOCUMENTOS\RESUL\C\ENT-GRENT-NENT\GRENT\TPROGRESSDLG.OBJ ACBP=A9
 0002:00000D24 0000003C C=DATA    S=_DATA    G=DGROUP   M=C:\ARCHIVOS DE PROGRAMA\BORLAND\CBUILDER6\LIB\RELEASE\DBRTL.LIB|SqlTimSt ACBP=A9
 0002:00000D60 0000003B C=DATA    S=_DATA    G=DGROUP   M=C:\ARCHIVOS DE PROGRAMA\BORLAND\CBUILDER6\LIB\RELEASE\DBRTL.LIB|FMTBcd ACBP=A9
 0002:00000D9A 000000C0 C=DATA    S=_DATA    G=DGROUP   M=C:\ARCHIVOS DE PROGRAMA\BORLAND\CBUILDER6\LIB\RELEASE\DBRTL.LIB|DB ACBP=A9
 0002:00000E34 00000038 C=DATA    S=_DATA    G=DGROUP   M=C:\ARCHIVOS DE PROGRAMA\BORLAND\CBUILDER6\LIB\TEE.LIB|Series ACBP=A9
 0002:00000E6C 0000000A C=DATA    S=_DATA    G=DGROUP   M=C:\ARCHIVOS DE PROGRAMA\BORLAND\CBUILDER6\LIB\TEE.LIB|Chart ACBP=A9
 0002:00000E76 0000002C C=DATA    S=_DATA    G=DGROUP   M=C:\ARCHIVOS DE PROGRAMA\BORLAND\CBUILDER6\LIB\TEE.LIB|TeEngine ACBP=A9
 0002:00000EA2 0000014A C=DATA    S=_DATA    G=DGROUP   M=C:\ARCHIVOS DE PROGRAMA\BORLAND\CBUILDER6\LIB\TEE.LIB|TeeProcs ACBP=A9
 0002:00000FEC 00000010 C=DATA    S=_DATA    G=DGROUP   M=C:\ARCHIVOS DE PROGRAMA\BORLAND\CBUILDER6\LIB\TEE.LIB|TeCanvas ACBP=A9
 0002:00000FFC 00000010 C=DATA    S=_DATA    G=DGROUP   M=C:\ARCHIVOS DE PROGRAMA\BORLAND\CBUILDER6\LIB\RELEASE\RTL.LIB|Windows ACBP=A9
 0002:00000FFC 00000010 C=DATA    S=_DATA    G=DGROUP   M=C:\ARCHIVOS DE PROGRAMA\BORLAND\CBUILDER6\LIB\RELEASE\RTL.LIB|UrlMon ACBP=A9
 0002:00000FFC 00000010 C=DATA    S=_DATA    G=DGROUP   M=C:\ARCHIVOS DE PROGRAMA\BORLAND\CBUILDER6\LIB\RELEASE\RTL.LIB|ShlObj ACBP=A9
 0002:00000FFC 00000009 C=DATA    S=_DATA    G=DGROUP   M=C:\ARCHIVOS DE PROGRAMA\BORLAND\CBUILDER6\LIB\RELEASE\RTL.LIB|Mapi ACBP=A9
 0002:00001004 00000020 C=DATA    S=_DATA    G=DGROUP   M=C:\ARCHIVOS DE PROGRAMA\BORLAND\CBUILDER6\LIB\RELEASE\RTL.LIB|ActiveX ACBP=A9
 0002:00001014 00000001 C=DATA    S=_DATA    G=DGROUP   M=C:\ARCHIVOS DE PROGRAMA\BORLAND\CBUILDER6\LIB\RELEASE\RTL.LIB|MaskUtils ACBP=A9
 0002:00001014 00000074 C=DATA    S=_DATA    G=DGROUP   M=C:\ARCHIVOS DE PROGRAMA\BORLAND\CBUILDER6\LIB\RELEASE\RTL.LIB|Classes ACBP=A9
 0002:00001088 0000000C C=DATA    S=_DATA    G=DGROUP   M=C:\ARCHIVOS DE PROGRAMA\BORLAND\CBUILDER6\LIB\RELEASE\RTL.LIB|TypInfo ACBP=A9
 0002:00001094 0000003A C=DATA    S=_DATA    G=DGROUP   M=C:\ARCHIVOS DE PROGRAMA\BORLAND\CBUILDER6\LIB\RELEASE\RTL.LIB|StrUtils ACBP=A9
 0002:00001094 00000008 C=DATA    S=_DATA    G=DGROUP   M=C:\ARCHIVOS DE PROGRAMA\BORLAND\CBUILDER6\LIB\RELEASE\RTL.LIB|Registry ACBP=A9
 0002:0000109C 00000008 C=DATA    S=_DATA    G=DGROUP   M=C:\ARCHIVOS DE PROGRAMA\BORLAND\CBUILDER6\LIB\RELEASE\RTL.LIB|Math ACBP=A9
 0002:0000109C 00000008 C=DATA    S=_DATA    G=DGROUP   M=C:\ARCHIVOS DE PROGRAMA\BORLAND\CBUILDER6\LIB\RELEASE\RTL.LIB|IniFiles ACBP=A9
 0002:000010A4 0000000E C=DATA    S=_DATA    G=DGROUP   M=C:\ARCHIVOS DE PROGRAMA\BORLAND\CBUILDER6\LIB\RELEASE\RTL.LIB|DateUtils ACBP=A9
 0002:000010A4 00000008 C=DATA    S=_DATA    G=DGROUP   M=C:\ARCHIVOS DE PROGRAMA\BORLAND\CBUILDER6\LIB\RELEASE\RTL.LIB|Contnrs ACBP=A9
 0002:000010A4 00000034 C=DATA    S=_DATA    G=DGROUP   M=C:\ARCHIVOS DE PROGRAMA\BORLAND\CBUILDER6\LIB\RELEASE\RTL.LIB|ComObj ACBP=A9
 0002:000010D4 00000284 C=DATA    S=_DATA    G=DGROUP   M=C:\ARCHIVOS DE PROGRAMA\BORLAND\CBUILDER6\LIB\RELEASE\RTL.LIB|SysUtils ACBP=A9
 0002:00001348 00000108 C=DATA    S=_DATA    G=DGROUP   M=C:\ARCHIVOS DE PROGRAMA\BORLAND\CBUILDER6\LIB\RELEASE\RTL.LIB|VarUtils ACBP=A9
 0002:00001450 00000176 C=DATA    S=_DATA    G=DGROUP   M=C:\ARCHIVOS DE PROGRAMA\BORLAND\CBUILDER6\LIB\RELEASE\RTL.LIB|Variants ACBP=A9
 0002:000015C6 00000096 C=DATA    S=_DATA    G=DGROUP   M=C:\ARCHIVOS DE PROGRAMA\BORLAND\CBUILDER6\LIB\RELEASE\RTL.LIB|System ACBP=A9
 0002:00001658 00000008 C=DATA    S=_DATA    G=DGROUP   M=C:\ARCHIVOS DE PROGRAMA\BORLAND\CBUILDER6\LIB\RELEASE\VCL.LIB|ExtActns ACBP=A9
 0002:00001658 00000004 C=DATA    S=_DATA    G=DGROUP   M=C:\ARCHIVOS DE PROGRAMA\BORLAND\CBUILDER6\LIB\RELEASE\VCL.LIB|StdActns ACBP=A9
 0002:00001658 0000002C C=DATA    S=_DATA    G=DGROUP   M=C:\ARCHIVOS DE PROGRAMA\BORLAND\CBUILDER6\LIB\RELEASE\VCL.LIB|ImgList ACBP=A9
 0002:00001678 00000004 C=DATA    S=_DATA    G=DGROUP   M=C:\ARCHIVOS DE PROGRAMA\BORLAND\CBUILDER6\LIB\RELEASE\VCL.LIB|ActnList ACBP=A9
 0002:00001678 00000020 C=DATA    S=_DATA    G=DGROUP   M=C:\ARCHIVOS DE PROGRAMA\BORLAND\CBUILDER6\LIB\RELEASE\VCL.LIB|ToolWin ACBP=A9
 0002:00001698 0000009C C=DATA    S=_DATA    G=DGROUP   M=C:\ARCHIVOS DE PROGRAMA\BORLAND\CBUILDER6\LIB\RELEASE\VCL.LIB|StdCtrls ACBP=A9
 0002:00001728 0000000C C=DATA    S=_DATA    G=DGROUP   M=C:\ARCHIVOS DE PROGRAMA\BORLAND\CBUILDER6\LIB\RELEASE\VCL.LIB|Printers ACBP=A9
 0002:0000172C 000000EC C=DATA    S=_DATA    G=DGROUP   M=C:\ARCHIVOS DE PROGRAMA\BORLAND\CBUILDER6\LIB\RELEASE\VCL.LIB|Menus ACBP=A9
 0002:00001818 00000304 C=DATA    S=_DATA    G=DGROUP   M=C:\ARCHIVOS DE PROGRAMA\BORLAND\CBUILDER6\LIB\RELEASE\VCL.LIB|Graphics ACBP=A9
 0002:00001B1C 00000138 C=DATA    S=_DATA    G=DGROUP   M=C:\ARCHIVOS DE PROGRAMA\BORLAND\CBUILDER6\LIB\RELEASE\VCL.LIB|Forms ACBP=A9
 0002:00001C54 00000024 C=DATA    S=_DATA    G=DGROUP   M=C:\ARCHIVOS DE PROGRAMA\BORLAND\CBUILDER6\LIB\RELEASE\VCL.LIB|ExtCtrls ACBP=A9
 0002:00001C68 00000100 C=DATA    S=_DATA    G=DGROUP   M=C:\ARCHIVOS DE PROGRAMA\BORLAND\CBUILDER6\LIB\RELEASE\VCL.LIB|Dialogs ACBP=A9
 0002:00001D3C 0000013C C=DATA    S=_DATA    G=DGROUP   M=C:\ARCHIVOS DE PROGRAMA\BORLAND\CBUILDER6\LIB\RELEASE\VCL.LIB|Controls ACBP=A9
 0002:00001E78 0000016C C=DATA    S=_DATA    G=DGROUP   M=C:\ARCHIVOS DE PROGRAMA\BORLAND\CBUILDER6\LIB\RELEASE\VCL.LIB|ComCtrls ACBP=A9
 0002:00001FE4 0000008A C=DATA    S=_DATA    G=DGROUP   M=C:\ARCHIVOS DE PROGRAMA\BORLAND\CBUILDER6\LIB\RELEASE\VCL.LIB|Buttons ACBP=A9
 0002:0000206C 00000070 C=DATA    S=_DATA    G=DGROUP   M=C:\ARCHIVOS DE PROGRAMA\BORLAND\CBUILDER6\LIB\CP32MT.LIB|new ACBP=A9
 0002:000020DC 00000088 C=DATA    S=_DATA    G=DGROUP   M=C:\ARCHIVOS DE PROGRAMA\BORLAND\CBUILDER6\LIB\CP32MT.LIB|setnew ACBP=A9
 0002:00002150 00000160 C=DATA    S=_DATA    G=DGROUP   M=C:\ARCHIVOS DE PROGRAMA\BORLAND\CBUILDER6\LIB\CP32MT.LIB|hrdir_b ACBP=A9
 0002:000022B0 00000020 C=DATA    S=_DATA    G=DGROUP   M=C:\ARCHIVOS DE PROGRAMA\BORLAND\CBUILDER6\LIB\CP32MT.LIB|hrdir_s ACBP=A9
 0002:000022D0 00000088 C=DATA    S=_DATA    G=DGROUP   M=C:\ARCHIVOS DE PROGRAMA\BORLAND\CBUILDER6\LIB\CP32MT.LIB|predecl ACBP=A9
 0002:00002358 000000CD C=DATA    S=_DATA    G=DGROUP   M=C:\ARCHIVOS DE PROGRAMA\BORLAND\CBUILDER6\LIB\CP32MT.LIB|stdexcpt ACBP=A9
 0002:00002424 00000004 C=DATA    S=_DATA    G=DGROUP   M=C:\ARCHIVOS DE PROGRAMA\BORLAND\CBUILDER6\LIB\CP32MT.LIB|xx_xpf ACBP=A9
 0002:00002428 00000348 C=DATA    S=_DATA    G=DGROUP   M=C:\ARCHIVOS DE PROGRAMA\BORLAND\CBUILDER6\LIB\CP32MT.LIB|xxtype ACBP=A9
 0002:00002770 0000003C C=DATA    S=_DATA    G=DGROUP   M=C:\ARCHIVOS DE PROGRAMA\BORLAND\CBUILDER6\LIB\CP32MT.LIB|xxut ACBP=A9
 0002:000027AC 000000E4 C=DATA    S=_DATA    G=DGROUP   M=C:\ARCHIVOS DE PROGRAMA\BORLAND\CBUILDER6\LIB\CP32MT.LIB|xxv ACBP=A9
 0002:00002890 00000014 C=DATA    S=_DATA    G=DGROUP   M=C:\ARCHIVOS DE PROGRAMA\BORLAND\CBUILDER6\LIB\CP32MT.LIB|except ACBP=A9
 0002:000028A4 00000004 C=DATA    S=_DATA    G=DGROUP   M=C:\ARCHIVOS DE PROGRAMA\BORLAND\CBUILDER6\LIB\CP32MT.LIB|_cfinfo ACBP=A9
 0002:000028A8 00000004 C=DATA    S=_DATA    G=DGROUP   M=C:\ARCHIVOS DE PROGRAMA\BORLAND\CBUILDER6\LIB\CP32MT.LIB|cfinfo ACBP=A9
 0002:000028AC 000004B0 C=DATA    S=_DATA    G=DGROUP   M=C:\ARCHIVOS DE PROGRAMA\BORLAND\CBUILDER6\LIB\CP32MT.LIB|files ACBP=A9
 0002:00002D5C 000000CC C=DATA    S=_DATA    G=DGROUP   M=C:\ARCHIVOS DE PROGRAMA\BORLAND\CBUILDER6\LIB\CP32MT.LIB|files2 ACBP=A9
 0002:00002E28 00000004 C=DATA    S=_DATA    G=DGROUP   M=C:\ARCHIVOS DE PROGRAMA\BORLAND\CBUILDER6\LIB\CP32MT.LIB|fmode ACBP=A9
 0002:00002E2C 00000004 C=DATA    S=_DATA    G=DGROUP   M=C:\ARCHIVOS DE PROGRAMA\BORLAND\CBUILDER6\LIB\CP32MT.LIB|fmodeptr ACBP=A9
 0002:00002E30 00000064 C=DATA    S=_DATA    G=DGROUP   M=C:\ARCHIVOS DE PROGRAMA\BORLAND\CBUILDER6\LIB\CP32MT.LIB|handles ACBP=A9
 0002:00002E94 0000012B C=DATA    S=_DATA    G=DGROUP   M=C:\ARCHIVOS DE PROGRAMA\BORLAND\CBUILDER6\LIB\CP32MT.LIB|ioerror ACBP=A9
 0002:00002FC0 0000047C C=DATA    S=_DATA    G=DGROUP   M=C:\ARCHIVOS DE PROGRAMA\BORLAND\CBUILDER6\LIB\CP32MT.LIB|perror ACBP=A9
 0002:0000343C 00000068 C=DATA    S=_DATA    G=DGROUP   M=C:\ARCHIVOS DE PROGRAMA\BORLAND\CBUILDER6\LIB\CP32MT.LIB|streams ACBP=A9
 0002:000034A4 00000076 C=DATA    S=_DATA    G=DGROUP   M=C:\ARCHIVOS DE PROGRAMA\BORLAND\CBUILDER6\LIB\CP32MT.LIB|vprinter ACBP=A9
 0002:0000351C 00000202 C=DATA    S=_DATA    G=DGROUP   M=C:\ARCHIVOS DE PROGRAMA\BORLAND\CBUILDER6\LIB\CP32MT.LIB|bigctype ACBP=A9
 0002:00003720 00000260 C=DATA    S=_DATA    G=DGROUP   M=C:\ARCHIVOS DE PROGRAMA\BORLAND\CBUILDER6\LIB\CP32MT.LIB|clocale ACBP=A9
 0002:00003980 00000010 C=DATA    S=_DATA    G=DGROUP   M=C:\ARCHIVOS DE PROGRAMA\BORLAND\CBUILDER6\LIB\CP32MT.LIB|_matherr ACBP=A9
 0002:00003990 000000C0 C=DATA    S=_DATA    G=DGROUP   M=C:\ARCHIVOS DE PROGRAMA\BORLAND\CBUILDER6\LIB\CP32MT.LIB|_pow10 ACBP=A9
 0002:00003A50 00000068 C=DATA    S=_DATA    G=DGROUP   M=C:\ARCHIVOS DE PROGRAMA\BORLAND\CBUILDER6\LIB\CP32MT.LIB|cvtfak ACBP=A9
 0002:00003AB8 00000068 C=DATA    S=_DATA    G=DGROUP   M=C:\ARCHIVOS DE PROGRAMA\BORLAND\CBUILDER6\LIB\CP32MT.LIB|cvtfakw ACBP=A9
 0002:00003B20 00000004 C=DATA    S=_DATA    G=DGROUP   M=C:\ARCHIVOS DE PROGRAMA\BORLAND\CBUILDER6\LIB\CP32MT.LIB|deflt87 ACBP=A9
 0002:00003B24 00000016 C=DATA    S=_DATA    G=DGROUP   M=C:\ARCHIVOS DE PROGRAMA\BORLAND\CBUILDER6\LIB\CP32MT.LIB|f87log ACBP=A9
 0002:00003B3C 0000007C C=DATA    S=_DATA    G=DGROUP   M=C:\ARCHIVOS DE PROGRAMA\BORLAND\CBUILDER6\LIB\CP32MT.LIB|hugeval ACBP=A9
 0002:00003BB8 00000008 C=DATA    S=_DATA    G=DGROUP   M=C:\ARCHIVOS DE PROGRAMA\BORLAND\CBUILDER6\LIB\CP32MT.LIB|initcvt ACBP=A9
 0002:00003BC0 00000010 C=DATA    S=_DATA    G=DGROUP   M=C:\ARCHIVOS DE PROGRAMA\BORLAND\CBUILDER6\LIB\CP32MT.LIB|log10 ACBP=A9
 0002:00003BD0 00000008 C=DATA    S=_DATA    G=DGROUP   M=C:\ARCHIVOS DE PROGRAMA\BORLAND\CBUILDER6\LIB\CP32MT.LIB|mathptr ACBP=A9
 0002:00003BD8 00000044 C=DATA    S=_DATA    G=DGROUP   M=C:\ARCHIVOS DE PROGRAMA\BORLAND\CBUILDER6\LIB\CP32MT.LIB|mathwhy ACBP=A9
 0002:00003C1C 00000014 C=DATA    S=_DATA    G=DGROUP   M=C:\ARCHIVOS DE PROGRAMA\BORLAND\CBUILDER6\LIB\CP32MT.LIB|realcvt ACBP=A9
 0002:00003C30 00000028 C=DATA    S=_DATA    G=DGROUP   M=C:\ARCHIVOS DE PROGRAMA\BORLAND\CBUILDER6\LIB\CP32MT.LIB|realcvtw ACBP=A9
 0002:00003C58 00000028 C=DATA    S=_DATA    G=DGROUP   M=C:\ARCHIVOS DE PROGRAMA\BORLAND\CBUILDER6\LIB\CP32MT.LIB|scantod ACBP=A9
 0002:00003C80 00000028 C=DATA    S=_DATA    G=DGROUP   M=C:\ARCHIVOS DE PROGRAMA\BORLAND\CBUILDER6\LIB\CP32MT.LIB|scanwtod ACBP=A9
 0002:00003CA8 00000048 C=DATA    S=_DATA    G=DGROUP   M=C:\ARCHIVOS DE PROGRAMA\BORLAND\CBUILDER6\LIB\CP32MT.LIB|mbctype ACBP=A9
 0002:00003CF0 00000024 C=DATA    S=_DATA    G=DGROUP   M=C:\ARCHIVOS DE PROGRAMA\BORLAND\CBUILDER6\LIB\CP32MT.LIB|assert ACBP=A9
 0002:00003D14 00000024 C=DATA    S=_DATA    G=DGROUP   M=C:\ARCHIVOS DE PROGRAMA\BORLAND\CBUILDER6\LIB\CP32MT.LIB|ermsghlp ACBP=A9
 0002:00003D38 00000010 C=DATA    S=_DATA    G=DGROUP   M=C:\ARCHIVOS DE PROGRAMA\BORLAND\CBUILDER6\LIB\CP32MT.LIB|errormsg ACBP=A9
 0002:00003D48 00000020 C=DATA    S=_DATA    G=DGROUP   M=C:\ARCHIVOS DE PROGRAMA\BORLAND\CBUILDER6\LIB\CP32MT.LIB|abort ACBP=A9
 0002:00003D68 00000004 C=DATA    S=_DATA    G=DGROUP   M=C:\ARCHIVOS DE PROGRAMA\BORLAND\CBUILDER6\LIB\CP32MT.LIB|patexit ACBP=A9
 0002:00003D6C 0000000C C=DATA    S=_DATA    G=DGROUP   M=C:\ARCHIVOS DE PROGRAMA\BORLAND\CBUILDER6\LIB\CP32MT.LIB|exit ACBP=A9
 0002:00003D78 00000008 C=DATA    S=_DATA    G=DGROUP   M=C:\ARCHIVOS DE PROGRAMA\BORLAND\CBUILDER6\LIB\CP32MT.LIB|saptr ACBP=A9
 0002:00003D80 00000008 C=DATA    S=_DATA    G=DGROUP   M=C:\ARCHIVOS DE PROGRAMA\BORLAND\CBUILDER6\LIB\CP32MT.LIB|wsaptr ACBP=A9
 0002:00003D88 00000054 C=DATA    S=_DATA    G=DGROUP   M=C:\ARCHIVOS DE PROGRAMA\BORLAND\CBUILDER6\LIB\CP32MT.LIB|setargv ACBP=A9
 0002:00003DDC 00000028 C=DATA    S=_DATA    G=DGROUP   M=C:\ARCHIVOS DE PROGRAMA\BORLAND\CBUILDER6\LIB\CP32MT.LIB|hsargv ACBP=A9
 0002:00003E04 00000024 C=DATA    S=_DATA    G=DGROUP   M=C:\ARCHIVOS DE PROGRAMA\BORLAND\CBUILDER6\LIB\CP32MT.LIB|whsargv ACBP=A9
 0002:00003E28 00000004 C=DATA    S=_DATA    G=DGROUP   M=C:\ARCHIVOS DE PROGRAMA\BORLAND\CBUILDER6\LIB\CP32MT.LIB|wildptr ACBP=A9
 0002:00003E2C 00000004 C=DATA    S=_DATA    G=DGROUP   M=C:\ARCHIVOS DE PROGRAMA\BORLAND\CBUILDER6\LIB\CP32MT.LIB|wwildptr ACBP=A9
 0002:00003E30 00000020 C=DATA    S=_DATA    G=DGROUP   M=C:\ARCHIVOS DE PROGRAMA\BORLAND\CBUILDER6\LIB\CP32MT.LIB|setargv0 ACBP=A9
 0002:00003E50 0000006C C=DATA    S=_DATA    G=DGROUP   M=C:\ARCHIVOS DE PROGRAMA\BORLAND\CBUILDER6\LIB\CP32MT.LIB|setenvp ACBP=A9
 0002:00003EBC 0000005E C=DATA    S=_DATA    G=DGROUP   M=C:\ARCHIVOS DE PROGRAMA\BORLAND\CBUILDER6\LIB\CP32MT.LIB|signal ACBP=A9
 0002:00003F1C 00000004 C=DATA    S=_DATA    G=DGROUP   M=C:\ARCHIVOS DE PROGRAMA\BORLAND\CBUILDER6\LIB\CP32MT.LIB|globals ACBP=A9
 0002:00003F20 0000001C C=DATA    S=_DATA    G=DGROUP   M=C:\ARCHIVOS DE PROGRAMA\BORLAND\CBUILDER6\LIB\CP32MT.LIB|initexit ACBP=A9
 0002:00003F3C 0000001C C=DATA    S=_DATA    G=DGROUP   M=C:\ARCHIVOS DE PROGRAMA\BORLAND\CBUILDER6\LIB\CP32MT.LIB|thrddata ACBP=A9
 0002:00003F58 00000014 C=DATA    S=_DATA    G=DGROUP   M=C:\ARCHIVOS DE PROGRAMA\BORLAND\CBUILDER6\LIB\CP32MT.LIB|_lock ACBP=A9
 0002:00003F6C 000013E8 C=DATA    S=_DATA    G=DGROUP   M=C:\ARCHIVOS DE PROGRAMA\BORLAND\CBUILDER6\LIB\CP32MT.LIB|xx ACBP=A9
 0002:00005354 000001DC C=DATA    S=_DATA    G=DGROUP   M=C:\ARCHIVOS DE PROGRAMA\BORLAND\CBUILDER6\LIB\RELEASE\VCLE.LIB|dstring ACBP=A9
 0002:0000551C 00000038 C=DATA    S=_DATA    G=DGROUP   M=C:\ARCHIVOS DE PROGRAMA\BORLAND\CBUILDER6\LIB\RELEASE\VCLE.LIB|syssupp ACBP=A9
 0002:0000551C 0000006C C=DATA    S=_DATA    G=DGROUP   M=C:\ARCHIVOS DE PROGRAMA\BORLAND\CBUILDER6\LIB\RELEASE\VCLE.LIB|vclinit ACBP=A9
 0002:00005588 00000594 C=DATA    S=_DATA    G=DGROUP   M=<internal> ACBP=A9
 0003:00000000 0000001C C=BSS     S=_BSS     G=DGROUP   M=C:\ARCHIVOS DE PROGRAMA\BORLAND\CBUILDER6\LIB\OBJ\SYSINIT.OBJ ACBP=A9
 0003:0000001C 00000008 C=BSS     S=_BSS     G=DGROUP   M=C:\DOCUMENTS AND SETTINGS\PAKETE\MIS DOCUMENTOS\RESUL\C\ENT-GRENT-NENT\GRENT\MAIN.OBJ ACBP=A9
 0003:00000024 00000004 C=BSS     S=_BSS     G=DGROUP   M=C:\DOCUMENTS AND SETTINGS\PAKETE\MIS DOCUMENTOS\RESUL\C\ENT-GRENT-NENT\GRENT\TWORKTHREAD.OBJ ACBP=A9
 0003:00000028 00000008 C=BSS     S=_BSS     G=DGROUP   M=C:\DOCUMENTS AND SETTINGS\PAKETE\MIS DOCUMENTOS\RESUL\C\ENT-GRENT-NENT\GRENT\TPROGRESSDLG.OBJ ACBP=A9
 0003:00000030 00000004 C=BSS     S=_BSS     G=DGROUP   M=C:\ARCHIVOS DE PROGRAMA\BORLAND\CBUILDER6\LIB\RELEASE\VCLDB.LIB|VDBConsts ACBP=A9
 0003:00000034 00000004 C=BSS     S=_BSS     G=DGROUP   M=C:\ARCHIVOS DE PROGRAMA\BORLAND\CBUILDER6\LIB\RELEASE\VCLDB.LIB|DBLogDlg ACBP=A9
 0003:00000038 00000004 C=BSS     S=_BSS     G=DGROUP   M=C:\ARCHIVOS DE PROGRAMA\BORLAND\CBUILDER6\LIB\RELEASE\DBRTL.LIB|SqlTimSt ACBP=A9
 0003:0000003C 00000004 C=BSS     S=_BSS     G=DGROUP   M=C:\ARCHIVOS DE PROGRAMA\BORLAND\CBUILDER6\LIB\RELEASE\DBRTL.LIB|FMTBcd ACBP=A9
 0003:00000040 00000020 C=BSS     S=_BSS     G=DGROUP   M=C:\ARCHIVOS DE PROGRAMA\BORLAND\CBUILDER6\LIB\RELEASE\DBRTL.LIB|DB ACBP=A9
 0003:00000060 00000004 C=BSS     S=_BSS     G=DGROUP   M=C:\ARCHIVOS DE PROGRAMA\BORLAND\CBUILDER6\LIB\RELEASE\DBRTL.LIB|DBConsts ACBP=A9
 0003:00000064 00000004 C=BSS     S=_BSS     G=DGROUP   M=C:\ARCHIVOS DE PROGRAMA\BORLAND\CBUILDER6\LIB\TEE.LIB|Series ACBP=A9
 0003:00000068 00000004 C=BSS     S=_BSS     G=DGROUP   M=C:\ARCHIVOS DE PROGRAMA\BORLAND\CBUILDER6\LIB\TEE.LIB|TeeFunci ACBP=A9
 0003:0000006C 00000014 C=BSS     S=_BSS     G=DGROUP   M=C:\ARCHIVOS DE PROGRAMA\BORLAND\CBUILDER6\LIB\TEE.LIB|Chart ACBP=A9
 0003:00000080 00000004 C=BSS     S=_BSS     G=DGROUP   M=C:\ARCHIVOS DE PROGRAMA\BORLAND\CBUILDER6\LIB\TEE.LIB|TeEngine ACBP=A9
 0003:00000084 00000004 C=BSS     S=_BSS     G=DGROUP   M=C:\ARCHIVOS DE PROGRAMA\BORLAND\CBUILDER6\LIB\TEE.LIB|TeeProcs ACBP=A9
 0003:00000088 00000004 C=BSS     S=_BSS     G=DGROUP   M=C:\ARCHIVOS DE PROGRAMA\BORLAND\CBUILDER6\LIB\TEE.LIB|TeCanvas ACBP=A9
 0003:0000008C 00000004 C=BSS     S=_BSS     G=DGROUP   M=C:\ARCHIVOS DE PROGRAMA\BORLAND\CBUILDER6\LIB\TEE.LIB|TeeConst ACBP=A9
 0003:00000090 00000004 C=BSS     S=_BSS     G=DGROUP   M=C:\ARCHIVOS DE PROGRAMA\BORLAND\CBUILDER6\LIB\RELEASE\RTL.LIB|WinSpool ACBP=A9
 0003:00000094 00000004 C=BSS     S=_BSS     G=DGROUP   M=C:\ARCHIVOS DE PROGRAMA\BORLAND\CBUILDER6\LIB\RELEASE\RTL.LIB|WinInet ACBP=A9
 0003:00000098 00000004 C=BSS     S=_BSS     G=DGROUP   M=C:\ARCHIVOS DE PROGRAMA\BORLAND\CBUILDER6\LIB\RELEASE\RTL.LIB|Windows ACBP=A9
 0003:0000009C 00000004 C=BSS     S=_BSS     G=DGROUP   M=C:\ARCHIVOS DE PROGRAMA\BORLAND\CBUILDER6\LIB\RELEASE\RTL.LIB|UrlMon ACBP=A9
 0003:000000A0 00000004 C=BSS     S=_BSS     G=DGROUP   M=C:\ARCHIVOS DE PROGRAMA\BORLAND\CBUILDER6\LIB\RELEASE\RTL.LIB|ShlObj ACBP=A9
 0003:000000A4 00000004 C=BSS     S=_BSS     G=DGROUP   M=C:\ARCHIVOS DE PROGRAMA\BORLAND\CBUILDER6\LIB\RELEASE\RTL.LIB|ShellAPI ACBP=A9
 0003:000000A8 00000004 C=BSS     S=_BSS     G=DGROUP   M=C:\ARCHIVOS DE PROGRAMA\BORLAND\CBUILDER6\LIB\RELEASE\RTL.LIB|RichEdit ACBP=A9
 0003:000000AC 00000004 C=BSS     S=_BSS     G=DGROUP   M=C:\ARCHIVOS DE PROGRAMA\BORLAND\CBUILDER6\LIB\RELEASE\RTL.LIB|RegStr ACBP=A9
 0003:000000B0 00000031 C=BSS     S=_BSS     G=DGROUP   M=C:\ARCHIVOS DE PROGRAMA\BORLAND\CBUILDER6\LIB\RELEASE\RTL.LIB|MultiMon ACBP=A9
 0003:000000E4 00000004 C=BSS     S=_BSS     G=DGROUP   M=C:\ARCHIVOS DE PROGRAMA\BORLAND\CBUILDER6\LIB\RELEASE\RTL.LIB|Messages ACBP=A9
 0003:000000E8 00000004 C=BSS     S=_BSS     G=DGROUP   M=C:\ARCHIVOS DE PROGRAMA\BORLAND\CBUILDER6\LIB\RELEASE\RTL.LIB|Mapi ACBP=A9
 0003:000000EC 00000004 C=BSS     S=_BSS     G=DGROUP   M=C:\ARCHIVOS DE PROGRAMA\BORLAND\CBUILDER6\LIB\RELEASE\RTL.LIB|Imm ACBP=A9
 0003:000000F0 00000034 C=BSS     S=_BSS     G=DGROUP   M=C:\ARCHIVOS DE PROGRAMA\BORLAND\CBUILDER6\LIB\RELEASE\RTL.LIB|FlatSB ACBP=A9
 0003:00000124 00000004 C=BSS     S=_BSS     G=DGROUP   M=C:\ARCHIVOS DE PROGRAMA\BORLAND\CBUILDER6\LIB\RELEASE\RTL.LIB|Dlgs ACBP=A9
 0003:00000128 00000004 C=BSS     S=_BSS     G=DGROUP   M=C:\ARCHIVOS DE PROGRAMA\BORLAND\CBUILDER6\LIB\RELEASE\RTL.LIB|CommDlg ACBP=A9
 0003:0000012C 0000000C C=BSS     S=_BSS     G=DGROUP   M=C:\ARCHIVOS DE PROGRAMA\BORLAND\CBUILDER6\LIB\RELEASE\RTL.LIB|CommCtrl ACBP=A9
 0003:00000138 00000004 C=BSS     S=_BSS     G=DGROUP   M=C:\ARCHIVOS DE PROGRAMA\BORLAND\CBUILDER6\LIB\RELEASE\RTL.LIB|ActiveX ACBP=A9
 0003:0000013C 00000008 C=BSS     S=_BSS     G=DGROUP   M=C:\ARCHIVOS DE PROGRAMA\BORLAND\CBUILDER6\LIB\RELEASE\RTL.LIB|HelpIntfs ACBP=A9
 0003:00000144 00000004 C=BSS     S=_BSS     G=DGROUP   M=C:\ARCHIVOS DE PROGRAMA\BORLAND\CBUILDER6\LIB\RELEASE\RTL.LIB|MaskUtils ACBP=A9
 0003:00000148 00000044 C=BSS     S=_BSS     G=DGROUP   M=C:\ARCHIVOS DE PROGRAMA\BORLAND\CBUILDER6\LIB\RELEASE\RTL.LIB|Classes ACBP=A9
 0003:0000018C 00000004 C=BSS     S=_BSS     G=DGROUP   M=C:\ARCHIVOS DE PROGRAMA\BORLAND\CBUILDER6\LIB\RELEASE\RTL.LIB|TypInfo ACBP=A9
 0003:00000190 00000004 C=BSS     S=_BSS     G=DGROUP   M=C:\ARCHIVOS DE PROGRAMA\BORLAND\CBUILDER6\LIB\RELEASE\RTL.LIB|StrUtils ACBP=A9
 0003:00000194 00000004 C=BSS     S=_BSS     G=DGROUP   M=C:\ARCHIVOS DE PROGRAMA\BORLAND\CBUILDER6\LIB\RELEASE\RTL.LIB|Registry ACBP=A9
 0003:00000198 00000004 C=BSS     S=_BSS     G=DGROUP   M=C:\ARCHIVOS DE PROGRAMA\BORLAND\CBUILDER6\LIB\RELEASE\RTL.LIB|Math ACBP=A9
 0003:0000019C 00000004 C=BSS     S=_BSS     G=DGROUP   M=C:\ARCHIVOS DE PROGRAMA\BORLAND\CBUILDER6\LIB\RELEASE\RTL.LIB|IniFiles ACBP=A9
 0003:000001A0 00000004 C=BSS     S=_BSS     G=DGROUP   M=C:\ARCHIVOS DE PROGRAMA\BORLAND\CBUILDER6\LIB\RELEASE\RTL.LIB|DateUtils ACBP=A9
 0003:000001A4 00000004 C=BSS     S=_BSS     G=DGROUP   M=C:\ARCHIVOS DE PROGRAMA\BORLAND\CBUILDER6\LIB\RELEASE\RTL.LIB|Contnrs ACBP=A9
 0003:000001A8 00000004 C=BSS     S=_BSS     G=DGROUP   M=C:\ARCHIVOS DE PROGRAMA\BORLAND\CBUILDER6\LIB\RELEASE\RTL.LIB|RTLConsts ACBP=A9
 0003:000001AC 00000011 C=BSS     S=_BSS     G=DGROUP   M=C:\ARCHIVOS DE PROGRAMA\BORLAND\CBUILDER6\LIB\RELEASE\RTL.LIB|ComObj ACBP=A9
 0003:000001C0 00000004 C=BSS     S=_BSS     G=DGROUP   M=C:\ARCHIVOS DE PROGRAMA\BORLAND\CBUILDER6\LIB\RELEASE\RTL.LIB|ComConst ACBP=A9
 0003:000001C4 00000004 C=BSS     S=_BSS     G=DGROUP   M=C:\ARCHIVOS DE PROGRAMA\BORLAND\CBUILDER6\LIB\RELEASE\RTL.LIB|Types ACBP=A9
 0003:000001C8 00000124 C=BSS     S=_BSS     G=DGROUP   M=C:\ARCHIVOS DE PROGRAMA\BORLAND\CBUILDER6\LIB\RELEASE\RTL.LIB|SysUtils ACBP=A9
 0003:000002EC 00000004 C=BSS     S=_BSS     G=DGROUP   M=C:\ARCHIVOS DE PROGRAMA\BORLAND\CBUILDER6\LIB\RELEASE\RTL.LIB|SysConst ACBP=A9
 0003:000002F0 00000004 C=BSS     S=_BSS     G=DGROUP   M=C:\ARCHIVOS DE PROGRAMA\BORLAND\CBUILDER6\LIB\RELEASE\RTL.LIB|VarUtils ACBP=A9
 0003:000002F4 00000184 C=BSS     S=_BSS     G=DGROUP   M=C:\ARCHIVOS DE PROGRAMA\BORLAND\CBUILDER6\LIB\RELEASE\RTL.LIB|Variants ACBP=A9
 0003:00000478 00000714 C=BSS     S=_BSS     G=DGROUP   M=C:\ARCHIVOS DE PROGRAMA\BORLAND\CBUILDER6\LIB\RELEASE\RTL.LIB|System ACBP=A9
 0003:00000B8C 00000010 C=BSS     S=_BSS     G=DGROUP   M=C:\ARCHIVOS DE PROGRAMA\BORLAND\CBUILDER6\LIB\RELEASE\VCL.LIB|WinHelpViewer ACBP=A9
 0003:00000B9C 0000000D C=BSS     S=_BSS     G=DGROUP   M=C:\ARCHIVOS DE PROGRAMA\BORLAND\CBUILDER6\LIB\RELEASE\VCL.LIB|ExtActns ACBP=A9
 0003:00000BAC 00000004 C=BSS     S=_BSS     G=DGROUP   M=C:\ARCHIVOS DE PROGRAMA\BORLAND\CBUILDER6\LIB\RELEASE\VCL.LIB|StdActns ACBP=A9
 0003:00000BB0 00000004 C=BSS     S=_BSS     G=DGROUP   M=C:\ARCHIVOS DE PROGRAMA\BORLAND\CBUILDER6\LIB\RELEASE\VCL.LIB|ImgList ACBP=A9
 0003:00000BB4 00000004 C=BSS     S=_BSS     G=DGROUP   M=C:\ARCHIVOS DE PROGRAMA\BORLAND\CBUILDER6\LIB\RELEASE\VCL.LIB|ActnList ACBP=A9
 0003:00000BB8 00000004 C=BSS     S=_BSS     G=DGROUP   M=C:\ARCHIVOS DE PROGRAMA\BORLAND\CBUILDER6\LIB\RELEASE\VCL.LIB|ExtDlgs ACBP=A9
 0003:00000BBC 00000004 C=BSS     S=_BSS     G=DGROUP   M=C:\ARCHIVOS DE PROGRAMA\BORLAND\CBUILDER6\LIB\RELEASE\VCL.LIB|ToolWin ACBP=A9
 0003:00000BC0 00000004 C=BSS     S=_BSS     G=DGROUP   M=C:\ARCHIVOS DE PROGRAMA\BORLAND\CBUILDER6\LIB\RELEASE\VCL.LIB|StdCtrls ACBP=A9
 0003:00000BC4 00000004 C=BSS     S=_BSS     G=DGROUP   M=C:\ARCHIVOS DE PROGRAMA\BORLAND\CBUILDER6\LIB\RELEASE\VCL.LIB|Printers ACBP=A9
 0003:00000BC8 00000010 C=BSS     S=_BSS     G=DGROUP   M=C:\ARCHIVOS DE PROGRAMA\BORLAND\CBUILDER6\LIB\RELEASE\VCL.LIB|Menus ACBP=A9
 0003:00000BD8 00000004 C=BSS     S=_BSS     G=DGROUP   M=C:\ARCHIVOS DE PROGRAMA\BORLAND\CBUILDER6\LIB\RELEASE\VCL.LIB|ListActns ACBP=A9
 0003:00000BDC 00000060 C=BSS     S=_BSS     G=DGROUP   M=C:\ARCHIVOS DE PROGRAMA\BORLAND\CBUILDER6\LIB\RELEASE\VCL.LIB|Graphics ACBP=A9
 0003:00000C3C 00000020 C=BSS     S=_BSS     G=DGROUP   M=C:\ARCHIVOS DE PROGRAMA\BORLAND\CBUILDER6\LIB\RELEASE\VCL.LIB|Forms ACBP=A9
 0003:00000C5C 00000004 C=BSS     S=_BSS     G=DGROUP   M=C:\ARCHIVOS DE PROGRAMA\BORLAND\CBUILDER6\LIB\RELEASE\VCL.LIB|ExtCtrls ACBP=A9
 0003:00000C60 0000003C C=BSS     S=_BSS     G=DGROUP   M=C:\ARCHIVOS DE PROGRAMA\BORLAND\CBUILDER6\LIB\RELEASE\VCL.LIB|Dialogs ACBP=A9
 0003:00000C9C 00000080 C=BSS     S=_BSS     G=DGROUP   M=C:\ARCHIVOS DE PROGRAMA\BORLAND\CBUILDER6\LIB\RELEASE\VCL.LIB|Controls ACBP=A9
 0003:00000D1C 00000004 C=BSS     S=_BSS     G=DGROUP   M=C:\ARCHIVOS DE PROGRAMA\BORLAND\CBUILDER6\LIB\RELEASE\VCL.LIB|ComStrs ACBP=A9
 0003:00000D20 00000034 C=BSS     S=_BSS     G=DGROUP   M=C:\ARCHIVOS DE PROGRAMA\BORLAND\CBUILDER6\LIB\RELEASE\VCL.LIB|ComCtrls ACBP=A9
 0003:00000D54 0000000C C=BSS     S=_BSS     G=DGROUP   M=C:\ARCHIVOS DE PROGRAMA\BORLAND\CBUILDER6\LIB\RELEASE\VCL.LIB|ClipBrd ACBP=A9
 0003:00000D60 00000030 C=BSS     S=_BSS     G=DGROUP   M=C:\ARCHIVOS DE PROGRAMA\BORLAND\CBUILDER6\LIB\RELEASE\VCL.LIB|Buttons ACBP=A9
 0003:00000D90 00000004 C=BSS     S=_BSS     G=DGROUP   M=C:\ARCHIVOS DE PROGRAMA\BORLAND\CBUILDER6\LIB\RELEASE\VCL.LIB|Consts ACBP=A9
 0003:00000D94 00000008 C=BSS     S=_BSS     G=DGROUP   M=C:\ARCHIVOS DE PROGRAMA\BORLAND\CBUILDER6\LIB\CP32MT.LIB|setnew ACBP=A9
 0003:00000D9C 00000018 C=BSS     S=_BSS     G=DGROUP   M=C:\ARCHIVOS DE PROGRAMA\BORLAND\CBUILDER6\LIB\CP32MT.LIB|hrdir_b ACBP=A9
 0003:00000DB4 00000024 C=BSS     S=_BSS     G=DGROUP   M=C:\ARCHIVOS DE PROGRAMA\BORLAND\CBUILDER6\LIB\CP32MT.LIB|predecl ACBP=A9
 0003:00000DD8 0000001C C=BSS     S=_BSS     G=DGROUP   M=C:\ARCHIVOS DE PROGRAMA\BORLAND\CBUILDER6\LIB\CP32MT.LIB|stdexcpt ACBP=A9
 0003:00000DF4 00000408 C=BSS     S=_BSS     G=DGROUP   M=C:\ARCHIVOS DE PROGRAMA\BORLAND\CBUILDER6\LIB\CP32MT.LIB|xxtype ACBP=A9
 0003:000011FC 00000008 C=BSS     S=_BSS     G=DGROUP   M=C:\ARCHIVOS DE PROGRAMA\BORLAND\CBUILDER6\LIB\CP32MT.LIB|xxv ACBP=A9
 0003:00001204 00000008 C=BSS     S=_BSS     G=DGROUP   M=C:\ARCHIVOS DE PROGRAMA\BORLAND\CBUILDER6\LIB\CP32MT.LIB|except ACBP=A9
 0003:0000120C 00000190 C=BSS     S=_BSS     G=DGROUP   M=C:\ARCHIVOS DE PROGRAMA\BORLAND\CBUILDER6\LIB\CP32MT.LIB|files2 ACBP=A9
 0003:0000139C 00000008 C=BSS     S=_BSS     G=DGROUP   M=C:\ARCHIVOS DE PROGRAMA\BORLAND\CBUILDER6\LIB\CP32MT.LIB|handles ACBP=A9
 0003:000013A4 00000008 C=BSS     S=_BSS     G=DGROUP   M=C:\ARCHIVOS DE PROGRAMA\BORLAND\CBUILDER6\LIB\CP32MT.LIB|streams ACBP=A9
 0003:000013AC 00000108 C=BSS     S=_BSS     G=DGROUP   M=C:\ARCHIVOS DE PROGRAMA\BORLAND\CBUILDER6\LIB\CP32MT.LIB|mbctype ACBP=A9
 0003:000014B4 00000100 C=BSS     S=_BSS     G=DGROUP   M=C:\ARCHIVOS DE PROGRAMA\BORLAND\CBUILDER6\LIB\CP32MT.LIB|assert ACBP=A9
 0003:000015B4 00000019 C=BSS     S=_BSS     G=DGROUP   M=C:\ARCHIVOS DE PROGRAMA\BORLAND\CBUILDER6\LIB\CP32MT.LIB|ermsghlp ACBP=A9
 0003:000015D0 0000000C C=BSS     S=_BSS     G=DGROUP   M=C:\ARCHIVOS DE PROGRAMA\BORLAND\CBUILDER6\LIB\CP32MT.LIB|setargv ACBP=A9
 0003:000015DC 00000004 C=BSS     S=_BSS     G=DGROUP   M=C:\ARCHIVOS DE PROGRAMA\BORLAND\CBUILDER6\LIB\CP32MT.LIB|hsargv ACBP=A9
 0003:000015E0 00000004 C=BSS     S=_BSS     G=DGROUP   M=C:\ARCHIVOS DE PROGRAMA\BORLAND\CBUILDER6\LIB\CP32MT.LIB|whsargv ACBP=A9
 0003:000015E4 00000010 C=BSS     S=_BSS     G=DGROUP   M=C:\ARCHIVOS DE PROGRAMA\BORLAND\CBUILDER6\LIB\CP32MT.LIB|setenvp ACBP=A9
 0003:000015F4 00000044 C=BSS     S=_BSS     G=DGROUP   M=C:\ARCHIVOS DE PROGRAMA\BORLAND\CBUILDER6\LIB\CP32MT.LIB|globals ACBP=A9
 0003:00001638 00000008 C=BSS     S=_BSS     G=DGROUP   M=C:\ARCHIVOS DE PROGRAMA\BORLAND\CBUILDER6\LIB\CP32MT.LIB|thrddata ACBP=A9
 0003:00001640 00003004 C=BSS     S=_BSS     G=DGROUP   M=C:\ARCHIVOS DE PROGRAMA\BORLAND\CBUILDER6\LIB\CP32MT.LIB|_lock ACBP=A9
 0003:00004644 00000010 C=BSS     S=_BSS     G=DGROUP   M=C:\ARCHIVOS DE PROGRAMA\BORLAND\CBUILDER6\LIB\CP32MT.LIB|xx ACBP=A9
 0004:00000000 00000008 C=TLS     S=_TLS     G=DGROUP   M=C:\ARCHIVOS DE PROGRAMA\BORLAND\CBUILDER6\LIB\RELEASE\RTL.LIB|Classes ACBP=A9
 0004:00000008 00000008 C=TLS     S=_TLS     G=DGROUP   M=C:\ARCHIVOS DE PROGRAMA\BORLAND\CBUILDER6\LIB\RELEASE\RTL.LIB|System ACBP=A9
 0004:00000010 0000009C C=TLS     S=_TLS     G=DGROUP   M=C:\ARCHIVOS DE PROGRAMA\BORLAND\CBUILDER6\LIB\CP32MT.LIB|xxv ACBP=A9
 0004:000000AC 00000008 C=TLS     S=_TLS     G=DGROUP   M=C:\ARCHIVOS DE PROGRAMA\BORLAND\CBUILDER6\LIB\CP32MT.LIB|tls ACBP=A9

 Address Publics by Name

 0001:000A5220  @$bdele$qpv
 0001:000A5230  @$bdla$qpv
 0001:000A5254  @$bnew$qui
 0001:000A53F8  @$bnwa$qui
 0001:0002B910  @$xp$10ILockBytes
 0001:0002BC34  @$xp$10IOleObject
 0001:0002BFE0  @$xp$10IOleWindow
 0001:0002B7DE  @$xp$10PLargeuint
 0001:0002BB47  @$xp$10tagBINDPTR
 0001:0002BAA1  @$xp$10tagCACLSID
 0001:0002BDDD  @$xp$10tagCADWORD
 0001:0002BAA1  @$xp$10tagCALPSTR
 0001:0002BAA1  @$xp$10tagCASCODE
 0001:0002BAE0  @$xp$10tagIDLDESC
 0001:0002BDA7  @$xp$10tagLICINFO
 0001:0002BD12  @$xp$10tagOLEVERB
 0001:0002BBE0  @$xp$10tagREGKIND
 0001:0002B8DA  @$xp$10tagSTATSTG
 0001:0002BB12  @$xp$10tagVARDESC
 0001:0002BAE0  @$xp$10tagVARIANT
 0001:0006E11C  @$xp$11Forms@TForm
 0001:0002BF74  @$xp$11IAdviseSink
 0001:0002BCE0  @$xp$11IDropTarget
 0001:0002B8A8  @$xp$11IEnumString
 0001:0005DAE4  @$xp$11Menus@TMenu
 0001:0002B941  @$xp$11PClipFormat
 0001:0004D028  @$xp$11System@Byte
 0001:0004CFE4  @$xp$11System@Char
 0001:0004CEAD  @$xp$11System@Text
 0001:0004D03C  @$xp$11System@Word
 0001:0004CEAD  @$xp$11System@file
 0001:0000216C  @$xp$11TWorkThread
 0001:0002BAA1  @$xp$11tagCALPWSTR
 0001:0002BAA1  @$xp$11tagCLIPDATA
 0001:0002BBA7  @$xp$11tagCUSTDATA
 0001:0002BAE0  @$xp$11tagELEMDESC
 0001:0002BE50  @$xp$11tagFONTDESC
 0001:0002BB12  @$xp$11tagFUNCDESC
 0001:0002B7E0  @$xp$11tagMULTI_QI
 0001:0002BE83  @$xp$11tagPICTDESC
 0001:0002BAA1  @$xp$11tagPROPSPEC
 0001:0002B97C  @$xp$11tagSTATDATA
 0001:0002BB78  @$xp$11tagTLIBATTR
 0001:0002BAE0  @$xp$11tagTYPEATTR
 0001:0002BAE0  @$xp$11tagTYPEDESC
 0001:0002BAA1  @$xp$12Activex@PCAH
 0001:0002BAA1  @$xp$12Activex@PCAI
 0001:0002BAA1  @$xp$12Activex@PCAL
 0001:0002B90F  @$xp$12Activex@TSNB
 0001:00012028  @$xp$12Chart@TChart
 0001:0006FE68  @$xp$12Forms@TFrame
 0001:0002B8DC  @$xp$12IEnumStatStg
 0001:0002B83C  @$xp$12IEnumUnknown
 0001:0002BB14  @$xp$12IEnumVariant
 0001:0002BE50  @$xp$12IPictureDisp
 0001:0002B9A0  @$xp$12IRootStorage
 0001:0004CFAC  @$xp$12System@PByte
 0001:0004CEAD  @$xp$12System@PChar
 0001:0004CFAC  @$xp$12System@PComp
 0001:0004CFAC  @$xp$12System@PDate
 0001:0004CED2  @$xp$12System@PGUID
 0001:0004CFAC  @$xp$12System@PWord
 0001:0004CED2  @$xp$12System@TGUID
 0001:00002660  @$xp$12TProgressDlg
 0001:0002BAE0  @$xp$12tagARRAYDESC
 0001:0002B86F  @$xp$12tagBIND_OPTS
 0001:0002BAE0  @$xp$12tagEXCEPINFO
 0001:0002B941  @$xp$12tagFORMATETC
 0001:0002BBE0  @$xp$12tagPARAMDATA
 0001:0002BAE0  @$xp$12tagPARAMDESC
 0001:0002B823  @$xp$12tagSAFEARRAY
 0001:0002B9D3  @$xp$12tagSTGMEDIUM
 0001:0002BAA1  @$xp$13Activex@PBStr
 0001:0002BAA1  @$xp$13Activex@PCACY
 0001:0002BAA1  @$xp$13Activex@PCAUB
 0001:0002BAA1  @$xp$13Activex@PCAUH
 0001:0002BAA1  @$xp$13Activex@PCAUI
 0001:0002BAA1  @$xp$13Activex@PCAUL
 0001:0002BAA1  @$xp$13Activex@PComp
 0001:0002DA3C  @$xp$13Classes@TList
 0001:00070F8C  @$xp$13Forms@TScreen
 0001:00065914  @$xp$13Graphics@TPen
 0001:0002BF10  @$xp$13IClassFactory
 0001:0004D050  @$xp$13System@Double
 0001:0004CFAC  @$xp$13System@PError
 0001:0004CFAC  @$xp$13System@PInt64
 0001:0004CFAC  @$xp$13System@PPChar
 0001:0004CE99  @$xp$13System@Real48
 0001:0004CE8C  @$xp$13System@Single
 0001:0004CEB0  @$xp$13System@String
 0001:0002B7DE  @$xp$13_COSERVERINFO
 0001:0002BAA1  @$xp$13tagCACLIPDATA
 0001:0002BAA1  @$xp$13tagCAFILETIME
 0001:0002BDDD  @$xp$13tagCALPOLESTR
 0001:0002BAE0  @$xp$13tagDISPPARAMS
 0001:0002BBE0  @$xp$13tagMETHODDATA
 0001:0002BAA1  @$xp$14Activex@PCADBL
 0001:0002BAA1  @$xp$14Activex@PCAFLT
 0001:0002B7DE  @$xp$14Activex@PFmtID
 0001:00070598  @$xp$14Forms@IOleForm
 0001:0006ED28  @$xp$14Forms@TMonitor
 0001:000657B0  @$xp$14Graphics@TFont
 0001:000661F8  @$xp$14Graphics@TIcon
 0001:0002BDA8  @$xp$14IClassFactory2
 0001:0002B944  @$xp$14IEnumFORMATETC
 0001:0002BA6C  @$xp$14IFillLockBytes
 0001:0002BA34  @$xp$14IMessageFilter
 0001:0002BFA8  @$xp$14IOleClientSite
 0001:0002B870  @$xp$14IPersistStream
 0001:0005842C  @$xp$14Stdctrls@TEdit
 0001:00057078  @$xp$14Stdctrls@TMemo
 0001:0004CFBC  @$xp$14System@Boolean
 0001:0004D010  @$xp$14System@Integer
 0001:0004CFAC  @$xp$14System@PDouble
 0001:0004CFAC  @$xp$14System@PSingle
 0001:0004CE73  @$xp$14System@Pointer
 0001:0004CED2  @$xp$14System@TMethod
 0001:0004D0E4  @$xp$14System@TObject
 0001:0004D080  @$xp$14System@Variant
 0001:0002BD4C  @$xp$14tagCONNECTDATA
 0001:0002BE20  @$xp$14tagOCPFIPARAMS
 0001:0002BAE0  @$xp$14tagPARAMDESCEX
 0001:0002BAA1  @$xp$14tagPROPVARIANT
 0001:0002BEBC  @$xp$14tagQACONTAINER
 0001:0002BAA1  @$xp$14tagSTATPROPSTG
 0001:0002BAA1  @$xp$15Activex@PCABOOL
 0001:0002BAA1  @$xp$15Activex@PCABSTR
 0001:0002BAA1  @$xp$15Activex@PCADATE
 0001:0002BDDD  @$xp$15Activex@PCAGUID
 0001:000A30C8  @$xp$15Buttons@TBitBtn
 0001:0002E7DC  @$xp$15Classes@TThread
 0001:00091B10  @$xp$15Comctrls@TWidth
 0001:0007F024  @$xp$15Controls@TAlign
 0001:0007BC40  @$xp$15Extctrls@TBevel
 0001:0007C098  @$xp$15Extctrls@TPanel
 0001:0007BA2C  @$xp$15Extctrls@TTimer
 0001:0006ED79  @$xp$15Forms@PHintInfo
 0001:0006ED7C  @$xp$15Forms@THintInfo
 0001:00070680  @$xp$15Forms@TPosition
 0001:00065A14  @$xp$15Graphics@TBrush
 0001:00065448  @$xp$15Graphics@TColor
 0001:0002BCA8  @$xp$15IOleInPlaceSite
 0001:0002C0B4  @$xp$15IOleUndoManager
 0001:0005D2BC  @$xp$15Menus@PMenuItem
 0001:0005DBB8  @$xp$15Menus@TMainMenu
 0001:0005D6F0  @$xp$15Menus@TMenuItem
 0001:00057B44  @$xp$15Stdctrls@TLabel
 0001:0004CE74  @$xp$15System@Cardinal
 0001:0004D060  @$xp$15System@Currency
 0001:0004CE64  @$xp$15System@Extended
 0001:0004CFAC  @$xp$15System@PBoolean
 0001:0004CFAC  @$xp$15System@PInteger
 0001:0004CFAC  @$xp$15System@PPointer
 0001:0004CFAC  @$xp$15System@PUnknown
 0001:0004CFAC  @$xp$15System@PVariant
 0001:0004CFF8  @$xp$15System@Smallint
 0001:0004CF5C  @$xp$15System@UCS4Char
 0001:0002BBA7  @$xp$15tagCUSTDATAITEM
 0001:0002BE20  @$xp$15tagPROPPAGEINFO
 0001:0002B9D3  @$xp$15tagRemSTGMEDIUM
 0001:0002BB47  @$xp$16Activex@PBindPtr
 0001:0002BAA1  @$xp$16Activex@PCACLSID
 0001:0002BAA1  @$xp$16Activex@PCALPSTR
 0001:0002BAA1  @$xp$16Activex@PCASCODE
 0001:0002BAA1  @$xp$16Activex@PDecimal
 0001:0002BAE0  @$xp$16Activex@PIDLDesc
 0001:0002BDA7  @$xp$16Activex@PLicInfo
 0001:0002B7DE  @$xp$16Activex@PMultiQI
 0001:0002B823  @$xp$16Activex@POleBool
 0001:0002B823  @$xp$16Activex@POleDate
 0001:0002BD12  @$xp$16Activex@POleVerb
 0001:0002B7DE  @$xp$16Activex@PPOleStr
 0001:0002B8DA  @$xp$16Activex@PStatStg
 0001:0002BB12  @$xp$16Activex@PVarDesc
 0001:0002B824  @$xp$16Activex@TOleEnum
 0001:000112F4  @$xp$16Chart@TChartWall
 0001:0002DFC0  @$xp$16Classes@TStrings
 0001:0007ED28  @$xp$16Controls@TCMDrag
 0001:0007F00C  @$xp$16Controls@TCursor
 0001:0006ED48  @$xp$16Forms@PCursorRec
 0001:0006ED48  @$xp$16Forms@TCursorRec
 0001:0006ED28  @$xp$16Forms@TFormClass
 0001:000705C8  @$xp$16Forms@TFormStyle
 0001:00070860  @$xp$16Forms@THelpEvent
 0001:0006F434  @$xp$16Forms@TScrollBox
 0001:0006ED48  @$xp$16Forms@TTimerMode
 0001:000660C0  @$xp$16Graphics@TBitmap
 0001:00065AE4  @$xp$16Graphics@TCanvas
 0001:0002BD14  @$xp$16IConnectionPoint
 0001:0002BD70  @$xp$16IEnumConnections
 0001:0002BE84  @$xp$16IServiceProvider
 0001:0005D314  @$xp$16Menus@TMenuBreak
 0001:0005DEA4  @$xp$16Menus@TPopupMenu
 0001:0002BEBB  @$xp$16PServiceProvider
 0001:00008654  @$xp$16Series@TBarStyle
 0001:0000860C  @$xp$16Series@TMultiBar
 0001:00007764  @$xp$16Series@TPieAngle
 0001:00059554  @$xp$16Stdctrls@TButton
 0001:0004CFAC  @$xp$16System@PCardinal
 0001:0004CFAC  @$xp$16System@PCurrency
 0001:0004CFBC  @$xp$16System@PDateTime
 0001:0004CFAC  @$xp$16System@PDispatch
 0001:0004CFAC  @$xp$16System@PExtended
 0001:0004CFAC  @$xp$16System@PLongWord
 0001:0004CFAC  @$xp$16System@PPUnknown
 0001:0004CFAC  @$xp$16System@PShortInt
 0001:0004CFAC  @$xp$16System@PSmallInt
 0001:0004CF73  @$xp$16System@PUCS4Char
 0001:0004CFBC  @$xp$16System@PVarArray
 0001:0004CEAD  @$xp$16System@PWideChar
 0001:0004CFAC  @$xp$16System@PWordBool
 0001:0004CFAC  @$xp$16System@TDateTime
 0001:0004CFBC  @$xp$16System@TVarArray
 0001:0003C736  @$xp$16Sysutils@LongRec
 0001:0003C736  @$xp$16Sysutils@WordRec
 0001:0002BAA1  @$xp$16tagCAPROPVARIANT
 0001:0002BBE0  @$xp$16tagINTERFACEDATA
 0001:0002BA0C  @$xp$16tagINTERFACEINFO
 0001:0002BA69  @$xp$16tagRPCOLEMESSAGE
 0001:0002BAA1  @$xp$17Activex@PBStrList
 0001:0002B86F  @$xp$17Activex@PBindOpts
 0001:0002BAA1  @$xp$17Activex@PCALPWSTR
 0001:0002BAA1  @$xp$17Activex@PClipData
 0001:0002BBA7  @$xp$17Activex@PCustData
 0001:0002BAE0  @$xp$17Activex@PElemDesc
 0001:0002BE50  @$xp$17Activex@PFontDesc
 0001:0002BB12  @$xp$17Activex@PFuncDesc
 0001:0002BDDD  @$xp$17Activex@PGUIDList
 0001:0002B7DE  @$xp$17Activex@PObjectID
 0001:0002BE83  @$xp$17Activex@PPictDesc
 0001:0002BAA1  @$xp$17Activex@PPropSpec
 0001:0002B979  @$xp$17Activex@PStatData
 0001:0002BB78  @$xp$17Activex@PTLibAttr
 0001:0002BAE0  @$xp$17Activex@PTypeAttr
 0001:0002BAE0  @$xp$17Activex@PTypeDesc
 0001:0002BAA1  @$xp$17Activex@TBStrList
 0001:0002BDDD  @$xp$17Activex@TGUIDList
 0001:000111B8  @$xp$17Chart@TChartBrush
 0001:00011ABC  @$xp$17Chart@TChartClick
 0001:0001198C  @$xp$17Chart@TChartTitle
 0001:0002D3E0  @$xp$17Classes@TBiDiMode
 0001:0002D46C  @$xp$17Classes@THelpType
 0001:0002D4A4  @$xp$17Classes@TShortCut
 0001:0008FD20  @$xp$17Comctrls@TAddMode
 0001:00093044  @$xp$17Comctrls@TToolBar
 0001:0007ED28  @$xp$17Controls@PDragRec
 0001:0007F6B8  @$xp$17Controls@TAnchors
 0001:0007ED28  @$xp$17Controls@TCMFloat
 0001:0007F660  @$xp$17Controls@TCaption
 0001:0007EDCC  @$xp$17Controls@TControl
 0001:0007ED28  @$xp$17Controls@TDragRec
 0001:000801BC  @$xp$17Controls@TImeMode
 0001:0007EF4C  @$xp$17Controls@TImeName
 0001:00070618  @$xp$17Forms@TBorderIcon
 0001:000707B8  @$xp$17Forms@TCloseEvent
 0001:0006E0F8  @$xp$17Forms@TCustomForm
 0001:00070770  @$xp$17Forms@TPrintScale
 0001:00065CC0  @$xp$17Graphics@TGraphic
 0001:0006538E  @$xp$17Graphics@TPenData
 0001:000652D4  @$xp$17Graphics@TPenMode
 0001:00065DD8  @$xp$17Graphics@TPicture
 0001:000652B7  @$xp$17Graphics@TResData
 0001:0002B9D4  @$xp$17IDataAdviseHolder
 0001:0002C050  @$xp$17IOleInPlaceSiteEx
 0001:0002BBA8  @$xp$17ISupportErrorInfo
 0001:00008CDC  @$xp$17Series@TBarSeries
 0001:000081EC  @$xp$17Series@TMultiArea
 0001:000091D4  @$xp$17Series@TPieAngles
 0001:00009578  @$xp$17Series@TPieSeries
 0001:0004CED4  @$xp$17System@IInterface
 0001:0004CE9C  @$xp$17System@Openstring
 0001:0004CFAC  @$xp$17System@PPDispatch
 0001:0004CFAC  @$xp$17System@PPWideChar
 0001:0004CF74  @$xp$17System@UTF8String
 0001:0004D070  @$xp$17System@WideString
 0001:0003C736  @$xp$17Sysutils@Int64Rec
 0001:0002BAE0  @$xp$17TFNDeferredFillIn
 0001:0002B941  @$xp$17tagDVTARGETDEVICE
 0001:0002B823  @$xp$17tagSAFEARRAYBOUND
 0001:0002BAA1  @$xp$17tagSTATPROPSETSTG
 0001:0002B941  @$xp$18Activex@ActiveX__1
 0001:0002B9D3  @$xp$18Activex@ActiveX__2
 0001:0002BAE0  @$xp$18Activex@PArrayDesc
 0001:0002BDDD  @$xp$18Activex@PCALongint
 0001:0002BDDD  @$xp$18Activex@PCAPOleStr
 0001:0002BAE0  @$xp$18Activex@PExcepInfo
 0001:0002B941  @$xp$18Activex@PFormatEtc
 0001:0002BBE0  @$xp$18Activex@PParamData
 0001:0002BAE0  @$xp$18Activex@PParamDesc
 0001:0002B823  @$xp$18Activex@PSafeArray
 0001:0002B9D3  @$xp$18Activex@PStgMedium
 0001:000A2EDC  @$xp$18Buttons@TNumGlyphs
 0001:0001165C  @$xp$18Chart@TChartLegend
 0001:00011E90  @$xp$18Chart@TCustomChart
 0001:000113DC  @$xp$18Chart@TLegendStyle
 0001:0002D36C  @$xp$18Classes@TAlignment
 0001:0002E9F0  @$xp$18Classes@TComponent
 0001:0002D3B8  @$xp$18Classes@TLeftRight
 0001:0008FD5E  @$xp$18Comctrls@PNodeInfo
 0001:00091E14  @$xp$18Comctrls@TListItem
 0001:0008FD5E  @$xp$18Comctrls@TNodeInfo
 0001:000912D8  @$xp$18Comctrls@TTickMark
 0001:0008FD84  @$xp$18Comctrls@TTrackBar
 0001:0008FD60  @$xp$18Comctrls@TTreeNode
 0001:00091F4C  @$xp$18Comctrls@TWorkArea
 0001:00080268  @$xp$18Controls@TBevelCut
 0001:0007F614  @$xp$18Controls@TDragKind
 0001:0007F5D8  @$xp$18Controls@TDragMode
 0001:0007F8D0  @$xp$18Controls@TKeyEvent
 0001:0007F648  @$xp$18Controls@TTabOrder
 0001:00071070  @$xp$18Forms@TApplication
 0001:00070668  @$xp$18Forms@TBorderIcons
 0001:0006F2D4  @$xp$18Forms@TBorderStyle
 0001:0006E0D4  @$xp$18Forms@TCustomFrame
 0001:0006F050  @$xp$18Forms@TWindowState
 0001:0006540B  @$xp$18Graphics@PResource
 0001:0006540C  @$xp$18Graphics@TFillMode
 0001:000652D2  @$xp$18Graphics@TFontData
 0001:00065568  @$xp$18Graphics@TFontName
 0001:00065F78  @$xp$18Graphics@TMetafile
 0001:000655FC  @$xp$18Graphics@TPenStyle
 0001:0006540B  @$xp$18Graphics@TResource
 0001:00053830  @$xp$18Imglist@TImageType
 0001:0005DD44  @$xp$18Menus@TTrackButton
 0001:000083E0  @$xp$18Series@TAreaSeries
 0001:00007E24  @$xp$18Series@TLineSeries
 0001:00059DBC  @$xp$18Stdctrls@TCheckBox
 0001:0004CF59  @$xp$18System@PAnsiString
 0001:0004CFAC  @$xp$18System@POleVariant
 0001:0004CFAC  @$xp$18System@PPCharArray
 0001:0004CF84  @$xp$18System@PUTF8String
 0001:0004CF59  @$xp$18System@PWideString
 0001:0004CF84  @$xp$18System@TBoundArray
 0001:0004CFAC  @$xp$18System@TPCharArray
 0001:0003C7E4  @$xp$18Sysutils@Exception
 0001:0003C8EC  @$xp$18Sysutils@TFileName
 0001:0003C791  @$xp$18Sysutils@TFloatRec
 0001:0003C830  @$xp$18Sysutils@TNameType
 0001:00025564  @$xp$18Tecanvas@TChartPen
 0001:00018208  @$xp$18Teengine@TVertAxis
 0001:00056608  @$xp$18Toolwin@TEdgeStyle
 0001:0002BAA1  @$xp$19Activex@PCACLIPDATA
 0001:0002BAA1  @$xp$19Activex@PCAFILETIME
 0001:0002BAE0  @$xp$19Activex@PDispIDList
 0001:0002BAE0  @$xp$19Activex@PDispParams
 0001:0002BBE0  @$xp$19Activex@PMethodData
 0001:0002B7DE  @$xp$19Activex@POleStrList
 0001:0002BAE0  @$xp$19Activex@PVariantArg
 0001:0002BAE0  @$xp$19Activex@TDispIDList
 0001:0002B7DE  @$xp$19Activex@TOleStrList
 0001:00055580  @$xp$19Actnlist@THintEvent
 0001:000A2EF8  @$xp$19Buttons@TBitBtnKind
 0001:0002DDBC  @$xp$19Classes@TCollection
 0001:0002D200  @$xp$19Classes@TDuplicates
 0001:0002D358  @$xp$19Classes@TIdentToInt
 0001:0002D358  @$xp$19Classes@TIntToIdent
 0001:0002D244  @$xp$19Classes@TPersistent
 0001:0002D298  @$xp$19Classes@TStringItem
 0001:0002E0D4  @$xp$19Classes@TStringList
 0001:0008FD84  @$xp$19Comctrls@PNodeCache
 0001:00091E9C  @$xp$19Comctrls@TListItems
 0001:0008FD84  @$xp$19Comctrls@TNodeCache
 0001:00090BC4  @$xp$19Comctrls@TStatusBar
 0001:0009131C  @$xp$19Comctrls@TTickStyle
 0001:00091FF0  @$xp$19Comctrls@TWorkAreas
 0001:0003B3A4  @$xp$19Contnrs@TBucketProc
 0001:0007EF5A  @$xp$19Controls@TAlignInfo
 0001:000802B0  @$xp$19Controls@TBevelEdge
 0001:0008030C  @$xp$19Controls@TBevelKind
 0001:00080C90  @$xp$19Controls@TImageList
 0001:0007DAE4  @$xp$19Dialogs@TOpenDialog
 0001:0007D7B8  @$xp$19Dialogs@TOpenOption
 0001:00070564  @$xp$19Forms@IDesignerHook
 0001:0006ED9C  @$xp$19Forms@TScrollBarInc
 0001:0006540B  @$xp$19Graphics@TBrushData
 0001:00065524  @$xp$19Graphics@TFontPitch
 0001:00065594  @$xp$19Graphics@TFontStyle
 0001:0002C014  @$xp$19IPropertyNotifySink
 0001:00053864  @$xp$19Imglist@TImageIndex
 0001:0005D50C  @$xp$19Menus@TMenuAutoFlag
 0001:00008138  @$xp$19Series@TPointSeries
 0001:0004CF84  @$xp$19System@IntegerArray
 0001:0004CF59  @$xp$19System@PShortString
 0001:0004CF84  @$xp$19System@PointerArray
 0001:0003C736  @$xp$19Sysutils@PByteArray
 0001:0003C736  @$xp$19Sysutils@PWordArray
 0001:0003C736  @$xp$19Sysutils@TByteArray
 0001:0003C736  @$xp$19Sysutils@TProcedure
 0001:0003C7E1  @$xp$19Sysutils@TSysLocale
 0001:0003C791  @$xp$19Sysutils@TTimeStamp
 0001:0003C736  @$xp$19Sysutils@TWordArray
 0001:000174B4  @$xp$19Teengine@TChartAxis
 0001:000181AC  @$xp$19Teengine@THorizAxis
 0001:000565AC  @$xp$19Toolwin@TEdgeBorder
 0001:00056784  @$xp$19Toolwin@TToolWindow
 0001:0002BC65  @$xp$19tagOBJECTDESCRIPTOR
 0001:0002BD4B  @$xp$20Activex@PConnectData
 0001:0002BDDD  @$xp$20Activex@PLongintList
 0001:0002BE20  @$xp$20Activex@POCPFIParams
 0001:0002BAE0  @$xp$20Activex@PParamDescEx
 0001:0002BAA1  @$xp$20Activex@PPropVariant
 0001:0002BAA1  @$xp$20Activex@PStatPropStg
 0001:0002BDDD  @$xp$20Activex@TLongintList
 0001:0002B7C0  @$xp$20Activex@TUnknownList
 0001:0005528C  @$xp$20Actnlist@TActionLink
 0001:000A2E98  @$xp$20Buttons@TButtonStyle
 0001:0002D243  @$xp$20Classes@PPointerList
 0001:0002D30C  @$xp$20Classes@TBasicAction
 0001:0002D450  @$xp$20Classes@THelpContext
 0001:0002D4BC  @$xp$20Classes@TNotifyEvent
 0001:0002D243  @$xp$20Classes@TPointerList
 0001:00090384  @$xp$20Comctrls@TConversion
 0001:00091BB4  @$xp$20Comctrls@TListColumn
 0001:00092690  @$xp$20Comctrls@TToolButton
 0001:0007F670  @$xp$20Controls@TAnchorKind
 0001:000802F4  @$xp$20Controls@TBevelEdges
 0001:00080350  @$xp$20Controls@TBevelWidth
 0001:0007ED28  @$xp$20Controls@TDragObject
 0001:0007EF5C  @$xp$20Controls@THintWindow
 0001:0007F81C  @$xp$20Controls@TMouseEvent
 0001:00080748  @$xp$20Controls@TWinControl
 0001:0007D94C  @$xp$20Dialogs@TOpenOptions
 0001:0007BAF0  @$xp$20Extctrls@TBevelShape
 0001:0007BAB4  @$xp$20Extctrls@TBevelStyle
 0001:0007082C  @$xp$20Forms@TShortCutEvent
 0001:00065390  @$xp$20Graphics@TBrushStyle
 0001:000655E4  @$xp$20Graphics@TFontStyles
 0001:0005DDEC  @$xp$20Menus@TMenuAnimation
 0001:00007C20  @$xp$20Series@TCustomSeries
 0001:000536C0  @$xp$20Stdactns@THintAction
 0001:000582AC  @$xp$20Stdctrls@TCustomEdit
 0001:00058D98  @$xp$20Stdctrls@TCustomMemo
 0001:000578D8  @$xp$20Stdctrls@TTextLayout
 0001:0004CF84  @$xp$20System@PIntegerArray
 0001:0004CF84  @$xp$20System@PPointerArray
 0001:0003C808  @$xp$20Sysutils@EInOutError
 0001:0003C808  @$xp$20Sysutils@ExceptClass
 0001:0003C8AC  @$xp$20Sysutils@PThreadInfo
 0001:0003C736  @$xp$20Sysutils@TIntegerSet
 0001:0003C720  @$xp$20Sysutils@TSysCharSet
 0001:0003C8AC  @$xp$20Sysutils@TThreadInfo
 0001:00016C05  @$xp$20Teengine@PChartValue
 0001:000565F0  @$xp$20Toolwin@TEdgeBorders
 0001:0002B7DE  @$xp$21Activex@PCoServerInfo
 0001:0002BBA7  @$xp$21Activex@PCustDataItem
 0001:0002BAE0  @$xp$21Activex@PElemDescList
 0001:0002BAE0  @$xp$21Activex@PMemberIDList
 0001:0002B801  @$xp$21Activex@PMultiQIArray
 0001:0002BE20  @$xp$21Activex@PPropPageInfo
 0001:0002B9D3  @$xp$21Activex@PRemStgMedium
 0001:0002BB78  @$xp$21Activex@PTypeInfoList
 0001:0002BCDE  @$xp$21Activex@TContinueFunc
 0001:0002BAE0  @$xp$21Activex@TElemDescList
 0001:0002BAE0  @$xp$21Activex@TMemberIDList
 0001:0002B804  @$xp$21Activex@TMultiQIArray
 0001:000A2E3C  @$xp$21Buttons@TButtonLayout
 0001:00011B24  @$xp$21Chart@TChartClickAxis
 0001:00011C38  @$xp$21Chart@TOnGetLegendPos
 0001:00093B2C  @$xp$21Comctrls@TComboExItem
 0001:000903D4  @$xp$21Comctrls@TDisplayCode
 0001:00090424  @$xp$21Comctrls@TIconOptions
 0001:00091D78  @$xp$21Comctrls@TListColumns
 0001:000915F8  @$xp$21Comctrls@TProgressBar
 0001:0009065C  @$xp$21Comctrls@TStatusPanel
 0001:0008036C  @$xp$21Controls@IDockManager
 0001:0008024C  @$xp$21Controls@TBorderWidth
 0001:0007ECB8  @$xp$21Controls@TDragMessage
 0001:0007EFF0  @$xp$21Controls@TModalResult
 0001:0007FB54  @$xp$21Controls@TUnDockEvent
 0001:0000294C  @$xp$21Dblogdlg@TLoginDialog
 0001:0007D708  @$xp$21Dialogs@TCommonDialog
 0001:0007D964  @$xp$21Dialogs@TOpenOptionEx
 0001:0007BF54  @$xp$21Extctrls@TCustomPanel
 0001:00070E4C  @$xp$21Forms@TCustomDockForm
 0001:0007071C  @$xp$21Forms@TDefaultMonitor
 0001:0006EDB8  @$xp$21Forms@TScrollBarStyle
 0001:00065578  @$xp$21Graphics@TFontCharset
 0001:0002C168  @$xp$21Helpintfs@IHelpSystem
 0001:0002BAA4  @$xp$21IGlobalInterfaceTable
 0001:000537DC  @$xp$21Imglist@TDrawingStyle
 0001:0005DD84  @$xp$21Menus@TMenuAnimations
 0001:0005DD04  @$xp$21Menus@TPopupAlignment
 0001:000090DC  @$xp$21Series@TCircledSeries
 0001:00009330  @$xp$21Series@TPieOtherSlice
 0001:00009268  @$xp$21Series@TPieOtherStyle
 0001:000078B0  @$xp$21Series@TSeriesPointer
 0001:0005919C  @$xp$21Stdctrls@TCustomCombo
 0001:00057A34  @$xp$21Stdctrls@TCustomLabel
 0001:00058BE8  @$xp$21Stdctrls@TScrollStyle
 0001:0004CF73  @$xp$21System@PUCS4CharArray
 0001:0004CF73  @$xp$21System@TUCS4CharArray
 0001:0004CFBC  @$xp$21System@TVarArrayBound
 0001:0003D348  @$xp$21Sysutils@SysUtils__34
 0001:0003D36C  @$xp$21Sysutils@SysUtils__44
 0001:0003C738  @$xp$21Sysutils@TFloatFormat
 0001:000257C0  @$xp$21Tecanvas@TDarkGrayPen
 0001:00016C98  @$xp$21Teengine@TChartSeries
 0001:00018130  @$xp$21Teengine@TSeriesClick
 0001:000185EC  @$xp$21Teengine@TSeriesMarks
 0001:000189D0  @$xp$21Teengine@TTeeFunction
 0001:00018844  @$xp$21Teengine@TeEngine__21
 0001:00022F74  @$xp$21Teeprocs@TPanningMode
 0001:0005691C  @$xp$21Toolwin@TToolDockForm
 0001:0002BCA6  @$xp$21tagOleMenuGroupWidths
 0001:0002BAA1  @$xp$22Activex@PCAPROPVARIANT
 0001:0002BBE0  @$xp$22Activex@PInterfaceData
 0001:0002BA0C  @$xp$22Activex@PInterfaceInfo
 0001:0002BBE0  @$xp$22Activex@PParamDataList
 0001:0002BA69  @$xp$22Activex@PRpcOleMessage
 0001:0002BBE0  @$xp$22Activex@TParamDataList
 0001:00055694  @$xp$22Actnlist@TCustomAction
 0001:00055558  @$xp$22Actnlist@TShortCutList
 0001:00011268  @$xp$22Chart@TCustomChartWall
 0001:00011428  @$xp$22Chart@TLegendAlignment
 0001:00011C9C  @$xp$22Chart@TOnGetLegendRect
 0001:000114CC  @$xp$22Chart@TOnGetLegendText
 0001:0002E800  @$xp$22Classes@TComponentName
 0001:0002D334  @$xp$22Classes@TIdentMapEntry
 0001:00090558  @$xp$22Comctrls@TComboExItems
 0001:00090800  @$xp$22Comctrls@TStatusPanels
 0001:0007ED28  @$xp$22Controls@TCMDockClient
 0001:0007EF1C  @$xp$22Controls@TControlClass
 0001:0007EF1C  @$xp$22Controls@TCreateParams
 0001:0007FA3C  @$xp$22Controls@TEndDragEvent
 0001:0007D99C  @$xp$22Dialogs@TOpenOptionsEx
 0001:000707F0  @$xp$22Forms@TCloseQueryEvent
 0001:0006E11B  @$xp$22Forms@TCustomFormClass
 0001:0006F26C  @$xp$22Forms@TFormBorderStyle
 0001:0002C254  @$xp$22Helpintfs@IHelpManager
 0001:0005D354  @$xp$22Menus@TMenuChangeEvent
 0001:00009898  @$xp$22Series@TFastLineSeries
 0001:00008EDC  @$xp$22Series@THorizBarSeries
 0001:000580F0  @$xp$22Stdctrls@TEditCharCase
 0001:0004CED2  @$xp$22System@PInterfaceEntry
 0001:0004CED2  @$xp$22System@PInterfaceTable
 0001:0004CED2  @$xp$22System@TInterfaceEntry
 0001:0004CED2  @$xp$22System@TInterfaceTable
 0001:0003C794  @$xp$22Sysutils@TMbcsByteType
 0001:0003C884  @$xp$22Sysutils@TSimpleRWSync
 0001:00025924  @$xp$22Tecanvas@TChartAxisPen
 0001:00043BE0  @$xp$22Variants@TVarDataArray
 0001:0002B941  @$xp$23Activex@PDVTargetDevice
 0001:0002BBE0  @$xp$23Activex@PMethodDataList
 0001:0002B823  @$xp$23Activex@PSafeArrayBound
 0001:0002BAA1  @$xp$23Activex@PStatPropSetStg
 0001:0002BAE0  @$xp$23Activex@PVariantArgList
 0001:0002BBE0  @$xp$23Activex@TMethodDataList
 0001:0002BAE0  @$xp$23Activex@TVariantArgList
 0001:00011BA0  @$xp$23Chart@TChartClickSeries
 0001:0002E814  @$xp$23Classes@IDesignerNotify
 0001:0002DEA0  @$xp$23Classes@IStringsAdapter
 0001:0002D2B9  @$xp$23Classes@PStringItemList
 0001:0002D26C  @$xp$23Classes@TCollectionItem
 0001:0002D2BC  @$xp$23Classes@TStringItemList
 0001:00090423  @$xp$23Comctrls@TListItemClass
 0001:00092DF0  @$xp$23Comctrls@TTBButtonEvent
 0001:0008FD5E  @$xp$23Comctrls@TTreeNodeClass
 0001:0007ED28  @$xp$23Controls@PDockNotifyRec
 0001:0007F4D0  @$xp$23Controls@TControlCanvas
 0001:000809BC  @$xp$23Controls@TCustomControl
 0001:0007FA88  @$xp$23Controls@TDockDropEvent
 0001:0007ED28  @$xp$23Controls@TDockNotifyRec
 0001:0007FADC  @$xp$23Controls@TDockOverEvent
 0001:0007EFAC  @$xp$23Controls@TDockTreeClass
 0001:0007F9B0  @$xp$23Controls@TDragDropEvent
 0001:00080BD0  @$xp$23Controls@TDragImageList
 0001:0007F940  @$xp$23Controls@TDragOverEvent
 0001:0007F910  @$xp$23Controls@TKeyPressEvent
 0001:0006EE68  @$xp$23Forms@TControlScrollBar
 0001:0006E0F8  @$xp$23Forms@TCustomFrameClass
 0001:0002C130  @$xp$23Helpintfs@IHelpSelector
 0001:0002BC68  @$xp$23IOleInPlaceActiveObject
 0001:00063F84  @$xp$23Listactns@TGetItemEvent
 0001:0005D4C4  @$xp$23Menus@TMenuItemAutoFlag
 0001:000088DC  @$xp$23Series@TCustomBarSeries
 0001:000593D8  @$xp$23Stdctrls@TButtonControl
 0001:00059AA8  @$xp$23Stdctrls@TCheckBoxState
 0001:0004CF30  @$xp$23System@TContainedObject
 0001:0004CED2  @$xp$23System@TDispatchMessage
 0001:0004CF2E  @$xp$23System@TInterfacedClass
 0001:0003C883  @$xp$23Sysutils@TTerminateProc
 0001:00025870  @$xp$23Tecanvas@TChartArrowPen
 0001:000256EC  @$xp$23Tecanvas@TDottedGrayPen
 0001:000259D4  @$xp$23Tecanvas@TView3DOptions
 0001:000187C0  @$xp$23Teengine@TSeriesOnClear
 0001:000230C8  @$xp$23Teeprocs@TChartGradient
 0001:000115C0  @$xp$24Chart@TCustomChartLegend
 0001:0002D2E0  @$xp$24Classes@TBasicActionLink
 0001:0002D243  @$xp$24Classes@TListSortCompare
 0001:0002DE74  @$xp$24Classes@TOwnedCollection
 0001:0002D269  @$xp$24Classes@TPersistentClass
 0001:000922E4  @$xp$24Comctrls@TCustomListView
 0001:00090A48  @$xp$24Comctrls@TDrawPanelEvent
 0001:0007ED28  @$xp$24Controls@TCMUnDockClient
 0001:0007FC6C  @$xp$24Controls@TCanResizeEvent
 0001:0007F6CC  @$xp$24Controls@TConstraintSize
 0001:00080864  @$xp$24Controls@TGraphicControl
 0001:0007F880  @$xp$24Controls@TMouseMoveEvent
 0001:0007FBB0  @$xp$24Controls@TStartDockEvent
 0001:0007F9FC  @$xp$24Controls@TStartDragEvent
 0001:0007D64C  @$xp$24Dialogs@TFindReplaceFunc
[...]
 0002:000054A4  @_$DCXG$@System@$badd$qqrpxcrx17System@AnsiString
 0002:000054E4  @_$ECTYG$@System@$badd$qqrpxcrx17System@AnsiString
 0002:0000551C  @D2368_1
 0002:0000552C  @_$DCMD$@__LateVCLInit$qqsv
 0002:0000555C  @_$ECTND$@__LateVCLInit$qqsv
 0002:00005588  __indStub:124
 0002:0000558C  __indStub:125
 0002:00005590  __indStub:1519
 0002:00005594  __indStub:1520
 0002:00005598  __indStub:1521
 0002:0000559C  __indStub:1522
 0002:000055A0  __indStub:4628
 0002:000055A4  __indStub:6233
 0002:000055A8  __indStub:6784
 0002:000055AC  __indStub:5776
 0002:000055B0  __indStub:6170
 0002:000055B4  __indStub:6171
 0002:000055B8  __indStub:6172
 0002:000055BC  __indStub:6757
 0002:000055C0  __indStub:6758
 0002:000055C4  __indStub:5739
 0002:000055C8  __indStub:5741
 0002:000055CC  __indStub:6746
 0002:000055D0  __indStub:6747
 0002:000055D4  __indStub:6749
 0002:000055D8  __indStub:6750
 0002:000055DC  __indStub:6751
 0002:000055E0  __indStub:6752
 0002:000055E4  __indStub:6745
 0002:000055E8  __indStub:6760
 0002:000055EC  __indStub:6914
 0002:000055F0  __indStub:6761
 0002:000055F4  __indStub:5737
 0002:000055F8  __indStub:5738
 0002:000055FC  __indStub:6759
 0002:00005600  __indStub:6756
 0002:00005604  __indStub:6744
 0002:00005608  __indStub:6743
 0002:0000560C  __indStub:6748
 0002:00005610  __indStub:5753
 0002:00005614  __indStub:5758
 0002:00005618  __indStub:5757
 0002:0000561C  __indStub:5755
 0002:00005620  __indStub:5756
 0002:00005624  __indStub:5759
 0002:00005628  __indStub:5760
 0002:0000562C  __indStub:5742
 0002:00005630  __indStub:5745
 0002:00005634  __indStub:5746
 0002:00005638  __indStub:5747
 0002:0000563C  __indStub:5748
 0002:00005640  __indStub:5749
 0002:00005644  __indStub:5750
 0002:00005648  __indStub:5751
 0002:0000564C  __indStub:5752
 0002:00005650  __indStub:5754
 0002:00005654  __indStub:6173
 0002:00005658  __indStub:6912
 0002:0000565C  __indStub:6174
 0002:00005660  __indStub:6175
 0002:00005664  __indStub:6176
 0002:00005668  __indStub:6177
 0002:0000566C  __indStub:6178
 0002:00005670  __indStub:6179
 0002:00005674  __indStub:6180
 0002:00005678  __indStub:6913
 0002:0000567C  __indStub:5735
 0002:00005680  __indStub:6753
 0002:00005684  __indStub:5743
 0002:00005688  __indStub:6754
 0002:0000568C  __indStub:6755
 0002:00005690  __indStub:5744
 0002:00005694  __indStub:5736
 0002:00005698  __indStub:5740
 0002:0000569C  __indStub:4602
 0002:000056A0  __indStub:4747
 0002:000056A4  __indStub:10792
 0002:000056A8  __indStub:10771
 0002:000056AC  __indStub:10755
 0002:000056B0  __indStub:10754
 0002:000056B4  __indStub:10766
 0002:000056B8  __indStub:10782
 0002:000056BC  __indStub:10748
 0002:000056C0  __indStub:10746
 0002:000056C4  __indStub:10753
 0002:000056C8  __indStub:4605
 0002:000056CC  __indStub:10757
 0002:000056D0  __indStub:10763
 0002:000056D4  __indStub:10764
 0002:000056D8  __indStub:10762
 0002:000056DC  __indStub:10785
 0002:000056E0  __indStub:10756
 0002:000056E4  __indStub:11161
 0002:000056E8  __indStub:10770
 0002:000056EC  __indStub:11160
 0002:000056F0  __indStub:10767
 0002:000056F4  __indStub:10751
 0002:000056F8  __indStub:10752
 0002:000056FC  __indStub:4607
 0002:00005700  __indStub:10765
 0002:00005704  __indStub:10769
 0002:00005708  __indStub:10760
 0002:0000570C  __indStub:4606
 0002:00005710  __indStub:10750
 0002:00005714  __indStub:10759
 0002:00005718  __indStub:10758
 0002:0000571C  __indStub:10747
 0002:00005720  __indStub:10768
 0002:00005724  __indStub:10761
 0002:00005728  __indStub:10783
 0002:0000572C  __indStub:10784
 0002:00005730  __indStub:12792
 0002:00005734  __indStub:12796
 0002:00005738  __indStub:12797
 0002:0000573C  __indStub:12795
 0002:00005740  __indStub:7219
 0002:00005744  __indStub:4820
 0002:00005748  __indStub:11162
 0002:0000574C  __indStub:4802
 0002:00005750  __indStub:4806
 0002:00005754  __indStub:6960
 0002:00005758  __indStub:6961
 0002:0000575C  __indStub:13483
 0002:00005760  __indStub:13490
 0002:00005764  __indStub:13488
 0002:00005768  __indStub:13494
 0002:0000576C  __indStub:13492
 0002:00005770  __indStub:13493
 0002:00005774  __indStub:13573
 0002:00005778  __indStub:13546
 0002:0000577C  __indStub:13539
 0002:00005780  __indStub:13540
 0002:00005784  __indStub:13541
 0002:00005788  __indStub:13542
 0002:0000578C  __indStub:13543
 0002:00005790  __indStub:13544
 0002:00005794  __indStub:13545
 0002:00005798  __indStub:13547
 0002:0000579C  __indStub:10745
 0002:000057A0  __indStub:13548
 0002:000057A4  __indStub:13549
 0002:000057A8  __indStub:13550
 0002:000057AC  __indStub:13551
 0002:000057B0  __indStub:13552
 0002:000057B4  __indStub:13574
 0002:000057B8  __indStub:13553
 0002:000057BC  __indStub:13554
 0002:000057C0  __indStub:13557
 0002:000057C4  __indStub:13556
 0002:000057C8  __indStub:13555
 0002:000057CC  __indStub:13536
 0002:000057D0  __indStub:13537
 0002:000057D4  __indStub:13486
 0002:000057D8  __indStub:13487
 0002:000057DC  __indStub:13560
 0002:000057E0  __indStub:13570
 0002:000057E4  __indStub:13571
 0002:000057E8  __indStub:13489
 0002:000057EC  __indStub:13561
 0002:000057F0  __indStub:13563
 0002:000057F4  __indStub:13558
 0002:000057F8  __indStub:13559
 0002:000057FC  __indStub:13562
 0002:00005800  __indStub:13565
 0002:00005804  __indStub:13564
 0002:00005808  __indStub:13566
 0002:0000580C  __indStub:13567
 0002:00005810  __indStub:13568
 0002:00005814  __indStub:13569
 0002:00005818  __indStub:13572
 0002:0000581C  __indStub:13580
 0002:00005820  __indStub:13581
 0002:00005824  __indStub:13498
 0002:00005828  __indStub:13499
 0002:0000582C  __indStub:13500
 0002:00005830  __indStub:13501
 0002:00005834  __indStub:13502
 0002:00005838  __indStub:13503
 0002:0000583C  __indStub:13504
 0002:00005840  __indStub:13505
 0002:00005844  __indStub:13506
 0002:00005848  __indStub:13507
 0002:0000584C  __indStub:13508
 0002:00005850  __indStub:13509
 0002:00005854  __indStub:13510
 0002:00005858  __indStub:13511
 0002:0000585C  __indStub:13512
 0002:00005860  __indStub:13513
 0002:00005864  __indStub:13514
 0002:00005868  __indStub:13515
 0002:0000586C  __indStub:13516
 0002:00005870  __indStub:13517
 0002:00005874  __indStub:13518
 0002:00005878  __indStub:13519
 0002:0000587C  __indStub:13520
 0002:00005880  __indStub:13521
 0002:00005884  __indStub:13522
 0002:00005888  __indStub:13523
 0002:0000588C  __indStub:13524
 0002:00005890  __indStub:13525
 0002:00005894  __indStub:13526
 0002:00005898  __indStub:13527
 0002:0000589C  __indStub:13528
 0002:000058A0  __indStub:13529
 0002:000058A4  __indStub:13530
 0002:000058A8  __indStub:13531
 0002:000058AC  __indStub:13532
 0002:000058B0  __indStub:13533
 0002:000058B4  __indStub:13534
 0002:000058B8  __indStub:13535
 0002:000058BC  __indStub:12838
 0002:000058C0  __indStub:13753
 0002:000058C4  __indStub:13755
 0002:000058C8  __indStub:13761
 0002:000058CC  __indStub:13757
 0002:000058D0  __indStub:13736
 0002:000058D4  __indStub:13763
 0002:000058D8  __indStub:13759
 0002:000058DC  __indStub:13767
 0002:000058E0  __indStub:13740
 0002:000058E4  __indStub:13745
 0002:000058E8  __indStub:13751
 0002:000058EC  __indStub:13749
 0002:000058F0  __indStub:13747
 0002:000058F4  __indStub:10884
 0002:000058F8  __indStub:12853
 0002:000058FC  __indStub:13658
 0002:00005900  __indStub:13657
 0002:00005904  __indStub:13660
 0002:00005908  __indStub:13661
 0002:0000590C  __indStub:13659
 0002:00005910  __indStub:12854
 0002:00005914  __indStub:13662
 0002:00005918  __indStub:13663
 0002:0000591C  __indStub:13667
 0002:00005920  __indStub:10895
 0002:00005924  __indStub:80
 0002:00005928  __indStub:82
 0002:0000592C  __indStub:12855
 0002:00005930  __indStub:84
 0002:00005934  __indStub:83
 0002:00005938  __indStub:12843
 0002:0000593C  __indStub:13653
 0002:00005940  __indStub:13054
 0002:00005944  __indStub:13053
 0002:00005948  __indStub:6923
 0002:0000594C  __indStub:127
 0002:00005950  __indStub:1527
 0002:00005954  __indStub:10736
 0002:00005958  __indStub:10729
 0002:0000595C  __indStub:10730
 0002:00005960  __indStub:10731
 0002:00005964  __indStub:14780
 0002:00005968  __indStub:10743
 0002:0000596C  __indStub:19211
 0002:00005970  __indStub:16592
 0002:00005974  __indStub:18606
 0002:00005978  __indStub:18607
 0002:0000597C  __indStub:18608
 0002:00005980  __indStub:18618
 0002:00005984  __indStub:18615
 0002:00005988  __indStub:17512
 0002:0000598C  __indStub:18605
 0002:00005990  __indStub:20326
 0002:00005994  __indStub:19159
 0002:00005998  __indStub:19156
 0002:0000599C  __indStub:19152
 0002:000059A0  __indStub:20325
 0002:000059A4  __indStub:19153
 0002:000059A8  __indStub:19157
 0002:000059AC  __indStub:19158
 0002:000059B0  __indStub:22176
 0002:000059B4  __indStub:17513
 0002:000059B8  __indStub:17514
 0002:000059BC  __indStub:17515
 0002:000059C0  __indStub:19585
 0002:000059C4  __indStub:17511
 0002:000059C8  __indStub:19155
 0002:000059CC  __indStub:20323
 0002:000059D0  __indStub:22363
 0002:000059D4  __indStub:22364
 0002:000059D8  __indStub:22366
 0002:000059DC  __indStub:22367
 0002:000059E0  __indStub:22365
 0002:000059E4  __indStub:22368
 0002:000059E8  __indStub:22371
 0002:000059EC  __indStub:22370
 0002:000059F0  __indStub:22369
 0002:000059F4  __indStub:22372
 0002:000059F8  __indStub:20324
 0002:000059FC  __indStub:18609
 0002:00005A00  __indStub:18610
 0002:00005A04  __indStub:18611
 0002:00005A08  __indStub:18612
 0002:00005A0C  __indStub:19771
 0002:00005A10  __indStub:19772
 0002:00005A14  __indStub:19773
 0002:00005A18  __indStub:19774
 0002:00005A1C  __indStub:19775
 0002:00005A20  __indStub:19776
 0002:00005A24  __indStub:19777
 0002:00005A28  __indStub:19778
 0002:00005A2C  __indStub:19785
 0002:00005A30  __indStub:19779
 0002:00005A34  __indStub:19780
 0002:00005A38  __indStub:19781
 0002:00005A3C  __indStub:19782
 0002:00005A40  __indStub:19783
 0002:00005A44  __indStub:19784
 0002:00005A48  __indStub:17493
 0002:00005A4C  __indStub:17494
 0002:00005A50  __indStub:17495
 0002:00005A54  __indStub:17496
 0002:00005A58  __indStub:17497
 0002:00005A5C  __indStub:17498
 0002:00005A60  __indStub:17499
 0002:00005A64  __indStub:17500
 0002:00005A68  __indStub:17501
 0002:00005A6C  __indStub:17502
 0002:00005A70  __indStub:17503
 0002:00005A74  __indStub:17504
 0002:00005A78  __indStub:17505
 0002:00005A7C  __indStub:17506
 0002:00005A80  __indStub:17507
 0002:00005A84  __indStub:17508
 0002:00005A88  __indStub:17509
 0002:00005A8C  __indStub:17510
 0002:00005A90  __indStub:22179
 0002:00005A94  __indStub:18619
 0002:00005A98  __indStub:16491
 0002:00005A9C  __indStub:19154
 0002:00005AA0  __indStub:20327
 0002:00005AA4  __indStub:20328
 0002:00005AA8  __indStub:20329
 0002:00005AAC  __indStub:20330
 0002:00005AB0  __indStub:22181
 0002:00005AB4  __indStub:11073
 0002:00005AB8  __indStub:1427
 0002:00005ABC  __indStub:5159
 0002:00005AC0  __indStub:5161
 0002:00005AC4  __indStub:5155
 0002:00005AC8  __indStub:8547
 0002:00005ACC  __indStub:8548
 0002:00005AD0  __indStub:8550
 0002:00005AD4  __indStub:8551
 0002:00005AD8  __indStub:8554
 0002:00005ADC  __indStub:8771
 0002:00005AE0  __indStub:8772
 0002:00005AE4  __indStub:8773
 0002:00005AE8  __indStub:8774
 0002:00005AEC  __indStub:13068
 0002:00005AF0  __indStub:13972
 0002:00005AF4  __indStub:22405
 0002:00005AF8  __indStub:22411
 0002:00005AFC  __indStub:22413
 0002:00005B00  __indStub:22415
 0002:00005B04  __indStub:22417
 0002:00005B08  __indStub:22419
 0002:00005B0C  __indStub:20385
 0002:00005B10  __indStub:20387
 0002:00005B14  __indStub:20413
 0002:00005B1C  __TLS_index
 0003:00000000  @Sysinit@B2_2
 0003:00000000  @Sysinit@ModuleIsLib
 0003:00000001  @Sysinit@ModuleIsPackage
 0003:00000002  @Sysinit@ModuleIsCpp
 0003:00000004  @Sysinit@TlsIndex
 0003:00000008  @Sysinit@TlsLast
 0003:0000000C  @Sysinit@HInstance
 0003:00000010  @Sysinit@DllProc
 0003:0000001C  _MainForm
 0003:0000001C  @Main@B4_2
 0003:00000020  @Main@B4_3
 0003:00000024  @Tworkthread@B5_3
 0003:00000028  @Tprogressdlg@B6_2
 0003:00000028  _ProgressDlg
 0003:0000002C  @Tprogressdlg@B6_3
 0003:00000030  @Vdbconsts@B49_1
 0003:00000034  @Dblogdlg@B54_1
 0003:00000038  @Sqltimst@B98_2
 0003:0000003C  @Fmtbcd@B100_2
 0003:00000040  @Db@B101_2
 0003:00000040  @Db@LoginDialogProc
 0003:00000044  @Db@LoginDialogExProc
 0003:00000048  @Db@RemoteLoginDialogProc
 0003:0000004C  @Db@ScreenCursorProc
 0003:00000050  @Db@PasswordDialog
 0003:00000054  @Db@DBScreen
 0003:00000058  @Db@DBApplication
 0003:00000060  @Dbconsts@B118_1
 0003:00000064  @Series@B139_2
 0003:00000068  @Teefunci@B154_1
 0003:0000006C  @Chart@B155_2
 0003:0000006C  @Chart@AnimatedZoomFactor
 0003:00000074  @Chart@TeeZoomMouseButton
 0003:00000075  @Chart@TeeScrollMouseButton
 0003:00000076  @Chart@TeeZoomKeyShift
 0003:00000077  @Chart@TeeScrollKeyShift
 0003:00000078  @Chart@TeeSeriesTypes
 0003:00000080  @Teengine@B161_2
 0003:00000084  @Teeprocs@B162_2
 0003:00000088  @Tecanvas@B166_2
 0003:0000008C  @Teeconst@B167_1
 0003:00000090  @Winspool@B172_1
 0003:00000094  @Wininet@B176_1
 0003:00000098  @Windows@B177_2
 0003:0000009C  @Urlmon@B179_2
 0003:000000A0  @Shlobj@B183_2
 0003:000000A4  @Shellapi@B187_1
 0003:000000A8  @Richedit@B189_1
 0003:000000AC  @Regstr@B191_1
 0003:000000B0  @Multimon@B213_1
 0003:000000B0  @Multimon@GetSystemMetrics
 0003:000000B4  @Multimon@MonitorFromWindow
 0003:000000B8  @Multimon@MonitorFromRect
 0003:000000BC  @Multimon@MonitorFromPoint
 0003:000000C0  @Multimon@GetMonitorInfo
 0003:000000C4  @Multimon@GetMonitorInfoA
 0003:000000C8  @Multimon@GetMonitorInfoW
 0003:000000CC  @Multimon@EnumDisplayMonitors
 0003:000000E4  @Messages@B220_1
 0003:000000E8  @Mapi@B222_2
 0003:000000EC  @Imm@B230_1
 0003:000000F0  @Flatsb@FlatSB_EnableScrollBar
 0003:000000F0  @Flatsb@B234_1
 0003:000000F4  @Flatsb@FlatSB_ShowScrollBar
 0003:000000F8  @Flatsb@FlatSB_GetScrollRange
 0003:000000FC  @Flatsb@FlatSB_GetScrollInfo
 0003:00000100  @Flatsb@FlatSB_GetScrollPos
 0003:00000104  @Flatsb@FlatSB_SetScrollPos
 0003:00000108  @Flatsb@FlatSB_SetScrollInfo
 0003:0000010C  @Flatsb@FlatSB_SetScrollRange
 0003:00000124  @Dlgs@B236_1
 0003:00000128  @Commdlg@B242_1
 0003:0000012C  @Commctrl@B244_1
 0003:00000138  @Activex@B253_2
 0003:0000013C  @Helpintfs@B261_1
 0003:00000144  @Maskutils@B262_2
 0003:00000148  @Classes@B263_2
 0003:00000148  @Classes@GlobalNameSpace
 0003:0000014C  @Classes@IsUniqueGlobalComponentNameProc
 0003:0000018C  @Typinfo@B272_2
 0003:00000190  @Strutils@B274_2
 0003:00000194  @Registry@B280_2
 0003:00000198  @Math@B282_2
 0003:0000019C  @Inifiles@B286_2
 0003:000001A0  @Dateutils@B288_2
 0003:000001A4  @Contnrs@B292_2
 0003:000001A8  @Rtlconsts@B293_1
 0003:000001AC  @Comobj@B294_2
 0003:000001C0  @Comconst@B297_1
 0003:000001C4  @Types@B300_1
 0003:000001C8  @Sysutils@CurrencyString
 0003:000001C8  @Sysutils@B303_2
 0003:000001CC  @Sysutils@CurrencyFormat
 0003:000001CD  @Sysutils@NegCurrFormat
 0003:000001CE  @Sysutils@ThousandSeparator
 0003:000001CF  @Sysutils@DecimalSeparator
 0003:000001D0  @Sysutils@CurrencyDecimals
 0003:000001D1  @Sysutils@DateSeparator
 0003:000001D4  @Sysutils@ShortDateFormat
 0003:000001D8  @Sysutils@LongDateFormat
 0003:000001DC  @Sysutils@TimeSeparator
 0003:000001E0  @Sysutils@TimeAMString
 0003:000001E4  @Sysutils@TimePMString
 0003:000001E8  @Sysutils@ShortTimeFormat
 0003:000001EC  @Sysutils@LongTimeFormat
 0003:000001F0  @Sysutils@ShortMonthNames
 0003:00000220  @Sysutils@LongMonthNames
 0003:00000250  @Sysutils@ShortDayNames
 0003:0000026C  @Sysutils@LongDayNames
 0003:00000288  @Sysutils@SysLocale
 0003:00000296  @Sysutils@ListSeparator
 0003:00000298  @Sysutils@EraNames
 0003:000002B4  @Sysutils@EraYearOffsets
 0003:000002D0  @Sysutils@TrueBoolStrs
 0003:000002D4  @Sysutils@FalseBoolStrs
 0003:000002EC  @Sysconst@B304_1
 0003:000002F0  @Varutils@B306_2
 0003:000002F4  @Variants@B307_2
 0003:000002F4  @Variants@EmptyParam
 0003:00000304  @Variants@VarDispProc
 0003:00000308  @Variants@ClearAnyProc
 0003:0000030C  @Variants@ChangeAnyProc
 0003:00000310  @Variants@RefAnyProc
 0003:00000478  @System@B310_2
 0003:00000478  @System@DispCallByIDProc
 0003:0000047C  @System@ExceptProc
 0003:00000480  @System@ErrorProc
 0003:00000484  @System@ExceptClsProc
 0003:00000488  @System@ExceptObjProc
 0003:0000048C  @System@RaiseExceptionProc
 0003:00000490  @System@RTLUnwindProc
 0003:00000494  @System@ExceptionClass
 0003:00000498  @System@SafeCallErrorProc
 0003:0000049C  @System@AssertErrorProc
 0003:000004A0  @System@ExitProcessProc
 0003:000004A4  @System@AbstractErrorProc
 0003:000004A8  @System@HPrevInst
 0003:000004AC  @System@MainInstance
 0003:000004B0  @System@MainThreadID
 0003:000004B4  @System@IsLibrary
 0003:000004B8  @System@CmdShow
 0003:000004BC  @System@CmdLine
 0003:000004C0  @System@InitProc
 0003:000004C4  @System@ExitProc
 0003:000004C8  @System@IsConsole
 0003:000004C9  @System@IsMultiThread
 0003:000004CA  @System@Test8086
 0003:000004CB  @System@TestFDIV
 0003:000004CC  @System@Input
 0003:00000698  @System@Output
 0003:00000864  @System@ErrOutput
 0003:00000A30  @System@envp
 0003:00000A34  @System@AllocMemCount
 0003:00000A38  @System@AllocMemSize
 0003:00000B8C  @Winhelpviewer@B316_1
 0003:00000B8C  @Winhelpviewer@WinHelpTester
 0003:00000B90  @Winhelpviewer@ViewerName
 0003:00000B9C  @Extactns@B318_2
 0003:00000BAC  @Stdactns@B322_2
 0003:00000BB0  @Imglist@B324_2
 0003:00000BB4  @Actnlist@B326_2
 0003:00000BB8  @Extdlgs@B330_1
 0003:00000BBC  @Toolwin@B332_2
 0003:00000BC0  @Stdctrls@B335_2
 0003:00000BC4  @Printers@B339_2
 0003:00000BC8  @Menus@B349_2
 0003:00000BC8  @Menus@PopupList
 0003:00000BCC  @Menus@ShortCutItems
 0003:00000BD8  @Listactns@B357_1
 0003:00000BDC  @Graphics@SystemPalette16
 0003:00000BDC  @Graphics@B360_2
 0003:00000C3C  @Forms@B361_2
 0003:00000C3C  @Forms@Application
 0003:00000C40  @Forms@Screen
 0003:00000C5C  @Extctrls@B370_2
 0003:00000C60  @Dialogs@B373_2
 0003:00000C9C  @Controls@Mouse
 0003:00000C9C  @Controls@B377_2
 0003:00000CA0  @Controls@NewStyleControls
 0003:00000D1C  @Comstrs@B380_1
 0003:00000D20  @Comctrls@B382_2
 0003:00000D54  @Clipbrd@CF_PICTURE
 0003:00000D54  @Clipbrd@B389_1
 0003:00000D56  @Clipbrd@CF_COMPONENT
 0003:00000D60  @Buttons@B391_2
 0003:00000D90  @Consts@B394_1
 0003:00000D94  @B572_2
 0003:00000D94  __new_handler
 0003:00000D98  ___bad_alloc
 0003:00000D9C  @B594_2
 0003:00000D9C  __bormm_pfn_FreeMem
 0003:00000DA0  __bormm_pfn_GetMem
 0003:00000DA4  __bormm_pfn_ReallocMem
 0003:00000DA8  __bormm_pfn_HeapAddRef
 0003:00000DAC  __bormm_pfn_HeapRelease
 0003:00000DB4  @B622_2
 0003:00000DD8  @B683_2
 0003:00000DD8  @__rwstd@__rw_error_msg_mutex
 0003:00000DF4  @B891_2
 0003:000011FC  @B895_2
 0003:000011FC  __DestructorCountPtr
 0003:00001204  @B901_2
 0003:00001204  __HandlerPtr
 0003:00001208  __UserHandlerPtr
 0003:0000120C  @B1091_1
 0003:0000120C  __pidtab
 0003:000012D4  __handles
 0003:0000139C  @B1167_2
 0003:000013A4  @B1269_2
 0003:000013AC  @B1809_2
 0003:000013AC  __mbctype
 0003:000014B0  __mbcsCodePage
 0003:000014B4  @B1945_2
 0003:000015B4  @B1961_2
 0003:000015D0  @B2055_2
 0003:000015D0  __argv
 0003:000015DC  @B2057_2
 0003:000015E0  @B2059_2
 0003:000015E4  __environ
 0003:000015E4  @B2131_2
 0003:000015EC  __envsize
 0003:000015F0  __env_lock
 0003:000015F4  @B2152_1
 0003:000015F4  __C0argc
 0003:000015F8  __C0argv
 0003:000015FC  __C0environ
 0003:00001600  __oscmd
 0003:00001604  __osenv
 0003:00001608  __argc
 0003:0000160C  __dll_table
 0003:00001614  __ExcRegPtr
 0003:00001618  __wosenv
 0003:0000161C  __woscmd
 0003:00001620  ___exit_lock
 0003:00001624  __wC0argv
 0003:00001628  __wC0environ
 0003:0000162C  __exe_table
 0003:00001634  __stkbase
 0003:00001638  @B2176_2
 0003:00001640  @B2182_2
 0003:00004644  @B2262_2
 0003:00004648  ___pCPPdebugHook
 0004:00000000  @Classes@T263_3
 0004:00000008  @System@T310_3
 0004:00000010  @T895_3
 0004:00000010  ___xxInfo
 0004:000000AC  __stkindex
 0004:000000AC  @T2168_1
 0004:000000B0  __tlsindex
